Component: ARM Compiler 5.06 update 2 (build 183) Tool: armlink [4d35b7]

==============================================================================

Section Cross References

    main.o(i.main) refers to board.o(i.BoardInitPeriph) for BoardInitPeriph
    main.o(i.main) refers to timer_task.o(i.CreateTimerTaskQueue) for CreateTimerTaskQueue
    main.o(i.main) refers to tasks.o(i.xTaskGenericCreate) for xTaskGenericCreate
    main.o(i.main) refers to tasks.o(i.vTaskStartScheduler) for vTaskStartScheduler
    main.o(i.main) refers to timer_task.o(i.TimerTask) for TimerTask
    main.o(i.main) refers to radio_task.o(.data) for xRadioTaskHandle
    main.o(i.main) refers to radio_task.o(i.RadioTask) for RadioTask
    main.o(i.main) refers to uart_task.o(.data) for xUartTaskHandle
    main.o(i.main) refers to uart_task.o(i.UartTask) for UartTask
    main.o(i.vApplicationStackOverflowHook) refers to main.o(.data) for bad_task_handle
    radio_task.o(i.GetCadDetectFlag) refers to radio_task.o(.data) for CadDetectFlag
    radio_task.o(i.GetClassMode) refers to radio_task.o(.data) for LoRaMacDeviceClass
    radio_task.o(i.GetRadioTxAckTimeoutRetryCount) refers to radio_task.o(.data) for TxAckTimeoutRetryCount
    radio_task.o(i.RadioDeTask) refers to queue.o(i.vQueueDelete) for vQueueDelete
    radio_task.o(i.RadioDeTask) refers to tasks.o(i.vTaskDelete) for vTaskDelete
    radio_task.o(i.RadioDeTask) refers to radio_task.o(.data) for Radio_Task_Queue
    radio_task.o(i.RadioTask) refers to queue.o(i.xQueueGenericCreate) for xQueueGenericCreate
    radio_task.o(i.RadioTask) refers to queue.o(i.xQueueGenericReceive) for xQueueGenericReceive
    radio_task.o(i.RadioTask) refers to sx1276.o(i.SX1276SetStby) for SX1276SetStby
    radio_task.o(i.RadioTask) refers to sx1276.o(i.SX1276SetSleep) for SX1276SetSleep
    radio_task.o(i.RadioTask) refers to sx1276.o(i.SX1276IoDeIrqInit) for SX1276IoDeIrqInit
    radio_task.o(i.RadioTask) refers to radio_task.o(i.radioInit) for radioInit
    radio_task.o(i.RadioTask) refers to sx1276.o(i.SX1276GetStatus) for SX1276GetStatus
    radio_task.o(i.RadioTask) refers to heap_4.o(i.vPortFree) for vPortFree
    radio_task.o(i.RadioTask) refers to loramac.o(i.ComputeRxWindowParameters) for ComputeRxWindowParameters
    radio_task.o(i.RadioTask) refers to rt_memclr.o(.text) for __aeabi_memclr4
    radio_task.o(i.RadioTask) refers to rt_memcpy.o(.text) for __aeabi_memcpy
    radio_task.o(i.RadioTask) refers to loramac.o(i.LoRaMacSetNextChannel) for LoRaMacSetNextChannel
    radio_task.o(i.RadioTask) refers to timer_task.o(i.AddTimer) for AddTimer
    radio_task.o(i.RadioTask) refers to loramac.o(i.LoRaMacPrepareFrame) for LoRaMacPrepareFrame
    radio_task.o(i.RadioTask) refers to sx1276.o(i.SX1276GetTimeOnAir) for SX1276GetTimeOnAir
    radio_task.o(i.RadioTask) refers to loramac.o(i.LoRaMacSendFrameOnChannel) for LoRaMacSendFrameOnChannel
    radio_task.o(i.RadioTask) refers to timer_task.o(i.DeleteTimer) for DeleteTimer
    radio_task.o(i.RadioTask) refers to loramac.o(i.GetCadInit) for GetCadInit
    radio_task.o(i.RadioTask) refers to loramac.o(i.GetCadFrequency) for GetCadFrequency
    radio_task.o(i.RadioTask) refers to loramac.o(i.GetCadBandwidth) for GetCadBandwidth
    radio_task.o(i.RadioTask) refers to loramac.o(i.GetCadDatarate) for GetCadDatarate
    radio_task.o(i.RadioTask) refers to loramac.o(i.GetCadPreambleLen) for GetCadPreambleLen
    radio_task.o(i.RadioTask) refers to loramac.o(i.GetCadSymbolTimeout) for GetCadSymbolTimeout
    radio_task.o(i.RadioTask) refers to sx1276.o(i.SX1276SetChannel) for SX1276SetChannel
    radio_task.o(i.RadioTask) refers to sx1276.o(i.SX1276SetRxConfig) for SX1276SetRxConfig
    radio_task.o(i.RadioTask) refers to sx1276.o(i.SX1276Read) for SX1276Read
    radio_task.o(i.RadioTask) refers to sx1276.o(i.SX1276Write) for SX1276Write
    radio_task.o(i.RadioTask) refers to sx1276.o(i.SX1276StartCad) for SX1276StartCad
    radio_task.o(i.RadioTask) refers to radio_task.o(i.__ARM_common_switch8) for __ARM_common_switch8
    radio_task.o(i.RadioTask) refers to loramac.o(i.GetRadioDatarate) for GetRadioDatarate
    radio_task.o(i.RadioTask) refers to loramac.o(i.LoRaMacRxWindowSetup) for LoRaMacRxWindowSetup
    radio_task.o(i.RadioTask) refers to loramac.o(i.LoRaMacRxWindown2Setup) for LoRaMacRxWindown2Setup
    radio_task.o(i.RadioTask) refers to radio_task.o(.data) for Radio_Task_Queue
    radio_task.o(i.RadioTask) refers to radio_task.o(.bss) for RxWindowParams
    radio_task.o(i.RadioTask) refers to radio_task.o(i.RadioTimerCallback) for RadioTimerCallback
    radio_task.o(i.RadioTask) refers to loramac.o(i.LoRaGetUpLinkCounter) for LoRaGetUpLinkCounter
    radio_task.o(i.RadioTask) refers to loramac.o(i.LoRaSetUpLinkCounter) for LoRaSetUpLinkCounter
    radio_task.o(i.RadioTask) refers to heap_4.o(i.pvPortMalloc) for pvPortMalloc
    radio_task.o(i.RadioTask) refers to sx1276.o(i.SX1276ReadFifo) for SX1276ReadFifo
[...]
    xQueueGenericCreate                      0x08013a3b   Thumb Code   112  queue.o(i.xQueueGenericCreate)
    xQueueGenericReceive                     0x08013aab   Thumb Code   368  queue.o(i.xQueueGenericReceive)
    xQueueGenericReset                       0x08013c1b   Thumb Code   126  queue.o(i.xQueueGenericReset)
    xQueueGenericSend                        0x08013c99   Thumb Code   334  queue.o(i.xQueueGenericSend)
    xQueueGenericSendFromISR                 0x08013de7   Thumb Code   178  queue.o(i.xQueueGenericSendFromISR)
    xTaskCheckForTimeOut                     0x08013e99   Thumb Code   106  tasks.o(i.xTaskCheckForTimeOut)
    xTaskGenericCreate                       0x08013f0d   Thumb Code   288  tasks.o(i.xTaskGenericCreate)
    xTaskGetSchedulerState                   0x08014045   Thumb Code    28  tasks.o(i.xTaskGetSchedulerState)
    xTaskIncrementTick                       0x08014069   Thumb Code   274  tasks.o(i.xTaskIncrementTick)
    xTaskPriorityDisinherit                  0x080141a9   Thumb Code   124  tasks.o(i.xTaskPriorityDisinherit)
    xTaskRemoveFromEventList                 0x08014231   Thumb Code   112  tasks.o(i.xTaskRemoveFromEventList)
    xTaskResumeAll                           0x080142b9   Thumb Code   202  tasks.o(i.xTaskResumeAll)
    _get_lc_ctype                            0x08014429   Thumb Code    44  lc_ctype_c.o(locale$$code)
    __aeabi_cdcmple                          0x08014455   Thumb Code     0  dlef.o(x$fpl$dleqf)
    _dcmple                                  0x08014455   Thumb Code    94  dlef.o(x$fpl$dleqf)
    __aeabi_cdrcmple                         0x080144b9   Thumb Code     0  drlef.o(x$fpl$drleqf)
    _drcmple                                 0x080144b9   Thumb Code   100  drlef.o(x$fpl$drleqf)
    __aeabi_fmul                             0x08014521   Thumb Code     0  fmul.o(x$fpl$fmul)
    _fmul                                    0x08014521   Thumb Code   172  fmul.o(x$fpl$fmul)
    __I$use$fp                               0x080145d0   Number         0  usenofp.o(x$fpl$usenofp)
    PP_MESG_PING                             0x08014687   Data           5  uart_task.o(.constdata)
    PP_MESG_DONE                             0x0801468c   Data           5  uart_task.o(.constdata)
    Datarates                                0x08014691   Data           8  loramac.o(.constdata)
    TxPowers                                 0x08014699   Data           6  loramac.o(.constdata)
    GpioMappingTable                         0x08014757   Data          54  at_command_list.o(.constdata)
    CommandList_User                         0x08014908   Data         376  at_command_app.o(.constdata)
    CommandList_Eng                          0x08014a80   Data         504  at_command_app.o(.constdata)
    AHBPrescTable                            0x08014d10   Data          16  system_stm32l0xx.o(.constdata)
    APBPrescTable                            0x08014d20   Data           8  system_stm32l0xx.o(.constdata)
    PLLMulTable                              0x08014d28   Data           9  system_stm32l0xx.o(.constdata)
    RadioRegsInit                            0x08015034   Data          48  sx1276.o(.constdata)
    FskBandwidths                            0x08015064   Data         176  sx1276.o(.constdata)
    Region$$Table$$Base                      0x080156dc   Number         0  anon$$obj.o(Region$$Table)
    Region$$Table$$Limit                     0x080156fc   Number         0  anon$$obj.o(Region$$Table)
    __ctype                                  0x08015709   Data           0  lc_ctype_c.o(locale$$data)
    bad_task_handle                          0x20000000   Data           4  main.o(.data)
    bad_task_name                            0x20000004   Data           4  main.o(.data)
    LoRaMacDeviceClass                       0x20000008   Data           1  radio_task.o(.data)
    FactoryMode                              0x20000009   Data           1  radio_task.o(.data)
    RadioInitFlag                            0x2000000a   Data           1  radio_task.o(.data)
    CadDetectFlag                            0x2000000b   Data           1  radio_task.o(.data)
    xRadioTaskHandle                         0x20000018   Data           4  radio_task.o(.data)
    Timer_Task_Queue                         0x2000001c   Data           4  timer_task.o(.data)
    Timer_Task_Sem                           0x20000020   Data           4  timer_task.o(.data)
    timerRunningFlag                         0x20000024   Data           1  timer_task.o(.data)
    testFlag                                 0x20000028   Data           1  uart_task.o(.data)
    testTimer                                0x2000002c   Data           4  uart_task.o(.data)
    UartTxBuffer                             0x20000030   Data           4  uart_task.o(.data)
    UartRxBuffer                             0x20000034   Data           4  uart_task.o(.data)
    WirelessModule                           0x20000038   Data           1  uart_task.o(.data)
    UartTxBuffer2                            0x2000003c   Data           4  uart_task.o(.data)
    UartRxBuffer2                            0x20000040   Data           4  uart_task.o(.data)
    myStr                                    0x20000044   Data           8  uart_task.o(.data)
    UART2senddata                            0x2000004c   Data           8  uart_task.o(.data)
    cmdNumber                                0x20000054   Data           1  uart_task.o(.data)
    ResetDefaultPinCount                     0x2000005c   Data           1  uart_task.o(.data)
    ResetDefalutTimer                        0x20000060   Data           4  uart_task.o(.data)
    PollingTimer                             0x20000064   Data           4  uart_task.o(.data)
    CheckReplyTimer                          0x20000068   Data           4  uart_task.o(.data)
    CheckReplyTimer2                         0x2000006c   Data           4  uart_task.o(.data)
    CheckReplyTimer3                         0x20000070   Data           4  uart_task.o(.data)
    AdcBat                                   0x20000076   Data           2  uart_task.o(.data)
    stopMotorTimer                           0x20000078   Data           4  uart_task.o(.data)
    xUartTaskHandle                          0x20000080   Data           4  uart_task.o(.data)
    sendData                                 0x20000084   Data           8  uart_task.o(.data)
    receivedLength                           0x2000008c   Data           4  uart_task.o(.data)
    mySensorType                             0x2000009c   Data           4  uart_task.o(.data)
    sensorDataLength                         0x200000a0   Data           1  uart_task.o(.data)
    read_size                                0x200000a1   Data           1  uart_task.o(.data)
    ControlSendData                          0x200000a4   Data           8  uart_task.o(.data)
    UpDetectTimer                            0x200000ac   Data           4  uart_task.o(.data)
    DownDetectTimer                          0x200000b0   Data           4  uart_task.o(.data)
    upFBPin                                  0x200000b4   Data           1  uart_task.o(.data)
    downFBPin                                0x200000b5   Data           1  uart_task.o(.data)
    BTFlag                                   0x200000b6   Data           1  uart_task.o(.data)
    pulseTime                                0x200000b8   Data           4  uart_task.o(.data)
    stop2OnTime                              0x200000bc   Data           4  uart_task.o(.data)
    TXPPLabel                                0x200000c0   Data           5  uart_task.o(.data)
    PingPongMaxTxNumOrRxTimeIdx              0x200000c6   Data           2  uart_task.o(.data)
    PingPongRxCount                          0x200000c8   Data           2  uart_task.o(.data)
    TXPPSlaveSWTimer                         0x200000cc   Data           4  uart_task.o(.data)
    RoutineTaskTimer                         0x200000d0   Data           4  uart_task.o(.data)
    EnterLPMTime                             0x200000d4   Data           1  uart_task.o(.data)
    EnterLPMCount                            0x200000d5   Data           1  uart_task.o(.data)
    BaudRateBackup                           0x200000d8   Data           4  uart_task.o(.data)
    EnterLPMCountTimer                       0x200000dc   Data           4  uart_task.o(.data)
    UartCmd                                  0x200000e0   Data           8  uart_task.o(.data)
    BatVal0                                  0x200000e8   Data           2  uart_task.o(.data)
    i                                        0x200000ec   Data           4  uart_task.o(.data)
    teg                                      0x200000f0   Data           1  uart_task.o(.data)
    readFlag                                 0x200000f1   Data           1  uart_task.o(.data)
    EagleSendData                            0x200000f4   Data           8  uart_task.o(.data)
    EagleTimer                               0x200000fc   Data           4  uart_task.o(.data)
    RxWindow2Timeout                         0x200001bc   Data           4  loramac.o(.data)
    RadioSendData                            0x20000244   Data           8  at_command_list.o(.data)
    RadioTxDelayFlag                         0x2000024c   Data           1  at_command_list.o(.data)
    RadioTxDelayTimer                        0x20000250   Data           4  at_command_list.o(.data)
    DTTXTimer                                0x20000254   Data           4  at_command_list.o(.data)
    At2Config                                0x20000258   Data           1  at_command_list.o(.data)
    EEPROM_KEY                               0x20000259   Data          16  at_command_list.o(.data)
    TXPPRunningFlag                          0x20000269   Data           1  at_command_list.o(.data)
    TXCMRunningFlag                          0x2000026a   Data           1  at_command_list.o(.data)
    FreeHeapSize                             0x2000026c   Data           4  at_command_list.o(.data)
    commandBuffer_previous                   0x20000270   Data           8  at_command_app.o(.data)
    batteryCal                               0x2000027e   Data           2  board.o(.data)
    PA_enable                                0x20000280   Data           1  board.o(.data)
    RtcInitFlag                              0x2000028c   Data           1  rtc-board.o(.data)
    UART1RxBuffer                            0x20000294   Data           1  uart-board.o(.data)
    UART2RxBuffer                            0x20000295   Data           1  uart-board.o(.data)
    UartReady                                0x20000296   Data           1  uart-board.o(.data)
    UartBusy                                 0x20000297   Data           1  uart-board.o(.data)
    uwTick                                   0x20000298   Data           4  stm32l0xx_hal.o(.data)
    SystemCoreClock                          0x2000029c   Data           4  system_stm32l0xx.o(.data)
    pxCurrentTCB                             0x200002a4   Data           4  tasks.o(.data)
    DioIrq                                   0x200002f8   Data          24  sx1276.o(.data)
    SX1276_ID                                0x20000310   Data           2  sx1276.o(.data)
    RSSI_cal_HF                              0x20000312   Data           2  sx1276.o(.data)
    RSSI_cal_LF                              0x20000314   Data           2  sx1276.o(.data)
    LoRaMacSendBuffer                        0x20000320   Data         256  radio_task.o(.bss)
    RadioSWTimer                             0x20000420   Data          28  radio_task.o(.bss)
    TimerArray                               0x2000044c   Data         240  timer_task.o(.bss)
    testBuff                                 0x2000053c   Data          80  uart_task.o(.bss)
    Uart1                                    0x2000058c   Data          84  uart_task.o(.bss)
    Uart2                                    0x200005e0   Data          84  uart_task.o(.bss)
    UartPort                                 0x20000634   Data         168  uart_task.o(.bss)
    sensorData                               0x20000824   Data          24  uart_task.o(.bss)
    read_buff                                0x2000083c   Data          32  uart_task.o(.bss)
    Uart1RxInterrupt                         0x2000085c   Data          12  uart_task.o(.bss)
    ioIn0                                    0x20000868   Data          12  uart_task.o(.bss)
    ioIn1                                    0x20000874   Data          12  uart_task.o(.bss)
    ioIn2                                    0x20000880   Data          12  uart_task.o(.bss)
    ioIn3                                    0x2000088c   Data          12  uart_task.o(.bss)
    ioOut4                                   0x20000898   Data          12  uart_task.o(.bss)
    ioOut5                                   0x200008a4   Data          12  uart_task.o(.bss)
    ioOut6                                   0x200008b0   Data          12  uart_task.o(.bss)
    ioOut7                                   0x200008bc   Data          12  uart_task.o(.bss)
    EagleAppdata                             0x200008c8   Data          34  uart_task.o(.bss)
    RadioRxData                              0x20000d18   Data          16  at_command_list.o(.bss)
    NodeConfig                               0x20000d28   Data         172  at_command_list.o(.bss)
    AtConfig                                 0x20000dd4   Data          40  at_command_list.o(.bss)
    EngConfig1                               0x20000dfc   Data          23  at_command_list.o(.bss)
    UserConfig1                              0x20000e14   Data          16  at_command_list.o(.bss)
    RxConfig                                 0x20000e24   Data          16  at_command_list.o(.bss)
    OthersConfig                             0x20000e34   Data          60  at_command_list.o(.bss)
    LoRaWanConfig                            0x20000e70   Data         149  at_command_list.o(.bss)
    SensorConfig                             0x20000f05   Data          72  at_command_list.o(.bss)
    Adc                                      0x20000f50   Data          96  adc-board.o(.bss)
    Tim3Handle                               0x20000ff0   Data          56  hwtimer-board.o(.bss)
    RtcHandle                                0x20001028   Data          36  rtc-board.o(.bss)
    ioPin_cs                                 0x2000104c   Data          12  spi-board.o(.bss)
    SPI_BASE                                 0x20001058   Data          88  spi-board.o(.bss)
    ioPin_nss                                0x200010b0   Data          12  spi-board.o(.bss)
    ioPin_nss1                               0x200010bc   Data          12  spi-board.o(.bss)
    SPI_BASE1                                0x200010c8   Data          88  spi-board.o(.bss)
    Uart1Handle                              0x20001120   Data         112  uart-board.o(.bss)
    Uart2Handle                              0x20001190   Data         112  uart-board.o(.bss)
    ProcFlash                                0x20001200   Data          24  stm32l0xx_hal_flash.o(.bss)
    SX1276                                   0x20003b08   Data         176  sx1276.o(.bss)
    SX1276ResetPin                           0x20003bb8   Data          12  sx1276.o(.bss)
    AntSwitchLf                              0x20003bc4   Data          12  sx1276.o(.bss)
    AntSwitchHf                              0x20003bd0   Data          12  sx1276.o(.bss)
    AntPA                                    0x20003bdc   Data          12  sx1276.o(.bss)
    __libspace_start                         0x20003be8   Data          96  libspace.o(.bss)
    __temporary_stack_top$libspace           0x20003c48   Data           0  libspace.o(.bss)



==============================================================================

Memory Map of the image

  Image Entry point : 0x080000c1

  Load Region LR_IROM1 (Base: 0x08000000, Size: 0x00015b2c, Max: 0x00030000, ABSOLUTE, COMPRESSED[0x000158c4])

    Execution Region ER_IROM1 (Base: 0x08000000, Size: 0x0001580c, Max: 0x00030000, ABSOLUTE)

    Base Addr    Size         Type   Attr      Idx    E Section Name        Object

    0x08000000   0x000000c0   Data   RO         6216    RESET               startup_stm32l073xx.o
    0x080000c0   0x00000008   Code   RO         8050  * !!!main             c_p.l(__main.o)
    0x080000c8   0x0000003c   Code   RO         8314    !!!scatter          c_p.l(__scatter.o)
    0x08000104   0x0000001c   Code   RO         8316    !!handler_zi        c_p.l(__scatter_zi.o)
    0x08000120   0x00000002   Code   RO         8009    .ARM.Collect$$_printf_percent$$00000000  c_p.l(_printf_percent.o)
    0x08000122   0x0000000a   Code   RO         8008    .ARM.Collect$$_printf_percent$$00000009  c_p.l(_printf_d.o)
    0x0800012c   0x0000000a   Code   RO         8007    .ARM.Collect$$_printf_percent$$0000000C  c_p.l(_printf_x.o)
    0x08000136   0x0000000a   Code   RO         8006    .ARM.Collect$$_printf_percent$$00000014  c_p.l(_printf_s.o)
    0x08000140   0x00000004   Code   RO         8122    .ARM.Collect$$_printf_percent$$00000017  c_p.l(_printf_percent_end.o)
    0x08000144   0x00000002   Code   RO         8182    .ARM.Collect$$libinit$$00000000  c_p.l(libinit.o)
    0x08000146   0x00000000   Code   RO         8184    .ARM.Collect$$libinit$$00000002  c_p.l(libinit2.o)
    0x08000146   0x00000000   Code   RO         8186    .ARM.Collect$$libinit$$00000004  c_p.l(libinit2.o)
    0x08000146   0x00000000   Code   RO         8189    .ARM.Collect$$libinit$$0000000A  c_p.l(libinit2.o)
    0x08000146   0x00000000   Code   RO         8191    .ARM.Collect$$libinit$$0000000C  c_p.l(libinit2.o)
    0x08000146   0x00000000   Code   RO         8193    .ARM.Collect$$libinit$$0000000E  c_p.l(libinit2.o)
    0x08000146   0x00000006   Code   RO         8194    .ARM.Collect$$libinit$$0000000F  c_p.l(libinit2.o)
    0x0800014c   0x00000000   Code   RO         8196    .ARM.Collect$$libinit$$00000011  c_p.l(libinit2.o)
    0x0800014c   0x0000000c   Code   RO         8197    .ARM.Collect$$libinit$$00000012  c_p.l(libinit2.o)
    0x08000158   0x00000000   Code   RO         8198    .ARM.Collect$$libinit$$00000013  c_p.l(libinit2.o)
    0x08000158   0x00000000   Code   RO         8200    .ARM.Collect$$libinit$$00000015  c_p.l(libinit2.o)
    0x08000158   0x00000000   Code   RO         8202    .ARM.Collect$$libinit$$00000017  c_p.l(libinit2.o)
    0x08000158   0x00000000   Code   RO         8204    .ARM.Collect$$libinit$$00000019  c_p.l(libinit2.o)
    0x08000158   0x00000000   Code   RO         8206    .ARM.Collect$$libinit$$0000001B  c_p.l(libinit2.o)
    0x08000158   0x00000000   Code   RO         8208    .ARM.Collect$$libinit$$0000001D  c_p.l(libinit2.o)
    0x08000158   0x00000000   Code   RO         8210    .ARM.Collect$$libinit$$0000001F  c_p.l(libinit2.o)
    0x08000158   0x00000000   Code   RO         8212    .ARM.Collect$$libinit$$00000021  c_p.l(libinit2.o)
    0x08000158   0x00000000   Code   RO         8214    .ARM.Collect$$libinit$$00000023  c_p.l(libinit2.o)
    0x08000158   0x00000000   Code   RO         8216    .ARM.Collect$$libinit$$00000025  c_p.l(libinit2.o)
    0x08000158   0x00000000   Code   RO         8220    .ARM.Collect$$libinit$$0000002C  c_p.l(libinit2.o)
    0x08000158   0x00000000   Code   RO         8222    .ARM.Collect$$libinit$$0000002E  c_p.l(libinit2.o)
    0x08000158   0x00000000   Code   RO         8224    .ARM.Collect$$libinit$$00000030  c_p.l(libinit2.o)
    0x08000158   0x00000000   Code   RO         8226    .ARM.Collect$$libinit$$00000032  c_p.l(libinit2.o)
    0x08000158   0x00000002   Code   RO         8227    .ARM.Collect$$libinit$$00000033  c_p.l(libinit2.o)
    0x0800015a   0x00000002   Code   RO         8277    .ARM.Collect$$libshutdown$$00000000  c_p.l(libshutdown.o)
    0x0800015c   0x00000000   Code   RO         8295    .ARM.Collect$$libshutdown$$00000002  c_p.l(libshutdown2.o)
    0x0800015c   0x00000000   Code   RO         8297    .ARM.Collect$$libshutdown$$00000004  c_p.l(libshutdown2.o)
    0x0800015c   0x00000000   Code   RO         8300    .ARM.Collect$$libshutdown$$00000007  c_p.l(libshutdown2.o)
    0x0800015c   0x00000000   Code   RO         8303    .ARM.Collect$$libshutdown$$0000000A  c_p.l(libshutdown2.o)
    0x0800015c   0x00000000   Code   RO         8305    .ARM.Collect$$libshutdown$$0000000C  c_p.l(libshutdown2.o)
    0x0800015c   0x00000000   Code   RO         8308    .ARM.Collect$$libshutdown$$0000000F  c_p.l(libshutdown2.o)
    0x0800015c   0x00000002   Code   RO         8309    .ARM.Collect$$libshutdown$$00000010  c_p.l(libshutdown2.o)
    0x0800015e   0x00000000   Code   RO         8096    .ARM.Collect$$rtentry$$00000000  c_p.l(__rtentry.o)
    0x0800015e   0x00000000   Code   RO         8136    .ARM.Collect$$rtentry$$00000002  c_p.l(__rtentry2.o)
    0x0800015e   0x00000006   Code   RO         8148    .ARM.Collect$$rtentry$$00000004  c_p.l(__rtentry4.o)
    0x08000164   0x00000000   Code   RO         8138    .ARM.Collect$$rtentry$$00000009  c_p.l(__rtentry2.o)
    0x08000164   0x00000004   Code   RO         8139    .ARM.Collect$$rtentry$$0000000A  c_p.l(__rtentry2.o)
    0x08000168   0x00000000   Code   RO         8141    .ARM.Collect$$rtentry$$0000000C  c_p.l(__rtentry2.o)
    0x08000168   0x00000008   Code   RO         8142    .ARM.Collect$$rtentry$$0000000D  c_p.l(__rtentry2.o)
    0x08000170   0x00000002   Code   RO         8231    .ARM.Collect$$rtexit$$00000000  c_p.l(rtexit.o)
    0x08000172   0x00000000   Code   RO         8246    .ARM.Collect$$rtexit$$00000002  c_p.l(rtexit2.o)
    0x08000172   0x00000004   Code   RO         8247    .ARM.Collect$$rtexit$$00000003  c_p.l(rtexit2.o)
    0x08000176   0x00000006   Code   RO         8248    .ARM.Collect$$rtexit$$00000004  c_p.l(rtexit2.o)
    0x0800017c   0x00000070   Code   RO         7142    .emb_text           port.o
    0x080001ec   0x00000038   Code   RO         8028    .emb_text           c_p.l(rt_memcpy.o)
    0x08000224   0x00000038   Code   RO         6217    .text               startup_stm32l073xx.o
    0x0800025c   0x00000102   Code   RO         7951    .text               c_p.l(lludiv.o)
    0x0800035e   0x00000002   PAD
    0x08000360   0x00000028   Code   RO         7955    .text               c_p.l(noretval__2sprintf.o)
    0x08000388   0x0000004e   Code   RO         7959    .text               c_p.l(_printf_pad.o)
    0x080003d6   0x00000052   Code   RO         7961    .text               c_p.l(_printf_str.o)
    0x08000428   0x0000006c   Code   RO         7963    .text               c_p.l(_printf_dec.o)
    0x08000494   0x00000058   Code   RO         7968    .text               c_p.l(_printf_hex_int.o)
    0x080004ec   0x00000138   Code   RO         7998    .text               c_p.l(__printf_flags_wp.o)
    0x08000624   0x00000070   Code   RO         8010    .text               c_p.l(strtol.o)
    0x08000694   0x00000076   Code   RO         8012    .text               c_p.l(strtoul.o)
    0x0800070a   0x0000005a   Code   RO         8014    .text               c_p.l(memcmp.o)
    0x08000764   0x0000002e   Code   RO         8018    .text               c_p.l(strncasecmp.o)
    0x08000792   0x00000026   Code   RO         8020    .text               c_p.l(strcasecmp.o)
    0x080007b8   0x00000044   Code   RO         8022    .text               c_p.l(strlen.o)
    0x080007fc   0x000000a0   Code   RO         8024    .text               c_p.l(strncmp.o)
    0x0800089c   0x00000018   Code   RO         8026    .text               c_p.l(strcat.o)
    0x080008b4   0x00000082   Code   RO         8029    .text               c_p.l(rt_memcpy.o)
    0x08000936   0x00000012   Code   RO         8032    .text               c_p.l(aeabi_memset.o)
    0x08000948   0x00000040   Code   RO         8034    .text               c_p.l(rt_memclr.o)
    0x08000988   0x0000006c   Code   RO         8036    .text               c_p.l(strncpy.o)
    0x080009f4   0x00000088   Code   RO         8038    .text               c_p.l(strcmp.o)
    0x08000a7c   0x00000022   Code   RO         8040    .text               c_p.l(uread4.o)
    0x08000a9e   0x00000010   Code   RO         8042    .text               c_p.l(uwrite4.o)
    0x08000aae   0x0000015a   Code   RO         8044    .text               c_p.l(aeabi_sdiv.o)
    0x08000c08   0x00000006   Code   RO         8048    .text               c_p.l(heapauxi.o)
    0x08000c0e   0x00000002   PAD
    0x08000c10   0x0000007c   Code   RO         8052    .text               fz_ps.l(d2f.o)
    0x08000c8c   0x00000358   Code   RO         8054    .text               fz_ps.l(daddsub.o)
    0x08000fe4   0x00000448   Code   RO         8056    .text               fz_ps.l(ddiv.o)
    0x0800142c   0x0000006c   Code   RO         8059    .text               fz_ps.l(dfixi.o)
    0x08001498   0x00000048   Code   RO         8061    .text               fz_ps.l(dfixui.o)
    0x080014e0   0x00000058   Code   RO         8063    .text               fz_ps.l(dflti.o)
    0x08001538   0x00000084   Code   RO         8065    .text               fz_ps.l(dfltl.o)
    0x080015bc   0x00000248   Code   RO         8069    .text               fz_ps.l(dmul.o)
    0x08001804   0x00000160   Code   RO         8075    .text               fz_ps.l(fdiv.o)
    0x08001964   0x0000004c   Code   RO         8078    .text               fz_ps.l(ffixi.o)
    0x080019b0   0x00000030   Code   RO         8080    .text               fz_ps.l(ffixui.o)
    0x080019e0   0x0000005e   Code   RO         8082    .text               fz_ps.l(fflti.o)
    0x08001a3e   0x00000002   PAD
    0x08001a40   0x00000010   Code   RO         8097    .text               c_p.l(rt_ctype_table.o)
    0x08001a50   0x00000008   Code   RO         8110    .text               c_p.l(rt_errno_addr_intlibspace.o)
    0x08001a58   0x0000001a   Code   RO         8112    .text               c_p.l(tolower.o)
    0x08001a72   0x000000b0   Code   RO         8114    .text               c_p.l(_printf_intcommon.o)
    0x08001b22   0x00000002   PAD
    0x08001b24   0x00000030   Code   RO         8116    .text               c_p.l(_printf_char_common.o)
    0x08001b54   0x0000000a   Code   RO         8118    .text               c_p.l(_sputc.o)
    0x08001b5e   0x0000002e   Code   RO         8120    .text               c_p.l(_printf_char.o)
    0x08001b8c   0x000000a6   Code   RO         8123    .text               c_p.l(_strtoul.o)
    0x08001c32   0x00000028   Code   RO         8125    .text               c_p.l(rtudiv10.o)
    0x08001c5a   0x00000002   PAD
    0x08001c5c   0x00000090   Code   RO         8127    .text               fz_ps.l(dcmpin.o)
    0x08001cec   0x000000f0   Code   RO         8129    .text               fz_ps.l(drnd.o)
    0x08001ddc   0x00000008   Code   RO         8132    .text               c_p.l(libspace.o)
    0x08001de4   0x00000008   Code   RO         8155    .text               c_p.l(rt_locale_intlibspace.o)
    0x08001dec   0x0000001e   Code   RO         8159    .text               c_p.l(_chval.o)
    0x08001e0a   0x0000002e   Code   RO         8164    .text               fz_ps.l(cmpret.o)
    0x08001e38   0x00000014   Code   RO         8166    .text               fz_ps.l(dnan2.o)
    0x08001e4c   0x0000003e   Code   RO         8168    .text               c_p.l(sys_stackheap_outer.o)
    0x08001e8a   0x00000010   Code   RO         8171    .text               c_p.l(exit.o)
    0x08001e9a   0x0000005e   Code   RO         8228    .text               fz_ps.l(retnan.o)
    0x08001ef8   0x0000000c   Code   RO         8243    .text               c_p.l(sys_exit.o)
    0x08001f04   0x00000002   Code   RO         8264    .text               c_p.l(use_no_semi.o)
    0x08001f06   0x00000000   Code   RO         8266    .text               c_p.l(indicate_semi.o)
    0x08001f06   0x00000056   Code   RO         8312    .text               c_p.l(__dczerorl2.o)
    0x08001f5c   0x0000006c   Code   RO         3004    i.ADC_ConversionStop  stm32l0xx_hal_adc.o
    0x08001fc8   0x0000002c   Code   RO         3008    i.ADC_DelayMicroSecond  stm32l0xx_hal_adc.o
    0x08001ff4   0x0000009c   Code   RO         3009    i.ADC_Disable       stm32l0xx_hal_adc.o
    0x08002090   0x000000a4   Code   RO         3010    i.ADC_Enable        stm32l0xx_hal_adc.o
    0x08002134   0x000001c4   Code   RO         6504    i.AES_CMAC_Final    cmac.o
    0x080022f8   0x00000020   Code   RO         6505    i.AES_CMAC_Init     cmac.o
    0x08002318   0x00000012   Code   RO         6506    i.AES_CMAC_SetKey   cmac.o
    0x0800232a   0x000000f2   Code   RO         6507    i.AES_CMAC_Update   cmac.o
    0x0800241c   0x000000e4   Code   RO         1924    i.ATCommandParser   at_command_app.o
    0x08002500   0x00000050   Code   RO         2101    i.AdcFormat         adc-board.o
    0x08002550   0x00000026   Code   RO         2102    i.AdcInit           adc-board.o
    0x08002576   0x00000002   PAD
    0x08002578   0x000000c0   Code   RO         2103    i.AdcRead           adc-board.o
    0x08002638   0x000000a4   Code   RO          453    i.AddTimer          timer_task.o
    0x080026dc   0x00000026   Code   RO          525    i.BatDetect         uart_task.o
    0x08002702   0x00000002   PAD
    0x08002704   0x00000090   Code   RO         2143    i.BoardGetEEPROMKey  board.o
    0x08002794   0x0000000c   Code   RO         2144    i.BoardGetPAEnable  board.o
    0x080027a0   0x00000034   Code   RO         2146    i.BoardInitPeriph   board.o
    0x080027d4   0x0000000c   Code   RO         2148    i.BoardSetPAEnable  board.o
    0x080027e0   0x0000001c   Code   RO          526    i.CheckMotorReplyCallback  uart_task.o
    0x080027fc   0x0000004c   Code   RO          527    i.CheckSensor1ReplyCallback  uart_task.o
    0x08002848   0x00000064   Code   RO          528    i.CheckSensor2ReplyCallback  uart_task.o
    0x080028ac   0x00000054   Code   RO          529    i.CheckSensor3ReplyCallback  uart_task.o
    0x08002900   0x00000020   Code   RO         2104    i.Clean_CHSEL_Flags  adc-board.o
    0x08002920   0x000000dc   Code   RO          958    i.ComputeRxWindowParameters  loramac.o
    0x080029fc   0x00000010   Code   RO          530    i.CountLPMCallback  uart_task.o
    0x08002a0c   0x00000040   Code   RO          454    i.CreateTimerTaskQueue  timer_task.o
    0x08002a4c   0x00000044   Code   RO          531    i.DeInitMyPin       uart_task.o
    0x08002a90   0x00000080   Code   RO          455    i.DeleteTimer       timer_task.o
    0x08002b10   0x00000080   Code   RO          532    i.DetectResetDefaultCallback  uart_task.o
    0x08002b90   0x00000090   Code   RO          533    i.DownFBRiseCallback  uart_task.o
    0x08002c20   0x00000010   Code   RO         2258    i.EXTI0_1_IRQHandler  gpio-board.o
    0x08002c30   0x00000010   Code   RO         2259    i.EXTI2_3_IRQHandler  gpio-board.o
    0x08002c40   0x0000005c   Code   RO         2260    i.EXTI4_15_IRQHandler  gpio-board.o
    0x08002c9c   0x00000054   Code   RO          534    i.EagleUartSend     uart_task.o
    0x08002cf0   0x0000003c   Code   RO         1227    i.EncryptConfigToEEPROM  at_command_list.o
    0x08002d2c   0x00000020   Code   RO         1925    i.EngineerMode      at_command_app.o
    0x08002d4c   0x00000010   Code   RO         3443    i.FLASH_Program_Word  stm32l0xx_hal_flash.o
    0x08002d5c   0x000000cc   Code   RO         3444    i.FLASH_SetErrorCode  stm32l0xx_hal_flash.o
    0x08002e28   0x000000bc   Code   RO         3445    i.FLASH_WaitForLastOperation  stm32l0xx_hal_flash.o
    0x08002ee4   0x00000008   Code   RO         6240    i.FifoFlush         fifo.o
    0x08002eec   0x0000000c   Code   RO         6241    i.FifoInit          fifo.o
    0x08002ef8   0x00000012   Code   RO         6242    i.FifoNext          fifo.o
    0x08002f0a   0x0000001e   Code   RO         6243    i.FifoPop           fifo.o
    0x08002f28   0x00000018   Code   RO         6244    i.FifoPush          fifo.o
    0x08002f40   0x00000014   Code   RO         1228    i.GetAtConfig       at_command_list.o
    0x08002f54   0x0000000c   Code   RO          959    i.GetCadBandwidth   loramac.o
    0x08002f60   0x0000000c   Code   RO          961    i.GetCadDatarate    loramac.o
    0x08002f6c   0x0000000c   Code   RO          962    i.GetCadFrequency   loramac.o
    0x08002f78   0x0000000c   Code   RO          963    i.GetCadInit        loramac.o
    0x08002f84   0x0000000c   Code   RO          964    i.GetCadPreambleLen  loramac.o
    0x08002f90   0x0000000c   Code   RO          965    i.GetCadSymbolTimeout  loramac.o
    0x08002f9c   0x00000040   Code   RO         1229    i.GetEEPROMConfig   at_command_list.o
    0x08002fdc   0x00000034   Code   RO         7587    i.GetFskBandwidthRegValue  sx1276.o
    0x08003010   0x00000038   Code   RO         1230    i.GetLowPowerModeFlag  at_command_list.o
    0x08003048   0x00000070   Code   RO         1231    i.GetPinVoltage     at_command_list.o
    0x080030b8   0x0000003c   Code   RO         1232    i.GetProductionTestCommand  at_command_list.o
    0x080030f4   0x0000000c   Code   RO          966    i.GetRadioDatarate  loramac.o
    0x08003100   0x0000000c   Code   RO          238    i.GetRadioTxAckTimeoutRetryCount  radio_task.o
    0x0800310c   0x0000003c   Code   RO          456    i.GetRemainTime     timer_task.o
    0x08003148   0x00000028   Code   RO         1233    i.GetReporterMode   at_command_list.o
    0x08003170   0x00000018   Code   RO         1234    i.GetSensorConfig   at_command_list.o
    0x08003188   0x000000b4   Code   RO          535    i.GetSensorDataCallback  uart_task.o
    0x0800323c   0x00000032   Code   RO         1235    i.GetTXCMData       at_command_list.o
    0x0800326e   0x0000005c   Code   RO         1236    i.GetTXPPData       at_command_list.o
    0x080032ca   0x00000002   PAD
    0x080032cc   0x0000002c   Code   RO         2261    i.GpioDisableInterrupt  gpio-board.o
    0x080032f8   0x00000168   Code   RO         2262    i.GpioInit          gpio-board.o
    0x08003460   0x00000022   Code   RO         2263    i.GpioReadInput     gpio-board.o
    0x08003482   0x00000002   PAD
    0x08003484   0x00000148   Code   RO         2264    i.GpioSetInterrupt  gpio-board.o
    0x080035cc   0x00000224   Code   RO         1238    i.GpioTest          at_command_list.o
    0x080037f0   0x0000002c   Code   RO         2265    i.GpioWrite         gpio-board.o
    0x0800381c   0x000000b8   Code   RO         3187    i.HAL_ADCEx_Calibration_Start  stm32l0xx_hal_adc_ex.o
    0x080038d4   0x00000148   Code   RO         3012    i.HAL_ADC_ConfigChannel  stm32l0xx_hal_adc.o
    0x08003a1c   0x000000d4   Code   RO         3015    i.HAL_ADC_DeInit    stm32l0xx_hal_adc.o
    0x08003af0   0x00000006   Code   RO         3018    i.HAL_ADC_GetState  stm32l0xx_hal_adc.o
    0x08003af6   0x00000008   Code   RO         3019    i.HAL_ADC_GetValue  stm32l0xx_hal_adc.o
    0x08003afe   0x00000002   PAD
    0x08003b00   0x00000234   Code   RO         3021    i.HAL_ADC_Init      stm32l0xx_hal_adc.o
    0x08003d34   0x00000002   Code   RO         3023    i.HAL_ADC_MspDeInit  stm32l0xx_hal_adc.o
    0x08003d36   0x00000002   Code   RO         3024    i.HAL_ADC_MspInit   stm32l0xx_hal_adc.o
    0x08003d38   0x000000e4   Code   RO         3025    i.HAL_ADC_PollForConversion  stm32l0xx_hal_adc.o
    0x08003e1c   0x00000078   Code   RO         3027    i.HAL_ADC_Start     stm32l0xx_hal_adc.o
    0x08003e94   0x00000050   Code   RO         3030    i.HAL_ADC_Stop      stm32l0xx_hal_adc.o
    0x08003ee4   0x00000014   Code   RO         3565    i.HAL_FLASHEx_DATAEEPROM_DisableFixedTimeProgram  stm32l0xx_hal_flash_ex.o
    0x08003ef8   0x00000014   Code   RO         3566    i.HAL_FLASHEx_DATAEEPROM_EnableFixedTimeProgram  stm32l0xx_hal_flash_ex.o
    0x08003f0c   0x00000014   Code   RO         3449    i.HAL_FLASH_Lock    stm32l0xx_hal_flash.o
    0x08003f20   0x00000054   Code   RO         3454    i.HAL_FLASH_Program  stm32l0xx_hal_flash.o
    0x08003f74   0x0000004c   Code   RO         3456    i.HAL_FLASH_Unlock  stm32l0xx_hal_flash.o
    0x08003fc0   0x00000128   Code   RO         3773    i.HAL_GPIO_DeInit   stm32l0xx_hal_gpio.o
    0x080040e8   0x00000030   Code   RO         2266    i.HAL_GPIO_EXTI_Callback  gpio-board.o
    0x08004118   0x00000020   Code   RO         3775    i.HAL_GPIO_EXTI_IRQHandler  stm32l0xx_hal_gpio.o
    0x08004138   0x000001f8   Code   RO         3776    i.HAL_GPIO_Init     stm32l0xx_hal_gpio.o
    0x08004330   0x00000012   Code   RO         3778    i.HAL_GPIO_ReadPin  stm32l0xx_hal_gpio.o
    0x08004342   0x0000000c   Code   RO         3780    i.HAL_GPIO_WritePin  stm32l0xx_hal_gpio.o
    0x0800434e   0x00000002   PAD
    0x08004350   0x0000000c   Code   RO         2850    i.HAL_GetTick       stm32l0xx_hal.o
    0x0800435c   0x00000010   Code   RO         2851    i.HAL_IncTick       stm32l0xx_hal.o
    0x0800436c   0x00000020   Code   RO         2852    i.HAL_Init          stm32l0xx_hal.o
    0x0800438c   0x00000028   Code   RO         2853    i.HAL_InitTick      stm32l0xx_hal.o
    0x080043b4   0x00000002   Code   RO         4213    i.HAL_MspInit       stm32l0xx_hal_msp_template.o
    0x080043b6   0x00000002   PAD
    0x080043b8   0x00000018   Code   RO         3271    i.HAL_NVIC_DisableIRQ  stm32l0xx_hal_cortex.o
    0x080043d0   0x00000018   Code   RO         3272    i.HAL_NVIC_EnableIRQ  stm32l0xx_hal_cortex.o
    0x080043e8   0x00000012   Code   RO         3276    i.HAL_NVIC_SetPriority  stm32l0xx_hal_cortex.o
    0x080043fa   0x00000002   PAD
    0x080043fc   0x00000014   Code   RO         4257    i.HAL_PWR_EnableBkUpAccess  stm32l0xx_hal_pwr.o
    0x08004410   0x00000270   Code   RO         4521    i.HAL_RCCEx_PeriphCLKConfig  stm32l0xx_hal_rcc_ex.o
    0x08004680   0x000001f8   Code   RO         4417    i.HAL_RCC_ClockConfig  stm32l0xx_hal_rcc.o
    0x08004878   0x0000000c   Code   RO         4421    i.HAL_RCC_GetHCLKFreq  stm32l0xx_hal_rcc.o
    0x08004884   0x0000012c   Code   RO         4422    i.HAL_RCC_GetOscConfig  stm32l0xx_hal_rcc.o
    0x080049b0   0x00000024   Code   RO         4423    i.HAL_RCC_GetPCLK1Freq  stm32l0xx_hal_rcc.o
    0x080049d4   0x00000024   Code   RO         4424    i.HAL_RCC_GetPCLK2Freq  stm32l0xx_hal_rcc.o
    0x080049f8   0x000000ec   Code   RO         4425    i.HAL_RCC_GetSysClockFreq  stm32l0xx_hal_rcc.o
    0x08004ae4   0x000006a0   Code   RO         4428    i.HAL_RCC_OscConfig  stm32l0xx_hal_rcc.o
    0x08005184   0x00000002   Code   RO         4740    i.HAL_RTCEx_AlarmBEventCallback  stm32l0xx_hal_rtc_ex.o
    0x08005186   0x00000002   PAD
    0x08005188   0x0000001c   Code   RO         2411    i.HAL_RTC_AlarmAEventCallback  rtc-board.o
    0x080051a4   0x00000088   Code   RO         4607    i.HAL_RTC_AlarmIRQHandler  stm32l0xx_hal_rtc.o
    0x0800522c   0x00000112   Code   RO         4609    i.HAL_RTC_DeactivateAlarm  stm32l0xx_hal_rtc.o
    0x0800533e   0x00000002   PAD
    0x08005340   0x0000005c   Code   RO         4611    i.HAL_RTC_GetDate   stm32l0xx_hal_rtc.o
    0x0800539c   0x0000006c   Code   RO         4613    i.HAL_RTC_GetTime   stm32l0xx_hal_rtc.o
    0x08005408   0x000000c8   Code   RO         4614    i.HAL_RTC_Init      stm32l0xx_hal_rtc.o
    0x080054d0   0x00000078   Code   RO         2414    i.HAL_RTC_MspInit   rtc-board.o
    0x08005548   0x0000025c   Code   RO         4619    i.HAL_RTC_SetAlarm_IT  stm32l0xx_hal_rtc.o
    0x080057a4   0x00000130   Code   RO         4620    i.HAL_RTC_SetDate   stm32l0xx_hal_rtc.o
    0x080058d4   0x00000154   Code   RO         4621    i.HAL_RTC_SetTime   stm32l0xx_hal_rtc.o
    0x08005a28   0x0000003c   Code   RO         4622    i.HAL_RTC_WaitForSynchro  stm32l0xx_hal_rtc.o
    0x08005a64   0x00000008   Code   RO         4970    i.HAL_SPI_GetState  stm32l0xx_hal_spi.o
    0x08005a6c   0x0000008e   Code   RO         4972    i.HAL_SPI_Init      stm32l0xx_hal_spi.o
    0x08005afa   0x00000002   PAD
    0x08005afc   0x0000013c   Code   RO         2557    i.HAL_SPI_MspInit   spi-board.o
    0x08005c38   0x0000037e   Code   RO         4981    i.HAL_SPI_TransmitReceive  stm32l0xx_hal_spi.o
    0x08005fb6   0x00000002   PAD
    0x08005fb8   0x00000038   Code   RO         3280    i.HAL_SYSTICK_Config  stm32l0xx_hal_cortex.o
    0x08005ff0   0x00000038   Code   RO         5201    i.HAL_TIM_Base_Init  stm32l0xx_hal_tim.o
    0x08006028   0x0000005c   Code   RO         2339    i.HAL_TIM_Base_MspInit  hwtimer-board.o
    0x08006084   0x0000001e   Code   RO         5206    i.HAL_TIM_Base_Start_IT  stm32l0xx_hal_tim.o
    0x080060a2   0x00000002   PAD
    0x080060a4   0x00000034   Code   RO         5209    i.HAL_TIM_Base_Stop_IT  stm32l0xx_hal_tim.o
    0x080060d8   0x00000002   Code   RO         5230    i.HAL_TIM_IC_CaptureCallback  stm32l0xx_hal_tim.o
    0x080060da   0x0000017c   Code   RO         5243    i.HAL_TIM_IRQHandler  stm32l0xx_hal_tim.o
    0x08006256   0x00000002   Code   RO         5246    i.HAL_TIM_OC_DelayElapsedCallback  stm32l0xx_hal_tim.o
    0x08006258   0x00000002   Code   RO         5273    i.HAL_TIM_PWM_PulseFinishedCallback  stm32l0xx_hal_tim.o
    0x0800625a   0x00000002   PAD
    0x0800625c   0x00000024   Code   RO         2340    i.HAL_TIM_PeriodElapsedCallback  hwtimer-board.o
    0x08006280   0x00000002   Code   RO         5284    i.HAL_TIM_TriggerCallback  stm32l0xx_hal_tim.o
    0x08006282   0x00000002   Code   RO         6123    i.HAL_UARTEx_WakeupCallback  stm32l0xx_hal_uart_ex.o
    0x08006284   0x0000004c   Code   RO         5870    i.HAL_UART_DeInit   stm32l0xx_hal_uart.o
    0x080062d0   0x00000014   Code   RO         2646    i.HAL_UART_ErrorCallback  uart-board.o
    0x080062e4   0x00000162   Code   RO         5874    i.HAL_UART_IRQHandler  stm32l0xx_hal_uart.o
    0x08006446   0x0000007c   Code   RO         5875    i.HAL_UART_Init     stm32l0xx_hal_uart.o
    0x080064c2   0x00000002   PAD
    0x080064c4   0x000000b0   Code   RO         2647    i.HAL_UART_MspDeInit  uart-board.o
    0x08006574   0x000000f8   Code   RO         2648    i.HAL_UART_MspInit  uart-board.o
    0x0800666c   0x000000bc   Code   RO         5880    i.HAL_UART_Receive_IT  stm32l0xx_hal_uart.o
    0x08006728   0x0000005c   Code   RO         2649    i.HAL_UART_RxCpltCallback  uart-board.o
    0x08006784   0x000000a6   Code   RO         5883    i.HAL_UART_Transmit  stm32l0xx_hal_uart.o
    0x0800682a   0x0000004e   Code   RO         5885    i.HAL_UART_Transmit_IT  stm32l0xx_hal_uart.o
    0x08006878   0x00000048   Code   RO         2650    i.HAL_UART_TxCpltCallback  uart-board.o
    0x080068c0   0x00000004   Code   RO         2032    i.HardFault_Handler  stm32l0xx_it.o
    0x080068c4   0x00000044   Code   RO         2343    i.HwTimerInit       hwtimer-board.o
    0x08006908   0x0000000c   Code   RO         2344    i.HwTimerSetCallback  hwtimer-board.o
    0x08006914   0x00000010   Code   RO         2345    i.HwTimerStart      hwtimer-board.o
    0x08006924   0x00000010   Code   RO         2346    i.HwTimerStop       hwtimer-board.o
    0x08006934   0x00000078   Code   RO         1239    i.InitATInterrupt   at_command_list.o
    0x080069ac   0x00000198   Code   RO         1240    i.InitAtCommandList  at_command_list.o
    0x08006b44   0x0000002e   Code   RO         2225    i.InternalEepromReadBytes  eeprom-board.o
    0x08006b72   0x00000002   PAD
    0x08006b74   0x000000f4   Code   RO         2227    i.InternalEepromWriteBufferWord  eeprom-board.o
    0x08006c68   0x00000012   Code   RO         6245    i.IsFifoEmpty       fifo.o
    0x08006c7a   0x00000002   PAD
    0x08006c7c   0x0000000c   Code   RO          968    i.LoRaGetUpLinkCounter  loramac.o
    0x08006c88   0x00000094   Code   RO         1165    i.LoRaMacComputeMic  loramaccrypto.o
    0x08006d1c   0x00000030   Code   RO          969    i.LoRaMacInitNwkIds  loramac.o
    0x08006d4c   0x00000054   Code   RO         1166    i.LoRaMacJoinComputeMic  loramaccrypto.o
    0x08006da0   0x00000138   Code   RO          970    i.LoRaMacParseFrame  loramac.o
    0x08006ed8   0x00000024   Code   RO         1169    i.LoRaMacPayloadDecrypt  loramaccrypto.o
    0x08006efc   0x000000dc   Code   RO         1170    i.LoRaMacPayloadEncrypt  loramaccrypto.o
    0x08006fd8   0x000002d0   Code   RO          971    i.LoRaMacPrepareFrame  loramac.o
    0x080072a8   0x00000068   Code   RO          972    i.LoRaMacRxWindowSetup  loramac.o
    0x08007310   0x00000124   Code   RO          973    i.LoRaMacRxWindown2Setup  loramac.o
    0x08007434   0x00000118   Code   RO          974    i.LoRaMacSendFrameOnChannel  loramac.o
    0x0800754c   0x000000d8   Code   RO          975    i.LoRaMacSetNextChannel  loramac.o
    0x08007624   0x0000000c   Code   RO          976    i.LoRaSetUpLinkCounter  loramac.o
    0x08007630   0x0000005c   Code   RO         1241    i.LoadAtConfigFromEEPROM  at_command_list.o
    0x0800768c   0x00000080   Code   RO         1242    i.LoadEngConfigFromEEPROM  at_command_list.o
    0x0800770c   0x0000017c   Code   RO         1243    i.LoadLoRaWanFromEEPROM  at_command_list.o
    0x08007888   0x000000b0   Code   RO         1244    i.LoadNodeConfigFromEEPROM  at_command_list.o
    0x08007938   0x000000c0   Code   RO         1245    i.LoadOthersConfigFromEEPROM  at_command_list.o
    0x080079f8   0x0000007c   Code   RO         1246    i.LoadRxConfigFromEEPROM  at_command_list.o
    0x08007a74   0x0000007c   Code   RO         1247    i.LoadUserConfigFromEEPROM  at_command_list.o
    0x08007af0   0x00000024   Code   RO          536    i.Max485RW          uart_task.o
    0x08007b14   0x000000a8   Code   RO          537    i.MotorDown         uart_task.o
    0x08007bbc   0x000000a8   Code   RO          538    i.MotorUp           uart_task.o
    0x08007c64   0x00000002   Code   RO         2034    i.NMI_Handler       stm32l0xx_it.o
    0x08007c66   0x00000002   PAD
    0x08007c68   0x00000078   Code   RO         3282    i.NVIC_SetPriority  stm32l0xx_hal_cortex.o
    0x08007ce0   0x00000034   Code   RO         1248    i.NVIC_SystemReset  at_command_list.o
    0x08007d14   0x00000034   Code   RO         1926    i.NVIC_SystemReset  at_command_app.o
    0x08007d48   0x00000026   Code   RO          539    i.PWR5V             uart_task.o
    0x08007d6e   0x00000002   PAD
    0x08007d70   0x00000064   Code   RO          540    i.PinTest           uart_task.o
    0x08007dd4   0x0000001a   Code   RO         4623    i.RTC_Bcd2ToByte    stm32l0xx_hal_rtc.o
    0x08007dee   0x0000001a   Code   RO         4624    i.RTC_ByteToBcd2    stm32l0xx_hal_rtc.o
    0x08007e08   0x00000042   Code   RO         4625    i.RTC_EnterInitMode  stm32l0xx_hal_rtc.o
    0x08007e4a   0x00000002   PAD
    0x08007e4c   0x00000010   Code   RO         2415    i.RTC_IRQHandler    rtc-board.o
    0x08007e5c   0x00000c38   Code   RO          240    i.RadioTask         radio_task.o
    0x08008a94   0x0000007a   Code   RO          541    i.RadioTaskCallback  uart_task.o
    0x08008b0e   0x0000000c   Code   RO          241    i.RadioTimerCallback  radio_task.o
    0x08008b1a   0x00000002   PAD
    0x08008b1c   0x00000090   Code   RO         1249    i.RadioTxLED        at_command_list.o
    0x08008bac   0x000000b8   Code   RO         1250    i.ReadGpioStatus    at_command_list.o
    0x08008c64   0x000000e8   Code   RO         1251    i.ReceiveRadioRxData  at_command_list.o
    0x08008d4c   0x00000118   Code   RO          978    i.RegionCommonComputeRxWindowParameters  loramac.o
    0x08008e64   0x00000020   Code   RO          979    i.RegionCommonComputeSymbolTimeFsk  loramac.o
    0x08008e84   0x0000003c   Code   RO          980    i.RegionCommonComputeSymbolTimeLoRa  loramac.o
    0x08008ec0   0x00000028   Code   RO         6295    i.RemoveEndChar     utilities.o
    0x08008ee8   0x00000138   Code   RO         1252    i.RestoreUserConfigToDefault  at_command_list.o
    0x08009020   0x00000028   Code   RO         2416    i.RtcClearStatus    rtc-board.o
    0x08009048   0x00000024   Code   RO         2423    i.RtcInit           rtc-board.o
    0x0800906c   0x0000000c   Code   RO         2425    i.RtcSetAlarmCallback  rtc-board.o
    0x08009078   0x00000080   Code   RO         2426    i.RtcSetConfig      rtc-board.o
    0x080090f8   0x000001a8   Code   RO         2430    i.RtcStartWakeUpAlarm  rtc-board.o
    0x080092a0   0x000000b8   Code   RO         7588    i.RxChainCalibration  sx1276.o
    0x08009358   0x00000118   Code   RO         5002    i.SPI_WaitOnFlagUntilTimeout  stm32l0xx_hal_spi.o
    0x08009470   0x00000002   Code   RO         7143    i.SVC_Handler       port.o
    0x08009472   0x00000002   PAD
    0x08009474   0x00000048   Code   RO         7589    i.SX1276AntSwDeInit  sx1276.o
    0x080094bc   0x0000004c   Code   RO         7590    i.SX1276AntSwInit   sx1276.o
    0x08009508   0x00000058   Code   RO          242    i.SX1276Callback    radio_task.o
    0x08009560   0x0000000c   Code   RO         7593    i.SX1276GetCurrentFreq  sx1276.o
    0x0800956c   0x0000009c   Code   RO         7595    i.SX1276GetPKTRSSIandSNR  sx1276.o
    0x08009608   0x00000006   Code   RO         7596    i.SX1276GetPaSelect  sx1276.o
    0x0800960e   0x00000002   PAD
    0x08009610   0x0000000c   Code   RO         7598    i.SX1276GetStatus   sx1276.o
    0x0800961c   0x000002a8   Code   RO         7599    i.SX1276GetTimeOnAir  sx1276.o
    0x080098c4   0x00000060   Code   RO         7600    i.SX1276Init        sx1276.o
    0x08009924   0x00000038   Code   RO         7602    i.SX1276IoDeIrqInit  sx1276.o
    0x0800995c   0x0000008c   Code   RO         7603    i.SX1276IoInit      sx1276.o
    0x080099e8   0x0000005c   Code   RO         7604    i.SX1276IoIrqInit   sx1276.o
    0x08009a44   0x00000062   Code   RO         7605    i.SX1276IsChannelFree  sx1276.o
    0x08009aa6   0x00000002   PAD
    0x08009aa8   0x00000018   Code   RO         7606    i.SX1276OnDio0Irq   sx1276.o
    0x08009ac0   0x00000018   Code   RO         7607    i.SX1276OnDio1Irq   sx1276.o
    0x08009ad8   0x00000018   Code   RO         7608    i.SX1276OnDio2Irq   sx1276.o
    0x08009af0   0x00000018   Code   RO         7609    i.SX1276OnDio3Irq   sx1276.o
    0x08009b08   0x00000010   Code   RO         7610    i.SX1276OnDio4Irq   sx1276.o
    0x08009b18   0x00000040   Code   RO         7612    i.SX1276Random      sx1276.o
    0x08009b58   0x00000014   Code   RO         7613    i.SX1276Read        sx1276.o
    0x08009b6c   0x00000012   Code   RO         7615    i.SX1276ReadFifo    sx1276.o
    0x08009b7e   0x00000002   PAD
    0x08009b80   0x00000070   Code   RO         7621    i.SX1276ReadRssi    sx1276.o
    0x08009bf0   0x0000003c   Code   RO         7622    i.SX1276Reset       sx1276.o
    0x08009c2c   0x00000110   Code   RO         7623    i.SX1276Send        sx1276.o
    0x08009d3c   0x0000005c   Code   RO         7624    i.SX1276SetAntSw    sx1276.o
    0x08009d98   0x00000024   Code   RO         7625    i.SX1276SetAntSwLowPower  sx1276.o
    0x08009dbc   0x0000000c   Code   RO         7626    i.SX1276SetCallback  sx1276.o
    0x08009dc8   0x00000048   Code   RO         7627    i.SX1276SetChannel  sx1276.o
    0x08009e10   0x0000003c   Code   RO         7628    i.SX1276SetMaxPayloadLength  sx1276.o
    0x08009e4c   0x00000080   Code   RO         7629    i.SX1276SetModem    sx1276.o
    0x08009ecc   0x00000040   Code   RO         7630    i.SX1276SetOpMode   sx1276.o
    0x08009f0c   0x0000000c   Code   RO         7631    i.SX1276SetRSSICalHF  sx1276.o
    0x08009f18   0x00000140   Code   RO         7632    i.SX1276SetRx       sx1276.o
    0x0800a058   0x00000298   Code   RO         7633    i.SX1276SetRxConfig  sx1276.o
    0x0800a2f0   0x00000014   Code   RO         7634    i.SX1276SetSleep    sx1276.o
    0x0800a304   0x0000000c   Code   RO         7635    i.SX1276SetStatus   sx1276.o
    0x0800a310   0x00000014   Code   RO         7636    i.SX1276SetStby     sx1276.o
    0x0800a324   0x000000bc   Code   RO         7637    i.SX1276SetTx       sx1276.o
    0x0800a3e0   0x00000328   Code   RO         7638    i.SX1276SetTxConfig  sx1276.o
    0x0800a708   0x00000048   Code   RO         7639    i.SX1276StartCad    sx1276.o
    0x0800a750   0x00000010   Code   RO         7640    i.SX1276Write       sx1276.o
    0x0800a760   0x00000012   Code   RO         7642    i.SX1276WriteFifo   sx1276.o
    0x0800a772   0x00000002   PAD
    0x0800a774   0x000000dc   Code   RO         1253    i.SaveConfigToEEPROM  at_command_list.o
    0x0800a850   0x0000004c   Code   RO          543    i.SendBackToUart    uart_task.o
    0x0800a89c   0x0000002c   Code   RO          545    i.SendMsgToUart     uart_task.o
    0x0800a8c8   0x000000f4   Code   RO          243    i.SendQueueToRadio  radio_task.o
    0x0800a9bc   0x0000003c   Code   RO          244    i.SendQueueToRadioFromISR  radio_task.o
    0x0800a9f8   0x00000158   Code   RO          546    i.SendQueueToUartTask  uart_task.o
    0x0800ab50   0x00000064   Code   RO          547    i.SendQueueToUartTaskFromISR  uart_task.o
    0x0800abb4   0x00000024   Code   RO          548    i.SendToUartImmediately  uart_task.o
    0x0800abd8   0x00000046   Code   RO          549    i.SensorBaudRate    uart_task.o
    0x0800ac1e   0x00000012   Code   RO          550    i.SensorDB          uart_task.o
    0x0800ac30   0x0000001e   Code   RO          551    i.SensorParity      uart_task.o
    0x0800ac4e   0x00000026   Code   RO          552    i.SensorSB          uart_task.o
    0x0800ac74   0x0000003c   Code   RO          246    i.SetClassMode      radio_task.o
    0x0800acb0   0x0000000c   Code   RO          553    i.SetPingPongMaxTxNumOrRxTimeIdx  uart_task.o
    0x0800acbc   0x0000000c   Code   RO          247    i.SetRadioCallback  radio_task.o
    0x0800acc8   0x000000c4   Code   RO          982    i.SetRadioChannelOnOffset  loramac.o
    0x0800ad8c   0x0000000c   Code   RO          983    i.SetRadioDatarate  loramac.o
    0x0800ad98   0x0000000c   Code   RO          984    i.SetRadioDefaultPower  loramac.o
    0x0800ada4   0x0000000c   Code   RO          985    i.SetRadioRxBandwidth  loramac.o
    0x0800adb0   0x00000014   Code   RO          986    i.SetRadioRxChannel  loramac.o
    0x0800adc4   0x00000068   Code   RO          554    i.SetRtcInterval    uart_task.o
    0x0800ae2c   0x0000000c   Code   RO         1255    i.SetTXPPFlag       at_command_list.o
    0x0800ae38   0x0000001c   Code   RO          555    i.SetTXPPLable      uart_task.o
    0x0800ae54   0x0000002a   Code   RO         6296    i.ShufflePosition   utilities.o
    0x0800ae7e   0x00000002   PAD
    0x0800ae80   0x00000040   Code   RO         2559    i.Spi1InOut         spi-board.o
    0x0800aec0   0x00000064   Code   RO         2560    i.Spi1ReadBuffer    spi-board.o
    0x0800af24   0x00000060   Code   RO         2561    i.Spi1WriteBuffer   spi-board.o
    0x0800af84   0x00000040   Code   RO         2564    i.SpiInOut          spi-board.o
    0x0800afc4   0x0000008c   Code   RO         2565    i.SpiInit           spi-board.o
    0x0800b050   0x0000003c   Code   RO         2566    i.SpiReadBuffer     spi-board.o
    0x0800b08c   0x0000003c   Code   RO         2567    i.SpiWriteBuffer    spi-board.o
    0x0800b0c8   0x00000034   Code   RO         1256    i.StartRadioTxDelay  at_command_list.o
    0x0800b0fc   0x0000002c   Code   RO         1257    i.StopRadioTxDelay  at_command_list.o
    0x0800b128   0x00000028   Code   RO         1258    i.StopRadioTxDelayTimer  at_command_list.o
    0x0800b150   0x0000000c   Code   RO         2035    i.SysTick_Handler   stm32l0xx_it.o
    0x0800b15c   0x00000098   Code   RO         2150    i.SystemClockConfig  board.o
    0x0800b1f4   0x000000a4   Code   RO         2151    i.SystemClockConfig_STOP  board.o
    0x0800b298   0x00000068   Code   RO         6184    i.SystemInit        system_stm32l0xx.o
    0x0800b300   0x00000010   Code   RO         2347    i.TIM3_IRQHandler   hwtimer-board.o
    0x0800b310   0x00000084   Code   RO         5285    i.TIM_Base_SetConfig  stm32l0xx_hal_tim.o
    0x0800b394   0x0000001c   Code   RO          557    i.TXPPTimeout       uart_task.o
    0x0800b3b0   0x00000038   Code   RO          460    i.TimerStateCallback  timer_task.o
    0x0800b3e8   0x00000140   Code   RO          461    i.TimerTask         timer_task.o
    0x0800b528   0x00000032   Code   RO         6298    i.TransferKeyFromStrToNum  utilities.o
    0x0800b55a   0x00000002   PAD
    0x0800b55c   0x00000318   Code   RO         1259    i.TxcmConvertStringToNumerical  at_command_list.o
    0x0800b874   0x00000180   Code   RO         1260    i.TxppConvertStringToNumerical  at_command_list.o
    0x0800b9f4   0x000000f0   Code   RO         5888    i.UART_AdvFeatureConfig  stm32l0xx_hal_uart.o
    0x0800bae4   0x00000064   Code   RO         5889    i.UART_CheckIdleState  stm32l0xx_hal_uart.o
    0x0800bb48   0x00000020   Code   RO         5895    i.UART_EndTransmit_IT  stm32l0xx_hal_uart.o
    0x0800bb68   0x000000a8   Code   RO         5896    i.UART_Receive_IT   stm32l0xx_hal_uart.o
    0x0800bc10   0x000004d0   Code   RO         5897    i.UART_SetConfig    stm32l0xx_hal_uart.o
    0x0800c0e0   0x00000072   Code   RO         5898    i.UART_Transmit_IT  stm32l0xx_hal_uart.o
    0x0800c152   0x00000108   Code   RO         5899    i.UART_WaitOnFlagUntilTimeout  stm32l0xx_hal_uart.o
    0x0800c25a   0x00000002   PAD
    0x0800c25c   0x00000010   Code   RO         2651    i.USART1_IRQHandler  uart-board.o
    0x0800c26c   0x00000010   Code   RO         2652    i.USART2_IRQHandler  uart-board.o
    0x0800c27c   0x00000012   Code   RO          558    i.UartAlarmCallback  uart_task.o
    0x0800c28e   0x00000002   PAD
    0x0800c290   0x00000174   Code   RO         2653    i.UartConfig        uart-board.o
    0x0800c404   0x0000009c   Code   RO         2654    i.UartDeInit        uart-board.o
    0x0800c4a0   0x00000098   Code   RO         2655    i.UartInit          uart-board.o
    0x0800c538   0x00000044   Code   RO         2657    i.UartPutChar       uart-board.o
    0x0800c57c   0x0000003c   Code   RO         2658    i.UartPutChar_NoIRQ  uart-board.o
    0x0800c5b8   0x0000000c   Code   RO         2659    i.UartSetIrqHandler  uart-board.o
    0x0800c5c4   0x0000002a   Code   RO          560    i.UartStateCallback  uart_task.o
    0x0800c5ee   0x00000002   PAD
    0x0800c5f0   0x00000ca0   Code   RO          561    i.UartTask          uart_task.o
    0x0800d290   0x000000b4   Code   RO          562    i.Uart_Disable      uart_task.o
    0x0800d344   0x0000008e   Code   RO          563    i.UpFBRiseCallback  uart_task.o
    0x0800d3d2   0x00000002   PAD
    0x0800d3d4   0x00000034   Code   RO          564    i.WakeUpLPMCallback  uart_task.o
    0x0800d408   0x0000001c   Code   RO          333    i.__ARM_common_switch8  radio_task.o
    0x0800d424   0x0000000e   Code   RO         7996    i._is_digit         c_p.l(__printf_wp.o)
    0x0800d432   0x00000002   PAD
    0x0800d434   0x00000078   Code   RO          565    i.addFBCallback     uart_task.o
    0x0800d4ac   0x00000010   Code   RO         6443    i.add_round_key     aes.o
    0x0800d4bc   0x0000005a   Code   RO         6445    i.aes_encrypt       aes.o
    0x0800d516   0x00000002   PAD
    0x0800d518   0x0000011c   Code   RO         6446    i.aes_set_key       aes.o
    0x0800d634   0x0000005c   Code   RO         1927    i.backup_previous_commandbuffer  at_command_app.o
    0x0800d690   0x00000038   Code   RO         1261    i.baudRateMappingTable  at_command_list.o
    0x0800d6c8   0x0000003a   Code   RO          566    i.calADC            uart_task.o
    0x0800d702   0x00000002   PAD
    0x0800d704   0x000000c8   Code   RO         8087    i.ceil              m_ps.l(ceil.o)
    0x0800d7cc   0x000000fc   Code   RO          567    i.checkBTCommand    uart_task.o
    0x0800d8c8   0x0000003c   Code   RO         1262    i.checkVauleFormate  at_command_list.o
    0x0800d904   0x000000d0   Code   RO         1928    i.commandAtHelp     at_command_app.o
    0x0800d9d4   0x0000009c   Code   RO         1263    i.commandCAPORT     at_command_list.o
    0x0800da70   0x000000c0   Code   RO         1264    i.commandCAPPEUI    at_command_list.o
    0x0800db30   0x000000b0   Code   RO         1265    i.commandCAPPKEY    at_command_list.o
    0x0800dbe0   0x000000dc   Code   RO         1266    i.commandCAPPSKEY   at_command_list.o
    0x0800dcbc   0x000000a4   Code   RO         1267    i.commandCBAP       at_command_list.o
    0x0800dd60   0x00000168   Code   RO         1268    i.commandCCH        at_command_list.o
    0x0800dec8   0x000000f0   Code   RO         1269    i.commandCCHO       at_command_list.o
    0x0800dfb8   0x000000dc   Code   RO         1270    i.commandCCLASS     at_command_list.o
    0x0800e094   0x000000c0   Code   RO         1271    i.commandCDEVEUI    at_command_list.o
    0x0800e154   0x00000124   Code   RO         1272    i.commandCKEY       at_command_list.o
    0x0800e278   0x000000b4   Code   RO         1273    i.commandCMAC       at_command_list.o
    0x0800e32c   0x000000e0   Code   RO         1274    i.commandCNWKSKEY   at_command_list.o
    0x0800e40c   0x00000098   Code   RO         1275    i.commandCPAE       at_command_list.o
    0x0800e4a4   0x00000044   Code   RO         1276    i.commandCPIN       at_command_list.o
    0x0800e4e8   0x0000009c   Code   RO         1277    i.commandCRPTM      at_command_list.o
    0x0800e584   0x000000ec   Code   RO         1278    i.commandCRXC       at_command_list.o
    0x0800e670   0x000000fc   Code   RO         1279    i.commandCSF        at_command_list.o
    0x0800e76c   0x00000058   Code   RO         1280    i.commandCSID       at_command_list.o
    0x0800e7c4   0x00000154   Code   RO         1281    i.commandCSQ        at_command_list.o
    0x0800e918   0x0000008c   Code   RO         1282    i.commandCSYNC      at_command_list.o
    0x0800e9a4   0x000000c0   Code   RO         1283    i.commandCTXP       at_command_list.o
    0x0800ea64   0x0000007c   Code   RO         1284    i.commandCaliRSSI   at_command_list.o
    0x0800eae0   0x000000d0   Code   RO         1285    i.commandDOWNBACKPINC  at_command_list.o
    0x0800ebb0   0x000000e8   Code   RO         1286    i.commandDRX        at_command_list.o
    0x0800ec98   0x000000d4   Code   RO         1287    i.commandDRXI       at_command_list.o
    0x0800ed6c   0x00000144   Code   RO         1288    i.commandDTTX       at_command_list.o
    0x0800eeb0   0x0000012c   Code   RO         1289    i.commandDTX        at_command_list.o
    0x0800efdc   0x000000ac   Code   RO         1291    i.commandECHO       at_command_list.o
    0x0800f088   0x000000dc   Code   RO         1292    i.commandGADM       at_command_list.o
    0x0800f164   0x00000168   Code   RO         1293    i.commandGCH        at_command_list.o
    0x0800f2cc   0x000000f0   Code   RO         1294    i.commandGCHO       at_command_list.o
    0x0800f3bc   0x000000d8   Code   RO         1295    i.commandGCPW       at_command_list.o
    0x0800f494   0x00000134   Code   RO         1296    i.commandGGMD       at_command_list.o
    0x0800f5c8   0x00000154   Code   RO         1297    i.commandGKEY       at_command_list.o
    0x0800f71c   0x0000009c   Code   RO         1298    i.commandGLMR       at_command_list.o
    0x0800f7b8   0x000000c0   Code   RO         1299    i.commandGMTXP      at_command_list.o
    0x0800f878   0x000000bc   Code   RO         1300    i.commandGPIN       at_command_list.o
    0x0800f934   0x000002a8   Code   RO         1301    i.commandGPT        at_command_list.o
    0x0800fbdc   0x00000028   Code   RO         1302    i.commandGRST       at_command_list.o
    0x0800fc04   0x000000ec   Code   RO         1303    i.commandGRXC       at_command_list.o
    0x0800fcf0   0x000000d8   Code   RO         1304    i.commandGSYSC      at_command_list.o
    0x0800fdc8   0x000000d0   Code   RO         1305    i.commandGTXD       at_command_list.o
    0x0800fe98   0x00000064   Code   RO         1306    i.commandGUUID      at_command_list.o
    0x0800fefc   0x000000b8   Code   RO         1307    i.commandIBR        at_command_list.o
    0x0800ffb4   0x000000bc   Code   RO         1308    i.commandIoTest     at_command_list.o
    0x08010070   0x000000bc   Code   RO         1309    i.commandSDEVICETYPE  at_command_list.o
    0x0801012c   0x00000090   Code   RO         1310    i.commandSGMD       at_command_list.o
    0x080101bc   0x00000048   Code   RO         1311    i.commandSGMI       at_command_list.o
    0x08010204   0x00000048   Code   RO         1312    i.commandSGMM       at_command_list.o
    0x0801024c   0x000000c0   Code   RO         1313    i.commandSGMR       at_command_list.o
    0x0801030c   0x000000e8   Code   RO         1314    i.commandSGPIO      at_command_list.o
    0x080103f4   0x0000008c   Code   RO         1315    i.commandSIRQ       at_command_list.o
    0x08010480   0x00000048   Code   RO         1316    i.commandSLMR       at_command_list.o
    0x080104c8   0x000003b0   Code   RO         1317    i.commandSPROFILE   at_command_list.o
    0x08010878   0x000000b0   Code   RO         1318    i.commandSPWMOD     at_command_list.o
    0x08010928   0x000000f4   Code   RO         1319    i.commandSTIMER     at_command_list.o
    0x08010a1c   0x000000f8   Code   RO         1320    i.commandSTIMER1    at_command_list.o
    0x08010b14   0x0000009c   Code   RO         1321    i.commandTESTBAT    at_command_list.o
    0x08010bb0   0x0000008c   Code   RO         1322    i.commandTESTPINC   at_command_list.o
    0x08010c3c   0x000000a8   Code   RO         1323    i.commandTESTPOWER  at_command_list.o
    0x08010ce4   0x000000d0   Code   RO         1324    i.commandUPBACKPINC  at_command_list.o
    0x08010db4   0x00000062   Code   RO         1325    i.converterStringToAscii  at_command_list.o
    0x08010e16   0x00000084   Code   RO         6447    i.copy_and_key      aes.o
    0x08010e9a   0x00000042   Code   RO         6448    i.copy_block        aes.o
    0x08010edc   0x00000018   Code   RO         6449    i.copy_block_nn     aes.o
    0x08010ef4   0x0000003c   Code   RO         6222    i.crcStd16          crc16.o
    0x08010f30   0x00000014   Code   RO         1326    i.dTTXCallback      at_command_list.o
    0x08010f44   0x00000024   Code   RO          568    i.delay_ms          uart_task.o
    0x08010f68   0x000001c4   Code   RO         1327    i.engineerModeRestoreDefault  at_command_list.o
    0x0801112c   0x0000001c   Code   RO          569    i.firstUartRTCAlarm  uart_task.o
    0x08011148   0x000000c8   Code   RO         8091    i.floor             m_ps.l(floor.o)
    0x08011210   0x00000052   Code   RO          570    i.getPINName        uart_task.o
    0x08011262   0x00000002   PAD
    0x08011264   0x0000004c   Code   RO          571    i.getPincStatus     uart_task.o
    0x080112b0   0x0000005a   Code   RO         1929    i.get_numerical_value  at_command_app.o
    0x0801130a   0x00000052   Code   RO         1930    i.get_operation_tag  at_command_app.o
    0x0801135c   0x00000736   Code   RO         1931    i.get_sensor_value  at_command_app.o
    0x08011a92   0x00000080   Code   RO         1932    i.get_string_addr   at_command_app.o
    0x08011b12   0x0000004a   Code   RO         1933    i.get_string_value  at_command_app.o
    0x08011b5c   0x0000004a   Code   RO         1934    i.get_value         at_command_app.o
    0x08011ba6   0x0000005c   Code   RO         1935    i.get_value_addr    at_command_app.o
    0x08011c02   0x00000002   PAD
    0x08011c04   0x000000e8   Code   RO          572    i.initPINC0to7      uart_task.o
    0x08011cec   0x00000034   Code   RO         6300    i.irand             utilities.o
    0x08011d20   0x0000009c   Code   RO            3    i.main              main.o
    0x08011dbc   0x00000284   Code   RO         6450    i.mix_sub_columns   aes.o
    0x08012040   0x00000010   Code   RO         7298    i.osSystickHandler  cmsis_os.o
    0x08012050   0x00000228   Code   RO         6390    i.parseTXCMdata     production.o
    0x08012278   0x00000310   Code   RO         6391    i.parseTXPPdata     production.o
    0x08012588   0x0000005c   Code   RO         1936    i.parse_command_buffer  at_command_app.o
    0x080125e4   0x00000044   Code   RO         1937    i.print_result      at_command_app.o
    0x08012628   0x00000054   Code   RO         6828    i.prvAddCurrentTaskToDelayedList  tasks.o
    0x0801267c   0x00000046   Code   RO         6829    i.prvAllocateTCBAndStack  tasks.o
    0x080126c2   0x00000002   PAD
    0x080126c4   0x00000068   Code   RO         6830    i.prvCheckTasksWaitingTermination  tasks.o
    0x0801272c   0x0000002c   Code   RO         6656    i.prvCopyDataFromQueue  queue.o
    0x08012758   0x00000084   Code   RO         6657    i.prvCopyDataToQueue  queue.o
    0x080127dc   0x00000012   Code   RO         6831    i.prvDeleteTCB      tasks.o
    0x080127ee   0x00000002   PAD
    0x080127f0   0x0000007c   Code   RO         7212    i.prvHeapInit       heap_4.o
    0x0801286c   0x00000018   Code   RO         6832    i.prvIdleTask       tasks.o
    0x08012884   0x0000005c   Code   RO         6833    i.prvInitialiseTCBVariables  tasks.o
    0x080128e0   0x00000064   Code   RO         6834    i.prvInitialiseTaskLists  tasks.o
    0x08012944   0x00000068   Code   RO         7213    i.prvInsertBlockIntoFreeList  heap_4.o
    0x080129ac   0x0000001c   Code   RO         6658    i.prvIsQueueEmpty   queue.o
    0x080129c8   0x0000001e   Code   RO         6659    i.prvIsQueueFull    queue.o
    0x080129e6   0x00000002   PAD
    0x080129e8   0x00000038   Code   RO         6836    i.prvResetNextTaskUnblockTime  tasks.o
    0x08012a20   0x00000024   Code   RO         7144    i.prvSetupTimerInterrupt  port.o
    0x08012a44   0x00000024   Code   RO         7145    i.prvTaskExitError  port.o
    0x08012a68   0x0000008a   Code   RO         6660    i.prvUnlockQueue    queue.o
    0x08012af2   0x00000002   PAD
    0x08012af4   0x00000128   Code   RO         7214    i.pvPortMalloc      heap_4.o
    0x08012c1c   0x00000020   Code   RO         6839    i.pvTaskIncrementMutexHeldCount  tasks.o
    0x08012c3c   0x00000020   Code   RO         7146    i.pxPortInitialiseStack  port.o
    0x08012c5c   0x00000048   Code   RO          249    i.radioInit         radio_task.o
    0x08012ca4   0x00000030   Code   RO         6302    i.rand1             utilities.o
    0x08012cd4   0x0000008c   Code   RO          573    i.readTemperature   uart_task.o
    0x08012d60   0x0000000a   Code   RO         7643    i.readVersionID     sx1276.o
    0x08012d6a   0x00000002   PAD
    0x08012d6c   0x0000009c   Code   RO         8094    i.round             m_ps.l(round.o)
    0x08012e08   0x0000001c   Code   RO         1328    i.sFMappingTable    at_command_list.o
    0x08012e24   0x00000048   Code   RO          575    i.sendBindAP        uart_task.o
    0x08012e6c   0x0000004c   Code   RO          576    i.sendControlPinReply  uart_task.o
    0x08012eb8   0x000000c4   Code   RO          577    i.sendMotorData     uart_task.o
    0x08012f7c   0x00000054   Code   RO          578    i.sendMotorReply    uart_task.o
    0x08012fd0   0x00000068   Code   RO          579    i.sendQueryPinReply  uart_task.o
    0x08013038   0x000001e4   Code   RO          580    i.sendSensorData    uart_task.o
    0x0801321c   0x00000048   Code   RO          581    i.setSampling       uart_task.o
    0x08013264   0x00000164   Code   RO          582    i.setUART           uart_task.o
    0x080133c8   0x00000070   Code   RO         6451    i.shift_sub_rows    aes.o
    0x08013438   0x00000016   Code   RO          583    i.spi1Read          uart_task.o
    0x0801344e   0x00000012   Code   RO          585    i.spi1Write         uart_task.o
    0x08013460   0x00000026   Code   RO          587    i.spiTest           uart_task.o
    0x08013486   0x00000002   PAD
    0x08013488   0x0000000c   Code   RO         6304    i.srand1            utilities.o
    0x08013494   0x00000012   Code   RO          588    i.stopMptorCallback  uart_task.o
    0x080134a6   0x00000002   PAD
    0x080134a8   0x00000020   Code   RO          589    i.toSleep           uart_task.o
    0x080134c8   0x0000007c   Code   RO         1329    i.unUsedGpioInit    at_command_list.o
    0x08013544   0x00000040   Code   RO         1330    i.updateLoRaMacInitNwkIds  at_command_list.o
    0x08013584   0x00000028   Code   RO         6620    i.uxListRemove      list.o
    0x080135ac   0x00000004   Code   RO            4    i.vApplicationMallocFailedHook  main.o
    0x080135b0   0x00000014   Code   RO            5    i.vApplicationStackOverflowHook  main.o
    0x080135c4   0x0000001a   Code   RO         6621    i.vListInitialise   list.o
    0x080135de   0x00000006   Code   RO         6622    i.vListInitialiseItem  list.o
    0x080135e4   0x00000036   Code   RO         6623    i.vListInsert       list.o
    0x0801361a   0x00000018   Code   RO         6624    i.vListInsertEnd    list.o
    0x08013632   0x00000002   PAD
    0x08013634   0x0000001c   Code   RO         7148    i.vPortEnterCritical  port.o
    0x08013650   0x00000028   Code   RO         7149    i.vPortExitCritical  port.o
    0x08013678   0x00000080   Code   RO         7215    i.vPortFree         heap_4.o
    0x080136f8   0x00000018   Code   RO         7150    i.vPortYield        port.o
    0x08013710   0x00000058   Code   RO         6847    i.vTaskDelay        tasks.o
    0x08013768   0x0000000c   Code   RO         6850    i.vTaskMissedYield  tasks.o
    0x08013774   0x00000054   Code   RO         6852    i.vTaskPlaceOnEventList  tasks.o
    0x080137c8   0x0000008c   Code   RO         6854    i.vTaskPriorityInherit  tasks.o
    0x08013854   0x00000020   Code   RO         6858    i.vTaskSetTimeOutState  tasks.o
    0x08013874   0x00000060   Code   RO         6859    i.vTaskStartScheduler  tasks.o
    0x080138d4   0x00000010   Code   RO         6861    i.vTaskSuspendAll   tasks.o
    0x080138e4   0x000000ac   Code   RO         6862    i.vTaskSwitchContext  tasks.o
    0x08013990   0x00000038   Code   RO         7151    i.xPortStartScheduler  port.o
    0x080139c8   0x00000024   Code   RO         7152    i.xPortSysTickHandler  port.o
    0x080139ec   0x0000004e   Code   RO         6671    i.xQueueCreateMutex  queue.o
    0x08013a3a   0x00000070   Code   RO         6672    i.xQueueGenericCreate  queue.o
    0x08013aaa   0x00000170   Code   RO         6673    i.xQueueGenericReceive  queue.o
    0x08013c1a   0x0000007e   Code   RO         6674    i.xQueueGenericReset  queue.o
    0x08013c98   0x0000014e   Code   RO         6675    i.xQueueGenericSend  queue.o
    0x08013de6   0x000000b2   Code   RO         6676    i.xQueueGenericSendFromISR  queue.o
    0x08013e98   0x00000074   Code   RO         6863    i.xTaskCheckForTimeOut  tasks.o
    0x08013f0c   0x00000138   Code   RO         6864    i.xTaskGenericCreate  tasks.o
    0x08014044   0x00000024   Code   RO         6868    i.xTaskGetSchedulerState  tasks.o
    0x08014068   0x00000140   Code   RO         6871    i.xTaskIncrementTick  tasks.o
    0x080141a8   0x00000088   Code   RO         6874    i.xTaskPriorityDisinherit  tasks.o
    0x08014230   0x00000088   Code   RO         6875    i.xTaskRemoveFromEventList  tasks.o
    0x080142b8   0x000000ec   Code   RO         6877    i.xTaskResumeAll    tasks.o
    0x080143a4   0x00000082   Code   RO         6452    i.xor_block         aes.o
    0x08014426   0x00000002   PAD
    0x08014428   0x0000002c   Code   RO         8162    locale$$code        c_p.l(lc_ctype_c.o)
    0x08014454   0x00000064   Code   RO         8067    x$fpl$dleqf         fz_ps.l(dlef.o)
    0x080144b8   0x00000068   Code   RO         8071    x$fpl$drleqf        fz_ps.l(drlef.o)
    0x08014520   0x000000b0   Code   RO         8084    x$fpl$fmul          fz_ps.l(fmul.o)
    0x080145d0   0x00000000   Code   RO         8131    x$fpl$usenofp       fz_ps.l(usenofp.o)
    0x080145d0   0x000000c1   Data   RO          591    .constdata          uart_task.o
    0x08014691   0x0000000e   Data   RO          988    .constdata          loramac.o
    0x0801469f   0x00000001   PAD
    0x080146a0   0x000001b0   Data   RO         1332    .constdata          at_command_list.o
    0x08014850   0x000004a8   Data   RO         1938    .constdata          at_command_app.o
    0x08014cf8   0x00000018   Data   RO         2433    .constdata          rtc-board.o
    0x08014d10   0x00000021   Data   RO         6185    .constdata          system_stm32l0xx.o
    0x08014d31   0x00000300   Data   RO         6453    .constdata          aes.o
    0x08015031   0x00000003   PAD
    0x08015034   0x000000e0   Data   RO         7645    .constdata          sx1276.o
    0x08015114   0x00000028   Data   RO         7969    .constdata          c_p.l(_printf_hex_int.o)
    0x0801513c   0x00000011   Data   RO         7999    .constdata          c_p.l(__printf_flags_wp.o)
    0x0801514d   0x00000080   Data   RO         8057    .constdata          fz_ps.l(ddiv.o)
    0x080151cd   0x00000040   Data   RO         8076    .constdata          fz_ps.l(fdiv.o)
    0x0801520d   0x00000003   PAD
    0x08015210   0x000000a3   Data   RO          592    .conststring        uart_task.o
    0x080152b3   0x00000001   PAD
    0x080152b4   0x000001c2   Data   RO         1333    .conststring        at_command_list.o
    0x08015476   0x00000002   PAD
    0x08015478   0x00000264   Data   RO         1939    .conststring        at_command_app.o
    0x080156dc   0x00000020   Data   RO         8310    Region$$Table       anon$$obj.o
    0x080156fc   0x00000110   Data   RO         8161    locale$$data        c_p.l(lc_ctype_c.o)


    Execution Region RW_IRAM1 (Base: 0x20000000, Size: 0x00004248, Max: 0x00005000, ABSOLUTE, COMPRESSED[0x000000b8])

    Base Addr    Size         Type   Attr      Idx    E Section Name        Object

    0x20000000   0x00000008   Data   RW            6    .data               main.o
    0x20000008   0x00000014   Data   RW          251    .data               radio_task.o
    0x2000001c   0x00000009   Data   RW          463    .data               timer_task.o
    0x20000025   0x00000003   PAD
    0x20000028   0x000000d8   Data   RW          593    .data               uart_task.o
    0x20000100   0x000000c0   Data   RW          989    .data               loramac.o
    0x200001c0   0x00000020   Data   RW         1172    .data               loramaccrypto.o
    0x200001e0   0x00000090   Data   RW         1334    .data               at_command_list.o
    0x20000270   0x0000000c   Data   RW         1940    .data               at_command_app.o
    0x2000027c   0x00000005   Data   RW         2153    .data               board.o
    0x20000281   0x00000003   PAD
    0x20000284   0x00000004   Data   RW         2349    .data               hwtimer-board.o
    0x20000288   0x00000005   Data   RW         2434    .data               rtc-board.o
    0x2000028d   0x00000003   PAD
    0x20000290   0x00000008   Data   RW         2661    .data               uart-board.o
    0x20000298   0x00000004   Data   RW         2862    .data               stm32l0xx_hal.o
    0x2000029c   0x00000004   Data   RW         6186    .data               system_stm32l0xx.o
    0x200002a0   0x00000004   Data   RW         6306    .data               utilities.o
    0x200002a4   0x00000038   Data   RW         6880    .data               tasks.o
    0x200002dc   0x00000004   Data   RW         7153    .data               port.o
    0x200002e0   0x00000018   Data   RW         7220    .data               heap_4.o
    0x200002f8   0x00000025   Data   RW         7646    .data               sx1276.o
    0x2000031d   0x00000003   PAD
    0x20000320   0x0000012c   Zero   RW          250    .bss                radio_task.o
    0x2000044c   0x000000f0   Zero   RW          462    .bss                timer_task.o
    0x2000053c   0x000003ae   Zero   RW          590    .bss                uart_task.o
    0x200008ea   0x00000200   Zero   RW          987    .bss                loramac.o
    0x20000aea   0x00000002   PAD
    0x20000aec   0x0000022c   Zero   RW         1171    .bss                loramaccrypto.o
    0x20000d18   0x00000235   Zero   RW         1331    .bss                at_command_list.o
    0x20000f4d   0x00000003   PAD
    0x20000f50   0x00000060   Zero   RW         2105    .bss                adc-board.o
    0x20000fb0   0x00000040   Zero   RW         2268    .bss                gpio-board.o
    0x20000ff0   0x00000038   Zero   RW         2348    .bss                hwtimer-board.o
    0x20001028   0x00000024   Zero   RW         2432    .bss                rtc-board.o
    0x2000104c   0x000000d4   Zero   RW         2568    .bss                spi-board.o
    0x20001120   0x000000e0   Zero   RW         2660    .bss                uart-board.o
    0x20001200   0x00000018   Zero   RW         3457    .bss                stm32l0xx_hal_flash.o
    0x20001218   0x000000f0   Zero   RW         6879    .bss                tasks.o
    0x20001308   0x00002800   Zero   RW         7219    .bss                heap_4.o
    0x20003b08   0x000000e0   Zero   RW         7644    .bss                sx1276.o
    0x20003be8   0x00000060   Zero   RW         8133    .bss                c_p.l(libspace.o)
    0x20003c48   0x00000200   Zero   RW         6215    HEAP                startup_stm32l073xx.o
    0x20003e48   0x00000400   Zero   RW         6214    STACK               startup_stm32l073xx.o


==============================================================================

Image component sizes


      Code (inc. data)   RO Data    RW Data    ZI Data      Debug   Object Name

       342         36          0          0         96       3042   adc-board.o
      1498         22        768          0          0      14012   aes.o
      3158        160       1804         12          0      17334   at_command_app.o
     19520       4320        882        144        565      89784   at_command_list.o
       536         38          0          5          0       4572   board.o
       744          0          0          0          0       3745   cmac.o
        16          0          0          0          0        495   cmsis_os.o
        60          6          0          0          0       1039   crc16.o
       290         12          0          0          0       2374   eeprom-board.o
       110          0          0          0          0       3298   fifo.o
       982         58          0          0         64       6710   gpio-board.o
       652         62          0         24      10240       4239   heap_4.o
       256         58          0          4         56       4302   hwtimer-board.o
       150          0          0          0          0       3110   list.o
      2924        304         14        192        512      22250   loramac.o
       488         36          0         32        556       6780   loramaccrypto.o
       180         66          0          8          0     442033   main.o
       402         58          0          4          0       6732   port.o
      1336         18          0          0          0       7584   production.o
      1568          0          0          0          0      10865   queue.o
      3716        200          0         20        300      14603   radio_task.o
         0          0          0          0          0       4052   reporter_task.o
       804         60         24          5         36       5983   rtc-board.o
       900         88          0          0        212       6634   spi-board.o
        56         26        192          0       1536        728   startup_stm32l073xx.o
       100         18          0          4          0       3119   stm32l0xx_hal.o
      2022         72          0          0          0      10191   stm32l0xx_hal_adc.o
       184          0          0          0          0       1422   stm32l0xx_hal_adc_ex.o
       242         32          0          0          0      11387   stm32l0xx_hal_cortex.o
       588         62          0          0         24       6673   stm32l0xx_hal_flash.o
        40          8          0          0          0       1129   stm32l0xx_hal_flash_ex.o
       862         68          0          0          0       4348   stm32l0xx_hal_gpio.o
         2          0          0          0          0        498   stm32l0xx_hal_msp_template.o
        20          4          0          0          0        515   stm32l0xx_hal_pwr.o
      2820        104          0          0          0       6895   stm32l0xx_hal_rcc.o
       624         14          0          0          0       1492   stm32l0xx_hal_rcc_ex.o
      2236         48          0          0          0       9692   stm32l0xx_hal_rtc.o
         2          0          0          0          0        968   stm32l0xx_hal_rtc_ex.o
      1324          0          0          0          0       4052   stm32l0xx_hal_spi.o
       658         18          0          0          0       5929   stm32l0xx_hal_tim.o
      3136         92          0          0          0      10606   stm32l0xx_hal_uart.o
         2          0          0          0          0        992   stm32l0xx_hal_uart_ex.o
        18          0          0          0          0       1320   stm32l0xx_it.o
      5014        286        224         37        224      27236   sx1276.o
       104         16         33          4          0       1455   system_stm32l0xx.o
      2512        344          0         56        240      18970   tasks.o
       792         74          0          9        240       4879   timer_task.o
      1460        156          0          8        224       9521   uart-board.o
      8768       1206        356        216        942      47888   uart_task.o
       244         28          0          4          0       3965   utilities.o

    ----------------------------------------------------------------------
     74552       8278       4336        800      16072     881442   Object Totals
         0          0         32          0          0          0   (incl. Generated)
        90          0          7         12          5          0   (incl. Padding)

    ----------------------------------------------------------------------

      Code (inc. data)   RO Data    RW Data    ZI Data      Debug   Library Member Name

        86          0          0          0          0          0   __dczerorl2.o
         8          0          0          0          0         68   __main.o
       312          6         17          0          0         76   __printf_flags_wp.o
        14          0          0          0          0         60   __printf_wp.o
         0          0          0          0          0          0   __rtentry.o
        12          0          0          0          0          0   __rtentry2.o
         6          0          0          0          0          0   __rtentry4.o
        60          8          0          0          0          0   __scatter.o
        28          0          0          0          0          0   __scatter_zi.o
        30          0          0          0          0         60   _chval.o
        46          0          0          0          0        100   _printf_char.o
        48          6          0          0          0         88   _printf_char_common.o
        10          0          0          0          0          0   _printf_d.o
       108         18          0          0          0         76   _printf_dec.o
        88          4         40          0          0         72   _printf_hex_int.o
       176          0          0          0          0         84   _printf_intcommon.o
        78          0          0          0          0        100   _printf_pad.o
         2          0          0          0          0          0   _printf_percent.o
         4          0          0          0          0          0   _printf_percent_end.o
        10          0          0          0          0          0   _printf_s.o
        82          0          0          0          0         72   _printf_str.o
        10          0          0          0          0          0   _printf_x.o
        10          0          0          0          0         60   _sputc.o
       166          0          0          0          0         84   _strtoul.o
        18          0          0          0          0         68   aeabi_memset.o
       346          0          0          0          0         92   aeabi_sdiv.o
        16          0          0          0          0         68   exit.o
         6          0          0          0          0        136   heapauxi.o
         0          0          0          0          0          0   indicate_semi.o
        44         10        272          0          0         76   lc_ctype_c.o
         2          0          0          0          0          0   libinit.o
        20          0          0          0          0          0   libinit2.o
         2          0          0          0          0          0   libshutdown.o
         2          0          0          0          0          0   libshutdown2.o
         8          4          0          0         96         68   libspace.o
       258          0          0          0          0         88   lludiv.o
        90          0          0          0          0         68   memcmp.o
        40          4          0          0          0         84   noretval__2sprintf.o
        16          4          0          0          0         76   rt_ctype_table.o
         8          4          0          0          0         68   rt_errno_addr_intlibspace.o
         8          4          0          0          0         68   rt_locale_intlibspace.o
        64          0          0          0          0        108   rt_memclr.o
       186          0          0          0          0        144   rt_memcpy.o
         2          0          0          0          0          0   rtexit.o
        10          0          0          0          0          0   rtexit2.o
        40          0          0          0          0         60   rtudiv10.o
        38          0          0          0          0         76   strcasecmp.o
        24          0          0          0          0         60   strcat.o
       136          4          0          0          0         72   strcmp.o
        68          6          0          0          0         72   strlen.o
        46          0          0          0          0         76   strncasecmp.o
       160          6          0          0          0         76   strncmp.o
       108          4          0          0          0         76   strncpy.o
       112          4          0          0          0         76   strtol.o
       118          0          0          0          0         84   strtoul.o
        12          4          0          0          0         60   sys_exit.o
        62          0          0          0          0         80   sys_stackheap_outer.o
        26          0          0          0          0         68   tolower.o
        34          0          0          0          0         60   uread4.o
         2          0          0          0          0         68   use_no_semi.o
        16          0          0          0          0         60   uwrite4.o
        46          0          0          0          0         60   cmpret.o
       124          4          0          0          0         72   d2f.o
       856         20          0          0          0        208   daddsub.o
       144          4          0          0          0         76   dcmpin.o
      1096         26        128          0          0        112   ddiv.o
       108         10          0          0          0         72   dfixi.o
        72          4          0          0          0         68   dfixui.o
        88          0          0          0          0         92   dflti.o
       132          4          0          0          0        100   dfltl.o
       100          4          0          0          0         92   dlef.o
       584         26          0          0          0         84   dmul.o
        20          6          0          0          0         68   dnan2.o
       104          4          0          0          0        104   drlef.o
       240          8          0          0          0         76   drnd.o
       352         10         64          0          0         92   fdiv.o
        76          0          0          0          0         68   ffixi.o
        48          0          0          0          0         60   ffixui.o
        94          0          0          0          0         92   fflti.o
       176          4          0          0          0         80   fmul.o
        94          0          0          0          0         68   retnan.o
         0          0          0          0          0          0   usenofp.o
       200         20          0          0          0         76   ceil.o
       200         20          0          0          0         76   floor.o
       156         14          0          0          0         84   round.o

    ----------------------------------------------------------------------
      8664        288        524          0         96       5316   Library Totals
        12          0          3          0          0          0   (incl. Padding)

    ----------------------------------------------------------------------

      Code (inc. data)   RO Data    RW Data    ZI Data      Debug   Library Name

      3542        100        329          0         96       3336   c_p.l
      4554        134        192          0          0       1744   fz_ps.l
       556         54          0          0          0        236   m_ps.l

    ----------------------------------------------------------------------
      8664        288        524          0         96       5316   Library Totals

    ----------------------------------------------------------------------

==============================================================================


      Code (inc. data)   RO Data    RW Data    ZI Data      Debug   

     83216       8566       4860        800      16168     862346   Grand Totals
     83216       8566       4860        184      16168     862346   ELF Image Totals (compressed)
     83216       8566       4860        184          0          0   ROM Totals

==============================================================================

    Total RO  Size (Code + RO Data)                88076 (  86.01kB)
    Total RW  Size (RW Data + ZI Data)             16968 (  16.57kB)
    Total ROM Size (Code + RO Data + RW Data)      88260 (  86.19kB)

==============================================================================

