<html>
<body>
<pre>
<h1>µVision Build Log</h1>
<h2>Tool Versions:</h2>
IDE-Version: £gVision V5.20.0.0
Copyright (C) 2016 ARM Ltd and ARM Germany GmbH. All rights reserved.
License Information: test test, test, LIC=JL2SB-2T4G4-0ZVWZ-J8DDJ-X2RW6-QJLQ2
 
Tool Versions:
Toolchain:       MDK-ARM Plus  Version: 5.20
Toolchain Path:  C:\Keil_v5\ARM\ARMCC\Bin
C Compiler:      Armcc.exe V5.06 update 2 (build 183)
Assembler:       Armasm.exe V5.06 update 2 (build 183)
Linker/Locator:  ArmLink.exe V5.06 update 2 (build 183)
Library Manager: ArmAr.exe V5.06 update 2 (build 183)
Hex Converter:   FromElf.exe V5.06 update 2 (build 183)
CPU DLL:         SARMCM3.DLL V5.20
Dialog DLL:      DARMCM1.DLL V1.14.0.0
Target DLL:      STLink\ST-LINKIII-KEIL_SWO.dll V2.0.18.0
Dialog DLL:      TARMCM1.DLL V1.10.0.0
 
<h2>Project:</h2>
D:\test\SIPModule-G76-v1.15.10.3_modify2\apps\SIPModuleL07_Hal.uvprojx
Project File Date:  12/18/2018

<h2>Output:</h2>
*** Using Compiler 'V5.06 update 2 (build 183)', folder: 'C:\Keil_v5\ARM\ARMCC\Bin'
Build target 'SIPModule_G76S-lp'
compiling main.c...
compiling reporter_task.c...
compiling radio_task.c...
compiling timer_task.c...
compiling LoRaMacCrypto.c...
compiling uart_task.c...
compiling LoRaMac.c...
compiling at_command_app.c...
compiling at_command_list.c...
compiling stm32l0xx_it.c...
compiling adc-board.c...
compiling eeprom-board.c...
compiling board.c...
compiling gpio-board.c...
compiling hwtimer-board.c...
compiling uart-board.c...
compiling spi-board.c...
compiling rtc-board.c...
compiling i2c-board.c...
compiling stm32l0xx_hal.c...
compiling stm32l0xx_hal_adc.c...
compiling stm32l0xx_hal_adc_ex.c...
compiling stm32l0xx_hal_comp.c...
compiling stm32l0xx_hal_comp_ex.c...
compiling stm32l0xx_hal_dma.c...
compiling stm32l0xx_hal_cortex.c...
compiling stm32l0xx_hal_flash.c...
compiling stm32l0xx_hal_flash_ex.c...
compiling stm32l0xx_hal_gpio.c...
compiling stm32l0xx_hal_flash_ramfunc.c...
compiling stm32l0xx_hal_i2c_ex.c...
compiling stm32l0xx_hal_i2c.c...
compiling stm32l0xx_hal_i2s.c...
compiling stm32l0xx_hal_msp_template.c...
compiling stm32l0xx_hal_pwr.c...
compiling stm32l0xx_hal_pwr_ex.c...
compiling stm32l0xx_hal_rcc.c...
compiling stm32l0xx_hal_rcc_ex.c...
compiling stm32l0xx_hal_rtc.c...
compiling stm32l0xx_hal_rtc_ex.c...
compiling stm32l0xx_hal_spi.c...
compiling stm32l0xx_hal_tim.c...
compiling stm32l0xx_hal_tim_ex.c...
compiling stm32l0xx_hal_uart.c...
compiling system_stm32l0xx.c...
assembling startup_stm32l073xx.s...
compiling fifo.c...
compiling crc16.c...
compiling stm32l0xx_hal_uart_ex.c...
compiling aes.c...
compiling cmac.c...
compiling utilities.c...
compiling croutine.c...
compiling list.c...
compiling production.c...
compiling event_groups.c...
compiling timers.c...
compiling queue.c...
compiling heap_4.c...
compiling tasks.c...
compiling port.c...
compiling cmsis_os.c...
compiling sx1276.c...
linking...
Program Size: Code=65556 RO-data=4296 RW-data=576 ZI-data=15672  
FromELF: creating hex file...
".\Objects\AT_L073_v_G76S.axf" - 0 Error(s), 0 Warning(s).

<h2>Collection of Component include folders:</h2>
  D:\test\SIPModule-G76-v1.15.10.3_modify2\apps\RTE
  C:\Keil_v5\ARM\PACK\Keil\STM32L0xx_DFP\1.6.0\Device\Include

<h2>Collection of Component Files used:</h2>
Build Time Elapsed:  00:00:52
</pre>
</body>
</html>
