<!doctype html public "-//w3c//dtd html 4.0 transitional//en">
<html><head>
<title>Static Call Graph - [.\Objects\SIPModuleL07_Hal.axf]</title></head>
<body><HR>
<H1>Static Call Graph for image .\Objects\SIPModuleL07_Hal.axf</H1><HR>
<BR><P>#&#060CALLGRAPH&#062# ARM Linker, 5060183: Last Updated: Fri Aug 16 15:43:29 2019
<BR><P>
<H3>Maximum Stack Usage =        992 bytes + Unknown(Functions without stacksize, Cycles, Untraceable Function Pointers)</H3><H3>
Call chain for Maximum Stack Depth:</H3>
UartTask &rArr; InitAtCommandList &rArr; LoadNodeConfigFromEEPROM &rArr; SaveConfigToEEPROM &rArr; EncryptConfigToEEPROM &rArr; LoRaMacPayloadEncrypt &rArr; aes_set_key &rArr; copy_block_nn
<P>
<H3>
Functions with no stack information
</H3><UL>
 <LI><a href="#[d9]">__user_initial_stackheap</a>
</UL>
</UL>
<P>
<H3>
Mutually Recursive functions
</H3> <LI><a href="#[1d]">ADC1_COMP_IRQHandler</a>&nbsp;&nbsp;&nbsp;&rArr;&nbsp;&nbsp;&nbsp;<a href="#[1d]">ADC1_COMP_IRQHandler</a><BR>
 <LI><a href="#[e9]">ATCommandParser</a>&nbsp;&nbsp;&nbsp;&rArr;&nbsp;&nbsp;&nbsp;<a href="#[e9]">ATCommandParser</a><BR>
</UL>
<P>
<H3>
Function Pointers
</H3><UL>
 <LI><a href="#[1d]">ADC1_COMP_IRQHandler</a> from startup_stm32l073xx.o(.text) referenced from startup_stm32l073xx.o(RESET)
 <LI><a href="#[40]">CheckSensor1ReplyCallback</a> from uart_task.o(i.CheckSensor1ReplyCallback) referenced from uart_task.o(i.UartTask)
 <LI><a href="#[41]">CheckSensor2ReplyCallback</a> from uart_task.o(i.CheckSensor2ReplyCallback) referenced from uart_task.o(i.UartTask)
 <LI><a href="#[42]">CheckSensor3ReplyCallback</a> from uart_task.o(i.CheckSensor3ReplyCallback) referenced from uart_task.o(i.UartTask)
 <LI><a href="#[3a]">CountLPMCallback</a> from uart_task.o(i.CountLPMCallback) referenced 2 times from uart_task.o(i.UartTask)
 <LI><a href="#[1a]">DMA1_Channel1_IRQHandler</a> from startup_stm32l073xx.o(.text) referenced from startup_stm32l073xx.o(RESET)
 <LI><a href="#[1b]">DMA1_Channel2_3_IRQHandler</a> from startup_stm32l073xx.o(.text) referenced from startup_stm32l073xx.o(RESET)
 <LI><a href="#[1c]">DMA1_Channel4_5_6_7_IRQHandler</a> from startup_stm32l073xx.o(.text) referenced from startup_stm32l073xx.o(RESET)
 <LI><a href="#[3d]">DetectResetDefaultCallback</a> from uart_task.o(i.DetectResetDefaultCallback) referenced from uart_task.o(i.UartTask)
 <LI><a href="#[46]">DownFBRiseCallback</a> from uart_task.o(i.DownFBRiseCallback) referenced from uart_task.o(i.addFBCallback)
 <LI><a href="#[16]">EXTI0_1_IRQHandler</a> from gpio-board.o(i.EXTI0_1_IRQHandler) referenced from startup_stm32l073xx.o(RESET)
 <LI><a href="#[17]">EXTI2_3_IRQHandler</a> from gpio-board.o(i.EXTI2_3_IRQHandler) referenced from startup_stm32l073xx.o(RESET)
 <LI><a href="#[18]">EXTI4_15_IRQHandler</a> from gpio-board.o(i.EXTI4_15_IRQHandler) referenced from startup_stm32l073xx.o(RESET)
 <LI><a href="#[14]">FLASH_IRQHandler</a> from startup_stm32l073xx.o(.text) referenced from startup_stm32l073xx.o(RESET)
 <LI><a href="#[43]">GetSensorDataCallback</a> from uart_task.o(i.GetSensorDataCallback) referenced from uart_task.o(i.UartTask)
 <LI><a href="#[d]">HardFault_Handler</a> from stm32l0xx_it.o(i.HardFault_Handler) referenced from startup_stm32l073xx.o(RESET)
 <LI><a href="#[27]">I2C1_IRQHandler</a> from startup_stm32l073xx.o(.text) referenced from startup_stm32l073xx.o(RESET)
 <LI><a href="#[28]">I2C2_IRQHandler</a> from startup_stm32l073xx.o(.text) referenced from startup_stm32l073xx.o(RESET)
 <LI><a href="#[25]">I2C3_IRQHandler</a> from startup_stm32l073xx.o(.text) referenced from startup_stm32l073xx.o(RESET)
 <LI><a href="#[2e]">LCD_IRQHandler</a> from startup_stm32l073xx.o(.text) referenced from startup_stm32l073xx.o(RESET)
 <LI><a href="#[1e]">LPTIM1_IRQHandler</a> from startup_stm32l073xx.o(.text) referenced from startup_stm32l073xx.o(RESET)
 <LI><a href="#[c]">NMI_Handler</a> from stm32l0xx_it.o(i.NMI_Handler) referenced from startup_stm32l073xx.o(RESET)
 <LI><a href="#[12]">PVD_IRQHandler</a> from startup_stm32l073xx.o(.text) referenced from startup_stm32l073xx.o(RESET)
 <LI><a href="#[f]">PendSV_Handler</a> from port.o(.emb_text) referenced from startup_stm32l073xx.o(RESET)
 <LI><a href="#[15]">RCC_CRS_IRQHandler</a> from startup_stm32l073xx.o(.text) referenced from startup_stm32l073xx.o(RESET)
 <LI><a href="#[2d]">RNG_LPUART1_IRQHandler</a> from startup_stm32l073xx.o(.text) referenced from startup_stm32l073xx.o(RESET)
 <LI><a href="#[13]">RTC_IRQHandler</a> from rtc-board.o(i.RTC_IRQHandler) referenced from startup_stm32l073xx.o(RESET)
 <LI><a href="#[4a]">RadioTask</a> from radio_task.o(i.RadioTask) referenced from main.o(i.main)
 <LI><a href="#[39]">RadioTaskCallback</a> from uart_task.o(i.RadioTaskCallback) referenced from uart_task.o(i.UartTask)
 <LI><a href="#[36]">RadioTimerCallback</a> from radio_task.o(i.RadioTimerCallback) referenced 3 times from radio_task.o(i.RadioTask)
 <LI><a href="#[b]">Reset_Handler</a> from startup_stm32l073xx.o(.text) referenced from startup_stm32l073xx.o(RESET)
 <LI><a href="#[29]">SPI1_IRQHandler</a> from startup_stm32l073xx.o(.text) referenced from startup_stm32l073xx.o(RESET)
 <LI><a href="#[2a]">SPI2_IRQHandler</a> from startup_stm32l073xx.o(.text) referenced from startup_stm32l073xx.o(RESET)
 <LI><a href="#[e]">SVC_Handler</a> from port.o(i.SVC_Handler) referenced from startup_stm32l073xx.o(RESET)
 <LI><a href="#[4d]">SX1276Callback</a> from radio_task.o(i.SX1276Callback) referenced from radio_task.o(i.radioInit)
 <LI><a href="#[6]">SX1276OnDio0Irq</a> from sx1276.o(i.SX1276OnDio0Irq) referenced 2 times from sx1276.o(.data)
 <LI><a href="#[7]">SX1276OnDio1Irq</a> from sx1276.o(i.SX1276OnDio1Irq) referenced 2 times from sx1276.o(.data)
 <LI><a href="#[8]">SX1276OnDio2Irq</a> from sx1276.o(i.SX1276OnDio2Irq) referenced 2 times from sx1276.o(.data)
 <LI><a href="#[9]">SX1276OnDio3Irq</a> from sx1276.o(i.SX1276OnDio3Irq) referenced 2 times from sx1276.o(.data)
 <LI><a href="#[a]">SX1276OnDio4Irq</a> from sx1276.o(i.SX1276OnDio4Irq) referenced 2 times from sx1276.o(.data)
 <LI><a href="#[37]">StopRadioTxDelay</a> from at_command_list.o(i.StopRadioTxDelay) referenced from at_command_list.o(i.StartRadioTxDelay)
 <LI><a href="#[10]">SysTick_Handler</a> from stm32l0xx_it.o(i.SysTick_Handler) referenced from startup_stm32l073xx.o(RESET)
 <LI><a href="#[30]">SystemInit</a> from system_stm32l0xx.o(i.SystemInit) referenced from startup_stm32l073xx.o(.text)
 <LI><a href="#[24]">TIM21_IRQHandler</a> from startup_stm32l073xx.o(.text) referenced from startup_stm32l073xx.o(RESET)
 <LI><a href="#[26]">TIM22_IRQHandler</a> from startup_stm32l073xx.o(.text) referenced from startup_stm32l073xx.o(RESET)
 <LI><a href="#[20]">TIM2_IRQHandler</a> from startup_stm32l073xx.o(.text) referenced from startup_stm32l073xx.o(RESET)
 <LI><a href="#[21]">TIM3_IRQHandler</a> from hwtimer-board.o(i.TIM3_IRQHandler) referenced from startup_stm32l073xx.o(RESET)
 <LI><a href="#[22]">TIM6_DAC_IRQHandler</a> from startup_stm32l073xx.o(.text) referenced from startup_stm32l073xx.o(RESET)
 <LI><a href="#[23]">TIM7_IRQHandler</a> from startup_stm32l073xx.o(.text) referenced from startup_stm32l073xx.o(RESET)
 <LI><a href="#[19]">TSC_IRQHandler</a> from startup_stm32l073xx.o(.text) referenced from startup_stm32l073xx.o(RESET)
 <LI><a href="#[44]">TXPPTimeout</a> from uart_task.o(i.TXPPTimeout) referenced from uart_task.o(i.UartTask)
 <LI><a href="#[35]">TimerStateCallback</a> from timer_task.o(i.TimerStateCallback) referenced from timer_task.o(i.CreateTimerTaskQueue)
 <LI><a href="#[49]">TimerTask</a> from timer_task.o(i.TimerTask) referenced from main.o(i.main)
 <LI><a href="#[2b]">USART1_IRQHandler</a> from uart-board.o(i.USART1_IRQHandler) referenced from startup_stm32l073xx.o(RESET)
 <LI><a href="#[2c]">USART2_IRQHandler</a> from uart-board.o(i.USART2_IRQHandler) referenced from startup_stm32l073xx.o(RESET)
 <LI><a href="#[1f]">USART4_5_IRQHandler</a> from startup_stm32l073xx.o(.text) referenced from startup_stm32l073xx.o(RESET)
 <LI><a href="#[2f]">USB_IRQHandler</a> from startup_stm32l073xx.o(.text) referenced from startup_stm32l073xx.o(RESET)
 <LI><a href="#[3c]">UartAlarmCallback</a> from uart_task.o(i.UartAlarmCallback) referenced from uart_task.o(i.UartTask)
 <LI><a href="#[38]">UartStateCallback</a> from uart_task.o(i.UartStateCallback) referenced from uart_task.o(i.UartTask)
 <LI><a href="#[4b]">UartTask</a> from uart_task.o(i.UartTask) referenced from main.o(i.main)
 <LI><a href="#[45]">UpFBRiseCallback</a> from uart_task.o(i.UpFBRiseCallback) referenced from uart_task.o(i.addFBCallback)
 <LI><a href="#[11]">WWDG_IRQHandler</a> from startup_stm32l073xx.o(.text) referenced from startup_stm32l073xx.o(RESET)
 <LI><a href="#[3b]">WakeUpLPMCallback</a> from uart_task.o(i.WakeUpLPMCallback) referenced from uart_task.o(i.UartTask)
 <LI><a href="#[3b]">WakeUpLPMCallback</a> from uart_task.o(i.WakeUpLPMCallback) referenced from uart_task.o(i.Uart_Disable)
 <LI><a href="#[3b]">WakeUpLPMCallback</a> from uart_task.o(i.WakeUpLPMCallback) referenced from at_command_list.o(i.commandSGPIO)
 <LI><a href="#[8c]">__main</a> from __main.o(!!!main) referenced from startup_stm32l073xx.o(.text)
 <LI><a href="#[33]">_get_lc_ctype</a> from lc_ctype_c.o(locale$$code) referenced from rt_ctype_table.o(.text)
 <LI><a href="#[34]">_printf_input_char</a> from _printf_char_common.o(.text) referenced from _printf_char_common.o(.text)
 <LI><a href="#[32]">_sputc</a> from _sputc.o(.text) referenced from noretval__2sprintf.o(.text)
 <LI><a href="#[55]">commandCAPORT</a> from at_command_list.o(i.commandCAPORT) referenced 2 times from at_command_app.o(.constdata)
 <LI><a href="#[75]">commandCAPPEUI</a> from at_command_list.o(i.commandCAPPEUI) referenced 2 times from at_command_app.o(.constdata)
 <LI><a href="#[73]">commandCAPPKEY</a> from at_command_list.o(i.commandCAPPKEY) referenced 2 times from at_command_app.o(.constdata)
 <LI><a href="#[72]">commandCAPPSKEY</a> from at_command_list.o(i.commandCAPPSKEY) referenced 2 times from at_command_app.o(.constdata)
 <LI><a href="#[56]">commandCBAP</a> from at_command_list.o(i.commandCBAP) referenced 2 times from at_command_app.o(.constdata)
 <LI><a href="#[61]">commandCCH</a> from at_command_list.o(i.commandCCH) referenced 2 times from at_command_app.o(.constdata)
 <LI><a href="#[60]">commandCCHO</a> from at_command_list.o(i.commandCCHO) referenced 2 times from at_command_app.o(.constdata)
 <LI><a href="#[63]">commandCCLASS</a> from at_command_list.o(i.commandCCLASS) referenced 2 times from at_command_app.o(.constdata)
 <LI><a href="#[74]">commandCDEVEUI</a> from at_command_list.o(i.commandCDEVEUI) referenced 2 times from at_command_app.o(.constdata)
 <LI><a href="#[5e]">commandCKEY</a> from at_command_list.o(i.commandCKEY) referenced 2 times from at_command_app.o(.constdata)
 <LI><a href="#[5f]">commandCMAC</a> from at_command_list.o(i.commandCMAC) referenced 2 times from at_command_app.o(.constdata)
 <LI><a href="#[71]">commandCNWKSKEY</a> from at_command_list.o(i.commandCNWKSKEY) referenced 2 times from at_command_app.o(.constdata)
 <LI><a href="#[64]">commandCPAE</a> from at_command_list.o(i.commandCPAE) referenced 2 times from at_command_app.o(.constdata)
 <LI><a href="#[59]">commandCPIN</a> from at_command_list.o(i.commandCPIN) referenced 2 times from at_command_app.o(.constdata)
 <LI><a href="#[5b]">commandCRPTM</a> from at_command_list.o(i.commandCRPTM) referenced 2 times from at_command_app.o(.constdata)
 <LI><a href="#[62]">commandCRXC</a> from at_command_list.o(i.commandCRXC) referenced 2 times from at_command_app.o(.constdata)
 <LI><a href="#[57]">commandCSF</a> from at_command_list.o(i.commandCSF) referenced 2 times from at_command_app.o(.constdata)
 <LI><a href="#[58]">commandCSID</a> from at_command_list.o(i.commandCSID) referenced 2 times from at_command_app.o(.constdata)
 <LI><a href="#[5a]">commandCSQ</a> from at_command_list.o(i.commandCSQ) referenced 2 times from at_command_app.o(.constdata)
 <LI><a href="#[54]">commandCSYNC</a> from at_command_list.o(i.commandCSYNC) referenced 2 times from at_command_app.o(.constdata)
 <LI><a href="#[5c]">commandCTXP</a> from at_command_list.o(i.commandCTXP) referenced 2 times from at_command_app.o(.constdata)
 <LI><a href="#[87]">commandCaliRSSI</a> from at_command_list.o(i.commandCaliRSSI) referenced from at_command_app.o(.constdata)
 <LI><a href="#[7b]">commandDOWNBACKPINC</a> from at_command_list.o(i.commandDOWNBACKPINC) referenced 2 times from at_command_app.o(.constdata)
 <LI><a href="#[52]">commandDRX</a> from at_command_list.o(i.commandDRX) referenced 2 times from at_command_app.o(.constdata)
 <LI><a href="#[51]">commandDRXI</a> from at_command_list.o(i.commandDRXI) referenced 2 times from at_command_app.o(.constdata)
 <LI><a href="#[53]">commandDTTX</a> from at_command_list.o(i.commandDTTX) referenced 2 times from at_command_app.o(.constdata)
 <LI><a href="#[50]">commandDTX</a> from at_command_list.o(i.commandDTX) referenced 2 times from at_command_app.o(.constdata)
 <LI><a href="#[6e]">commandECHO</a> from at_command_list.o(i.commandECHO) referenced 2 times from at_command_app.o(.constdata)
 <LI><a href="#[4f]">commandGADM</a> from at_command_list.o(i.commandGADM) referenced 2 times from at_command_app.o(.constdata)
 <LI><a href="#[81]">commandGCH</a> from at_command_list.o(i.commandGCH) referenced from at_command_app.o(.constdata)
 <LI><a href="#[80]">commandGCHO</a> from at_command_list.o(i.commandGCHO) referenced from at_command_app.o(.constdata)
 <LI><a href="#[89]">commandGCPW</a> from at_command_list.o(i.commandGCPW) referenced from at_command_app.o(.constdata)
 <LI><a href="#[82]">commandGGMD</a> from at_command_list.o(i.commandGGMD) referenced from at_command_app.o(.constdata)
 <LI><a href="#[7d]">commandGKEY</a> from at_command_list.o(i.commandGKEY) referenced from at_command_app.o(.constdata)
 <LI><a href="#[84]">commandGLMR</a> from at_command_list.o(i.commandGLMR) referenced from at_command_app.o(.constdata)
 <LI><a href="#[85]">commandGMTXP</a> from at_command_list.o(i.commandGMTXP) referenced from at_command_app.o(.constdata)
 <LI><a href="#[7e]">commandGPIN</a> from at_command_list.o(i.commandGPIN) referenced from at_command_app.o(.constdata)
 <LI><a href="#[5d]">commandGPT</a> from at_command_list.o(i.commandGPT) referenced 3 times from at_command_app.o(.constdata)
 <LI><a href="#[83]">commandGRST</a> from at_command_list.o(i.commandGRST) referenced from at_command_app.o(.constdata)
 <LI><a href="#[8b]">commandGRXC</a> from at_command_list.o(i.commandGRXC) referenced from at_command_app.o(.constdata)
 <LI><a href="#[88]">commandGSYSC</a> from at_command_list.o(i.commandGSYSC) referenced from at_command_app.o(.constdata)
 <LI><a href="#[7f]">commandGTXD</a> from at_command_list.o(i.commandGTXD) referenced from at_command_app.o(.constdata)
 <LI><a href="#[8a]">commandGUUID</a> from at_command_list.o(i.commandGUUID) referenced from at_command_app.o(.constdata)
 <LI><a href="#[6f]">commandIBR</a> from at_command_list.o(i.commandIBR) referenced 2 times from at_command_app.o(.constdata)
 <LI><a href="#[86]">commandIoTest</a> from at_command_list.o(i.commandIoTest) referenced from at_command_app.o(.constdata)
 <LI><a href="#[7c]">commandSDEVICETYPE</a> from at_command_list.o(i.commandSDEVICETYPE) referenced 2 times from at_command_app.o(.constdata)
 <LI><a href="#[69]">commandSGMD</a> from at_command_list.o(i.commandSGMD) referenced 2 times from at_command_app.o(.constdata)
 <LI><a href="#[67]">commandSGMI</a> from at_command_list.o(i.commandSGMI) referenced 2 times from at_command_app.o(.constdata)
 <LI><a href="#[68]">commandSGMM</a> from at_command_list.o(i.commandSGMM) referenced 2 times from at_command_app.o(.constdata)
 <LI><a href="#[66]">commandSGMR</a> from at_command_list.o(i.commandSGMR) referenced 2 times from at_command_app.o(.constdata)
 <LI><a href="#[6d]">commandSGPIO</a> from at_command_list.o(i.commandSGPIO) referenced 2 times from at_command_app.o(.constdata)
 <LI><a href="#[6c]">commandSIRQ</a> from at_command_list.o(i.commandSIRQ) referenced 2 times from at_command_app.o(.constdata)
 <LI><a href="#[65]">commandSLMR</a> from at_command_list.o(i.commandSLMR) referenced 2 times from at_command_app.o(.constdata)
 <LI><a href="#[76]">commandSPROFILE</a> from at_command_list.o(i.commandSPROFILE) referenced 2 times from at_command_app.o(.constdata)
 <LI><a href="#[70]">commandSPWMOD</a> from at_command_list.o(i.commandSPWMOD) referenced 2 times from at_command_app.o(.constdata)
 <LI><a href="#[6b]">commandSTIMER</a> from at_command_list.o(i.commandSTIMER) referenced 2 times from at_command_app.o(.constdata)
 <LI><a href="#[6a]">commandSTIMER1</a> from at_command_list.o(i.commandSTIMER1) referenced 2 times from at_command_app.o(.constdata)
 <LI><a href="#[78]">commandTESTBAT</a> from at_command_list.o(i.commandTESTBAT) referenced 2 times from at_command_app.o(.constdata)
 <LI><a href="#[79]">commandTESTPINC</a> from at_command_list.o(i.commandTESTPINC) referenced 2 times from at_command_app.o(.constdata)
 <LI><a href="#[77]">commandTESTPOWER</a> from at_command_list.o(i.commandTESTPOWER) referenced 2 times from at_command_app.o(.constdata)
 <LI><a href="#[7a]">commandUPBACKPINC</a> from at_command_list.o(i.commandUPBACKPINC) referenced 2 times from at_command_app.o(.constdata)
 <LI><a href="#[48]">dTTXCallback</a> from at_command_list.o(i.dTTXCallback) referenced from at_command_list.o(i.commandDTTX)
 <LI><a href="#[3f]">firstUartRTCAlarm</a> from uart_task.o(i.firstUartRTCAlarm) referenced from uart_task.o(i.UartTask)
 <LI><a href="#[4e]">prvIdleTask</a> from tasks.o(i.prvIdleTask) referenced from tasks.o(i.vTaskStartScheduler)
 <LI><a href="#[4c]">prvTaskExitError</a> from port.o(i.prvTaskExitError) referenced from port.o(i.pxPortInitialiseStack)
 <LI><a href="#[3e]">sendBindAP</a> from uart_task.o(i.sendBindAP) referenced from uart_task.o(i.UartTask)
 <LI><a href="#[47]">stopMptorCallback</a> from uart_task.o(i.stopMptorCallback) referenced from uart_task.o(i.checkBTCommand)
</UL>
<P>
<H3>
Global Symbols
</H3>
<P><STRONG><a name="[8c]"></a>__main</STRONG> (Thumb, 8 bytes, Stack size 0 bytes, __main.o(!!!main))
<BR><BR>[Calls]<UL><LI><a href="#[8d]">&gt;&gt;</a>&nbsp;&nbsp;&nbsp;__scatterload
<LI><a href="#[8e]">&gt;&gt;</a>&nbsp;&nbsp;&nbsp;__rt_entry
</UL>

<P><STRONG><a name="[8d]"></a>__scatterload</STRONG> (Thumb, 0 bytes, Stack size unknown bytes, __scatter.o(!!!scatter))
<BR><BR>[Called By]<UL><LI><a href="#[8c]">&gt;&gt;</a>&nbsp;&nbsp;&nbsp;__main
</UL>

<P><STRONG><a name="[8f]"></a>__scatterload_rt2</STRONG> (Thumb, 52 bytes, Stack size unknown bytes, __scatter.o(!!!scatter), UNUSED)
<BR><BR>[Calls]<UL><LI><a href="#[8e]">&gt;&gt;</a>&nbsp;&nbsp;&nbsp;__rt_entry
</UL>

<P><STRONG><a name="[276]"></a>__scatterload_rt2_thumb_only</STRONG> (Thumb, 0 bytes, Stack size unknown bytes, __scatter.o(!!!scatter), UNUSED)

<P><STRONG><a name="[277]"></a>__scatterload_null</STRONG> (Thumb, 0 bytes, Stack size unknown bytes, __scatter.o(!!!scatter), UNUSED)

<P><STRONG><a name="[278]"></a>__scatterload_zeroinit</STRONG> (Thumb, 28 bytes, Stack size unknown bytes, __scatter_zi.o(!!handler_zi), UNUSED)

<P><STRONG><a name="[b1]"></a>_printf_percent</STRONG> (Thumb, 0 bytes, Stack size unknown bytes, _printf_percent.o(.ARM.Collect$$_printf_percent$$00000000))
<BR><BR>[Called By]<UL><LI><a href="#[af]">&gt;&gt;</a>&nbsp;&nbsp;&nbsp;__printf
</UL>

<P><STRONG><a name="[90]"></a>_printf_d</STRONG> (Thumb, 0 bytes, Stack size unknown bytes, _printf_d.o(.ARM.Collect$$_printf_percent$$00000009))
<BR><BR>[Stack]<UL><LI>Max Depth = 88 + Unknown Stack Size
<LI>Call Chain = _printf_d &rArr; _printf_int_dec &rArr; _printf_int_common &rArr; _printf_post_padding
</UL>
<BR>[Calls]<UL><LI><a href="#[91]">&gt;&gt;</a>&nbsp;&nbsp;&nbsp;_printf_x
<LI><a href="#[92]">&gt;&gt;</a>&nbsp;&nbsp;&nbsp;_printf_int_dec
</UL>

<P><STRONG><a name="[91]"></a>_printf_x</STRONG> (Thumb, 0 bytes, Stack size unknown bytes, _printf_x.o(.ARM.Collect$$_printf_percent$$0000000C))
<BR><BR>[Stack]<UL><LI>Max Depth = 72 + Unknown Stack Size
<LI>Call Chain = _printf_x &rArr; _printf_int_hex &rArr; _printf_int_common &rArr; _printf_post_padding
</UL>
<BR>[Calls]<UL><LI><a href="#[93]">&gt;&gt;</a>&nbsp;&nbsp;&nbsp;_printf_s
<LI><a href="#[94]">&gt;&gt;</a>&nbsp;&nbsp;&nbsp;_printf_int_hex
</UL>
<BR>[Called By]<UL><LI><a href="#[90]">&gt;&gt;</a>&nbsp;&nbsp;&nbsp;_printf_d
</UL>

<P><STRONG><a name="[93]"></a>_printf_s</STRONG> (Thumb, 0 bytes, Stack size unknown bytes, _printf_s.o(.ARM.Collect$$_printf_percent$$00000014))
<BR><BR>[Stack]<UL><LI>Max Depth = 40 + Unknown Stack Size
<LI>Call Chain = _printf_s &rArr; _printf_string &rArr; _printf_cs_common &rArr; _printf_str &rArr; _printf_post_padding
</UL>
<BR>[Calls]<UL><LI><a href="#[95]">&gt;&gt;</a>&nbsp;&nbsp;&nbsp;_printf_percent_end
<LI><a href="#[96]">&gt;&gt;</a>&nbsp;&nbsp;&nbsp;_printf_string
</UL>
<BR>[Called By]<UL><LI><a href="#[91]">&gt;&gt;</a>&nbsp;&nbsp;&nbsp;_printf_x
</UL>

<P><STRONG><a name="[95]"></a>_printf_percent_end</STRONG> (Thumb, 0 bytes, Stack size unknown bytes, _printf_percent_end.o(.ARM.Collect$$_printf_percent$$00000017))
<BR><BR>[Called By]<UL><LI><a href="#[93]">&gt;&gt;</a>&nbsp;&nbsp;&nbsp;_printf_s
</UL>

<P><STRONG><a name="[9d]"></a>__rt_lib_init</STRONG> (Thumb, 0 bytes, Stack size unknown bytes, libinit.o(.ARM.Collect$$libinit$$00000000))
<BR><BR>[Called By]<UL><LI><a href="#[9c]">&gt;&gt;</a>&nbsp;&nbsp;&nbsp;__rt_entry_li
</UL>

<P><STRONG><a name="[279]"></a>__rt_lib_init_fp_1</STRONG> (Thumb, 0 bytes, Stack size unknown bytes, libinit2.o(.ARM.Collect$$libinit$$00000002))

<P><STRONG><a name="[27a]"></a>__rt_lib_init_heap_1</STRONG> (Thumb, 0 bytes, Stack size unknown bytes, libinit2.o(.ARM.Collect$$libinit$$0000000A))

<P><STRONG><a name="[97]"></a>__rt_lib_init_lc_common</STRONG> (Thumb, 0 bytes, Stack size unknown bytes, libinit2.o(.ARM.Collect$$libinit$$0000000F))
<BR><BR>[Calls]<UL><LI><a href="#[98]">&gt;&gt;</a>&nbsp;&nbsp;&nbsp;__rt_locale
</UL>

<P><STRONG><a name="[27b]"></a>__rt_lib_init_preinit_1</STRONG> (Thumb, 0 bytes, Stack size unknown bytes, libinit2.o(.ARM.Collect$$libinit$$00000004))

<P><STRONG><a name="[27c]"></a>__rt_lib_init_rand_1</STRONG> (Thumb, 0 bytes, Stack size unknown bytes, libinit2.o(.ARM.Collect$$libinit$$0000000E))

<P><STRONG><a name="[27d]"></a>__rt_lib_init_user_alloc_1</STRONG> (Thumb, 0 bytes, Stack size unknown bytes, libinit2.o(.ARM.Collect$$libinit$$0000000C))

<P><STRONG><a name="[27e]"></a>__rt_lib_init_lc_collate_1</STRONG> (Thumb, 0 bytes, Stack size unknown bytes, libinit2.o(.ARM.Collect$$libinit$$00000011))

<P><STRONG><a name="[99]"></a>__rt_lib_init_lc_ctype_2</STRONG> (Thumb, 0 bytes, Stack size unknown bytes, libinit2.o(.ARM.Collect$$libinit$$00000012))
<BR><BR>[Stack]<UL><LI>Max Depth = 24 + Unknown Stack Size
<LI>Call Chain = __rt_lib_init_lc_ctype_2 &rArr; _get_lc_ctype &rArr; strcmp
</UL>
<BR>[Calls]<UL><LI><a href="#[33]">&gt;&gt;</a>&nbsp;&nbsp;&nbsp;_get_lc_ctype
</UL>

<P><STRONG><a name="[27f]"></a>__rt_lib_init_alloca_1</STRONG> (Thumb, 0 bytes, Stack size unknown bytes, libinit2.o(.ARM.Collect$$libinit$$0000002E))

<P><STRONG><a name="[280]"></a>__rt_lib_init_argv_1</STRONG> (Thumb, 0 bytes, Stack size unknown bytes, libinit2.o(.ARM.Collect$$libinit$$0000002C))

<P><STRONG><a name="[281]"></a>__rt_lib_init_atexit_1</STRONG> (Thumb, 0 bytes, Stack size unknown bytes, libinit2.o(.ARM.Collect$$libinit$$0000001B))

<P><STRONG><a name="[282]"></a>__rt_lib_init_clock_1</STRONG> (Thumb, 0 bytes, Stack size unknown bytes, libinit2.o(.ARM.Collect$$libinit$$00000021))

<P><STRONG><a name="[283]"></a>__rt_lib_init_cpp_1</STRONG> (Thumb, 0 bytes, Stack size unknown bytes, libinit2.o(.ARM.Collect$$libinit$$00000032))

<P><STRONG><a name="[284]"></a>__rt_lib_init_exceptions_1</STRONG> (Thumb, 0 bytes, Stack size unknown bytes, libinit2.o(.ARM.Collect$$libinit$$00000030))

<P><STRONG><a name="[285]"></a>__rt_lib_init_fp_trap_1</STRONG> (Thumb, 0 bytes, Stack size unknown bytes, libinit2.o(.ARM.Collect$$libinit$$0000001F))

<P><STRONG><a name="[286]"></a>__rt_lib_init_getenv_1</STRONG> (Thumb, 0 bytes, Stack size unknown bytes, libinit2.o(.ARM.Collect$$libinit$$00000023))

<P><STRONG><a name="[287]"></a>__rt_lib_init_lc_ctype_1</STRONG> (Thumb, 0 bytes, Stack size unknown bytes, libinit2.o(.ARM.Collect$$libinit$$00000013))

<P><STRONG><a name="[288]"></a>__rt_lib_init_lc_monetary_1</STRONG> (Thumb, 0 bytes, Stack size unknown bytes, libinit2.o(.ARM.Collect$$libinit$$00000015))

<P><STRONG><a name="[289]"></a>__rt_lib_init_lc_numeric_1</STRONG> (Thumb, 0 bytes, Stack size unknown bytes, libinit2.o(.ARM.Collect$$libinit$$00000017))

<P><STRONG><a name="[28a]"></a>__rt_lib_init_lc_time_1</STRONG> (Thumb, 0 bytes, Stack size unknown bytes, libinit2.o(.ARM.Collect$$libinit$$00000019))

<P><STRONG><a name="[28b]"></a>__rt_lib_init_return</STRONG> (Thumb, 0 bytes, Stack size unknown bytes, libinit2.o(.ARM.Collect$$libinit$$00000033))

<P><STRONG><a name="[28c]"></a>__rt_lib_init_signal_1</STRONG> (Thumb, 0 bytes, Stack size unknown bytes, libinit2.o(.ARM.Collect$$libinit$$0000001D))

<P><STRONG><a name="[28d]"></a>__rt_lib_init_stdio_1</STRONG> (Thumb, 0 bytes, Stack size unknown bytes, libinit2.o(.ARM.Collect$$libinit$$00000025))

<P><STRONG><a name="[a2]"></a>__rt_lib_shutdown</STRONG> (Thumb, 0 bytes, Stack size unknown bytes, libshutdown.o(.ARM.Collect$$libshutdown$$00000000))
<BR><BR>[Called By]<UL><LI><a href="#[a1]">&gt;&gt;</a>&nbsp;&nbsp;&nbsp;__rt_exit_ls
</UL>

<P><STRONG><a name="[28e]"></a>__rt_lib_shutdown_cpp_1</STRONG> (Thumb, 0 bytes, Stack size unknown bytes, libshutdown2.o(.ARM.Collect$$libshutdown$$00000002))

<P><STRONG><a name="[28f]"></a>__rt_lib_shutdown_fp_trap_1</STRONG> (Thumb, 0 bytes, Stack size unknown bytes, libshutdown2.o(.ARM.Collect$$libshutdown$$00000007))

<P><STRONG><a name="[290]"></a>__rt_lib_shutdown_heap_1</STRONG> (Thumb, 0 bytes, Stack size unknown bytes, libshutdown2.o(.ARM.Collect$$libshutdown$$0000000F))

<P><STRONG><a name="[291]"></a>__rt_lib_shutdown_return</STRONG> (Thumb, 0 bytes, Stack size unknown bytes, libshutdown2.o(.ARM.Collect$$libshutdown$$00000010))

<P><STRONG><a name="[292]"></a>__rt_lib_shutdown_signal_1</STRONG> (Thumb, 0 bytes, Stack size unknown bytes, libshutdown2.o(.ARM.Collect$$libshutdown$$0000000A))

<P><STRONG><a name="[293]"></a>__rt_lib_shutdown_stdio_1</STRONG> (Thumb, 0 bytes, Stack size unknown bytes, libshutdown2.o(.ARM.Collect$$libshutdown$$00000004))

<P><STRONG><a name="[294]"></a>__rt_lib_shutdown_user_alloc_1</STRONG> (Thumb, 0 bytes, Stack size unknown bytes, libshutdown2.o(.ARM.Collect$$libshutdown$$0000000C))

<P><STRONG><a name="[8e]"></a>__rt_entry</STRONG> (Thumb, 0 bytes, Stack size unknown bytes, __rtentry.o(.ARM.Collect$$rtentry$$00000000))
<BR><BR>[Called By]<UL><LI><a href="#[8f]">&gt;&gt;</a>&nbsp;&nbsp;&nbsp;__scatterload_rt2
<LI><a href="#[8c]">&gt;&gt;</a>&nbsp;&nbsp;&nbsp;__main
</UL>

<P><STRONG><a name="[295]"></a>__rt_entry_presh_1</STRONG> (Thumb, 0 bytes, Stack size unknown bytes, __rtentry2.o(.ARM.Collect$$rtentry$$00000002))

<P><STRONG><a name="[9a]"></a>__rt_entry_sh</STRONG> (Thumb, 0 bytes, Stack size unknown bytes, __rtentry4.o(.ARM.Collect$$rtentry$$00000004))
<BR><BR>[Stack]<UL><LI>Max Depth = 8 + Unknown Stack Size
<LI>Call Chain = __rt_entry_sh &rArr; __user_setup_stackheap
</UL>
<BR>[Calls]<UL><LI><a href="#[9b]">&gt;&gt;</a>&nbsp;&nbsp;&nbsp;__user_setup_stackheap
</UL>

<P><STRONG><a name="[9c]"></a>__rt_entry_li</STRONG> (Thumb, 0 bytes, Stack size unknown bytes, __rtentry2.o(.ARM.Collect$$rtentry$$0000000A))
<BR><BR>[Calls]<UL><LI><a href="#[9d]">&gt;&gt;</a>&nbsp;&nbsp;&nbsp;__rt_lib_init
</UL>

<P><STRONG><a name="[296]"></a>__rt_entry_postsh_1</STRONG> (Thumb, 0 bytes, Stack size unknown bytes, __rtentry2.o(.ARM.Collect$$rtentry$$00000009))

<P><STRONG><a name="[9e]"></a>__rt_entry_main</STRONG> (Thumb, 0 bytes, Stack size unknown bytes, __rtentry2.o(.ARM.Collect$$rtentry$$0000000D))
<BR><BR>[Stack]<UL><LI>Max Depth = 248 + Unknown Stack Size
<LI>Call Chain = __rt_entry_main &rArr; main &rArr; BoardInitPeriph &rArr; RtcInit &rArr; RtcSetConfig &rArr; HAL_RTC_Init &rArr; HAL_RTC_MspInit &rArr; HAL_RCC_OscConfig &rArr; HAL_InitTick &rArr; HAL_SYSTICK_Config &rArr; NVIC_SetPriority
</UL>
<BR>[Calls]<UL><LI><a href="#[9f]">&gt;&gt;</a>&nbsp;&nbsp;&nbsp;main
<LI><a href="#[a0]">&gt;&gt;</a>&nbsp;&nbsp;&nbsp;exit
</UL>

<P><STRONG><a name="[297]"></a>__rt_entry_postli_1</STRONG> (Thumb, 0 bytes, Stack size unknown bytes, __rtentry2.o(.ARM.Collect$$rtentry$$0000000C))

<P><STRONG><a name="[db]"></a>__rt_exit</STRONG> (Thumb, 0 bytes, Stack size unknown bytes, rtexit.o(.ARM.Collect$$rtexit$$00000000))
<BR><BR>[Called By]<UL><LI><a href="#[a0]">&gt;&gt;</a>&nbsp;&nbsp;&nbsp;exit
</UL>

<P><STRONG><a name="[a1]"></a>__rt_exit_ls</STRONG> (Thumb, 0 bytes, Stack size unknown bytes, rtexit2.o(.ARM.Collect$$rtexit$$00000003))
<BR><BR>[Calls]<UL><LI><a href="#[a2]">&gt;&gt;</a>&nbsp;&nbsp;&nbsp;__rt_lib_shutdown
</UL>

<P><STRONG><a name="[298]"></a>__rt_exit_prels_1</STRONG> (Thumb, 0 bytes, Stack size unknown bytes, rtexit2.o(.ARM.Collect$$rtexit$$00000002))

<P><STRONG><a name="[a3]"></a>__rt_exit_exit</STRONG> (Thumb, 0 bytes, Stack size unknown bytes, rtexit2.o(.ARM.Collect$$rtexit$$00000004))
<BR><BR>[Calls]<UL><LI><a href="#[a4]">&gt;&gt;</a>&nbsp;&nbsp;&nbsp;_sys_exit
</UL>

<P><STRONG><a name="[26a]"></a>__asm___6_port_c_39a90d8d__prvPortStartFirstTask</STRONG> (Thumb, 28 bytes, Stack size 0 bytes, port.o(.emb_text))
<BR><BR>[Called By]<UL><LI><a href="#[268]">&gt;&gt;</a>&nbsp;&nbsp;&nbsp;xPortStartScheduler
</UL>

<P><STRONG><a name="[26b]"></a>ulSetInterruptMaskFromISR</STRONG> (Thumb, 8 bytes, Stack size 0 bytes, port.o(.emb_text))
<BR><BR>[Called By]<UL><LI><a href="#[1fe]">&gt;&gt;</a>&nbsp;&nbsp;&nbsp;xQueueGenericSendFromISR
<LI><a href="#[240]">&gt;&gt;</a>&nbsp;&nbsp;&nbsp;xPortSysTickHandler
</UL>

<P><STRONG><a name="[26d]"></a>vClearInterruptMaskFromISR</STRONG> (Thumb, 6 bytes, Stack size 0 bytes, port.o(.emb_text))
<BR><BR>[Called By]<UL><LI><a href="#[1fe]">&gt;&gt;</a>&nbsp;&nbsp;&nbsp;xQueueGenericSendFromISR
<LI><a href="#[240]">&gt;&gt;</a>&nbsp;&nbsp;&nbsp;xPortSysTickHandler
</UL>

<P><STRONG><a name="[f]"></a>PendSV_Handler</STRONG> (Thumb, 62 bytes, Stack size 0 bytes, port.o(.emb_text))
<BR><BR>[Stack]<UL><LI>Max Depth = 8<LI>Call Chain = PendSV_Handler &rArr; vTaskSwitchContext
</UL>
<BR>[Calls]<UL><LI><a href="#[a5]">&gt;&gt;</a>&nbsp;&nbsp;&nbsp;vTaskSwitchContext
</UL>
<BR>[Address Reference Count : 1]<UL><LI> startup_stm32l073xx.o(RESET)
</UL>
<P><STRONG><a name="[bb]"></a>__aeabi_memcpy4</STRONG> (Thumb, 56 bytes, Stack size 0 bytes, rt_memcpy.o(.emb_text))
<BR><BR>[Called By]<UL><LI><a href="#[ee]">&gt;&gt;</a>&nbsp;&nbsp;&nbsp;RestoreUserConfigToDefault
<LI><a href="#[ff]">&gt;&gt;</a>&nbsp;&nbsp;&nbsp;AddTimer
<LI><a href="#[1da]">&gt;&gt;</a>&nbsp;&nbsp;&nbsp;SendQueueToRadio
<LI><a href="#[4b]">&gt;&gt;</a>&nbsp;&nbsp;&nbsp;UartTask
<LI><a href="#[4a]">&gt;&gt;</a>&nbsp;&nbsp;&nbsp;RadioTask
<LI><a href="#[211]">&gt;&gt;</a>&nbsp;&nbsp;&nbsp;UartConfig
<LI><a href="#[11a]">&gt;&gt;</a>&nbsp;&nbsp;&nbsp;GetAtConfig
<LI><a href="#[218]">&gt;&gt;</a>&nbsp;&nbsp;&nbsp;addFBCallback
<LI><a href="#[45]">&gt;&gt;</a>&nbsp;&nbsp;&nbsp;UpFBRiseCallback
<LI><a href="#[203]">&gt;&gt;</a>&nbsp;&nbsp;&nbsp;SetRtcInterval
<LI><a href="#[110]">&gt;&gt;</a>&nbsp;&nbsp;&nbsp;SendQueueToUartTask
<LI><a href="#[46]">&gt;&gt;</a>&nbsp;&nbsp;&nbsp;DownFBRiseCallback
<LI><a href="#[ec]">&gt;&gt;</a>&nbsp;&nbsp;&nbsp;commandAtHelp
<LI><a href="#[238]">&gt;&gt;</a>&nbsp;&nbsp;&nbsp;get_sensor_value
<LI><a href="#[1bd]">&gt;&gt;</a>&nbsp;&nbsp;&nbsp;engineerModeRestoreDefault
<LI><a href="#[7d]">&gt;&gt;</a>&nbsp;&nbsp;&nbsp;commandGKEY
<LI><a href="#[5a]">&gt;&gt;</a>&nbsp;&nbsp;&nbsp;commandCSQ
<LI><a href="#[5e]">&gt;&gt;</a>&nbsp;&nbsp;&nbsp;commandCKEY
<LI><a href="#[72]">&gt;&gt;</a>&nbsp;&nbsp;&nbsp;commandCAPPSKEY
<LI><a href="#[73]">&gt;&gt;</a>&nbsp;&nbsp;&nbsp;commandCAPPKEY
<LI><a href="#[191]">&gt;&gt;</a>&nbsp;&nbsp;&nbsp;LoadRxConfigFromEEPROM
<LI><a href="#[192]">&gt;&gt;</a>&nbsp;&nbsp;&nbsp;LoadOthersConfigFromEEPROM
<LI><a href="#[193]">&gt;&gt;</a>&nbsp;&nbsp;&nbsp;LoadLoRaWanFromEEPROM
<LI><a href="#[18f]">&gt;&gt;</a>&nbsp;&nbsp;&nbsp;LoadEngConfigFromEEPROM
<LI><a href="#[ba]">&gt;&gt;</a>&nbsp;&nbsp;&nbsp;__aeabi_memcpy
</UL>

<P><STRONG><a name="[299]"></a>__aeabi_memcpy8</STRONG> (Thumb, 0 bytes, Stack size 0 bytes, rt_memcpy.o(.emb_text), UNUSED)

<P><STRONG><a name="[b]"></a>Reset_Handler</STRONG> (Thumb, 8 bytes, Stack size 0 bytes, startup_stm32l073xx.o(.text))
<BR>[Address Reference Count : 1]<UL><LI> startup_stm32l073xx.o(RESET)
</UL>
<P><STRONG><a name="[1d]"></a>ADC1_COMP_IRQHandler</STRONG> (Thumb, 0 bytes, Stack size 0 bytes, startup_stm32l073xx.o(.text))
<BR><BR>[Calls]<UL><LI><a href="#[1d]">&gt;&gt;</a>&nbsp;&nbsp;&nbsp;ADC1_COMP_IRQHandler
</UL>
<BR>[Called By]<UL><LI><a href="#[1d]">&gt;&gt;</a>&nbsp;&nbsp;&nbsp;ADC1_COMP_IRQHandler
</UL>
<BR>[Address Reference Count : 1]<UL><LI> startup_stm32l073xx.o(RESET)
</UL>
<P><STRONG><a name="[1a]"></a>DMA1_Channel1_IRQHandler</STRONG> (Thumb, 0 bytes, Stack size 0 bytes, startup_stm32l073xx.o(.text))
<BR>[Address Reference Count : 1]<UL><LI> startup_stm32l073xx.o(RESET)
</UL>
<P><STRONG><a name="[1b]"></a>DMA1_Channel2_3_IRQHandler</STRONG> (Thumb, 0 bytes, Stack size 0 bytes, startup_stm32l073xx.o(.text))
<BR>[Address Reference Count : 1]<UL><LI> startup_stm32l073xx.o(RESET)
</UL>
<P><STRONG><a name="[1c]"></a>DMA1_Channel4_5_6_7_IRQHandler</STRONG> (Thumb, 0 bytes, Stack size 0 bytes, startup_stm32l073xx.o(.text))
<BR>[Address Reference Count : 1]<UL><LI> startup_stm32l073xx.o(RESET)
</UL>
<P><STRONG><a name="[14]"></a>FLASH_IRQHandler</STRONG> (Thumb, 0 bytes, Stack size 0 bytes, startup_stm32l073xx.o(.text))
<BR>[Address Reference Count : 1]<UL><LI> startup_stm32l073xx.o(RESET)
</UL>
<P><STRONG><a name="[27]"></a>I2C1_IRQHandler</STRONG> (Thumb, 0 bytes, Stack size 0 bytes, startup_stm32l073xx.o(.text))
<BR>[Address Reference Count : 1]<UL><LI> startup_stm32l073xx.o(RESET)
</UL>
<P><STRONG><a name="[28]"></a>I2C2_IRQHandler</STRONG> (Thumb, 0 bytes, Stack size 0 bytes, startup_stm32l073xx.o(.text))
<BR>[Address Reference Count : 1]<UL><LI> startup_stm32l073xx.o(RESET)
</UL>
<P><STRONG><a name="[25]"></a>I2C3_IRQHandler</STRONG> (Thumb, 0 bytes, Stack size 0 bytes, startup_stm32l073xx.o(.text))
<BR>[Address Reference Count : 1]<UL><LI> startup_stm32l073xx.o(RESET)
</UL>
<P><STRONG><a name="[2e]"></a>LCD_IRQHandler</STRONG> (Thumb, 0 bytes, Stack size 0 bytes, startup_stm32l073xx.o(.text))
<BR>[Address Reference Count : 1]<UL><LI> startup_stm32l073xx.o(RESET)
</UL>
<P><STRONG><a name="[1e]"></a>LPTIM1_IRQHandler</STRONG> (Thumb, 0 bytes, Stack size 0 bytes, startup_stm32l073xx.o(.text))
<BR>[Address Reference Count : 1]<UL><LI> startup_stm32l073xx.o(RESET)
</UL>
<P><STRONG><a name="[12]"></a>PVD_IRQHandler</STRONG> (Thumb, 0 bytes, Stack size 0 bytes, startup_stm32l073xx.o(.text))
<BR>[Address Reference Count : 1]<UL><LI> startup_stm32l073xx.o(RESET)
</UL>
<P><STRONG><a name="[15]"></a>RCC_CRS_IRQHandler</STRONG> (Thumb, 0 bytes, Stack size 0 bytes, startup_stm32l073xx.o(.text))
<BR>[Address Reference Count : 1]<UL><LI> startup_stm32l073xx.o(RESET)
</UL>
<P><STRONG><a name="[2d]"></a>RNG_LPUART1_IRQHandler</STRONG> (Thumb, 0 bytes, Stack size 0 bytes, startup_stm32l073xx.o(.text))
<BR>[Address Reference Count : 1]<UL><LI> startup_stm32l073xx.o(RESET)
</UL>
<P><STRONG><a name="[29]"></a>SPI1_IRQHandler</STRONG> (Thumb, 0 bytes, Stack size 0 bytes, startup_stm32l073xx.o(.text))
<BR>[Address Reference Count : 1]<UL><LI> startup_stm32l073xx.o(RESET)
</UL>
<P><STRONG><a name="[2a]"></a>SPI2_IRQHandler</STRONG> (Thumb, 0 bytes, Stack size 0 bytes, startup_stm32l073xx.o(.text))
<BR>[Address Reference Count : 1]<UL><LI> startup_stm32l073xx.o(RESET)
</UL>
<P><STRONG><a name="[24]"></a>TIM21_IRQHandler</STRONG> (Thumb, 0 bytes, Stack size 0 bytes, startup_stm32l073xx.o(.text))
<BR>[Address Reference Count : 1]<UL><LI> startup_stm32l073xx.o(RESET)
</UL>
<P><STRONG><a name="[26]"></a>TIM22_IRQHandler</STRONG> (Thumb, 0 bytes, Stack size 0 bytes, startup_stm32l073xx.o(.text))
<BR>[Address Reference Count : 1]<UL><LI> startup_stm32l073xx.o(RESET)
</UL>
<P><STRONG><a name="[20]"></a>TIM2_IRQHandler</STRONG> (Thumb, 0 bytes, Stack size 0 bytes, startup_stm32l073xx.o(.text))
<BR>[Address Reference Count : 1]<UL><LI> startup_stm32l073xx.o(RESET)
</UL>
<P><STRONG><a name="[22]"></a>TIM6_DAC_IRQHandler</STRONG> (Thumb, 0 bytes, Stack size 0 bytes, startup_stm32l073xx.o(.text))
<BR>[Address Reference Count : 1]<UL><LI> startup_stm32l073xx.o(RESET)
</UL>
<P><STRONG><a name="[23]"></a>TIM7_IRQHandler</STRONG> (Thumb, 0 bytes, Stack size 0 bytes, startup_stm32l073xx.o(.text))
<BR>[Address Reference Count : 1]<UL><LI> startup_stm32l073xx.o(RESET)
</UL>
<P><STRONG><a name="[19]"></a>TSC_IRQHandler</STRONG> (Thumb, 0 bytes, Stack size 0 bytes, startup_stm32l073xx.o(.text))
<BR>[Address Reference Count : 1]<UL><LI> startup_stm32l073xx.o(RESET)
</UL>
<P><STRONG><a name="[1f]"></a>USART4_5_IRQHandler</STRONG> (Thumb, 0 bytes, Stack size 0 bytes, startup_stm32l073xx.o(.text))
<BR>[Address Reference Count : 1]<UL><LI> startup_stm32l073xx.o(RESET)
</UL>
<P><STRONG><a name="[2f]"></a>USB_IRQHandler</STRONG> (Thumb, 0 bytes, Stack size 0 bytes, startup_stm32l073xx.o(.text))
<BR>[Address Reference Count : 1]<UL><LI> startup_stm32l073xx.o(RESET)
</UL>
<P><STRONG><a name="[11]"></a>WWDG_IRQHandler</STRONG> (Thumb, 0 bytes, Stack size 0 bytes, startup_stm32l073xx.o(.text))
<BR>[Address Reference Count : 1]<UL><LI> startup_stm32l073xx.o(RESET)
</UL>
<P><STRONG><a name="[d9]"></a>__user_initial_stackheap</STRONG> (Thumb, 0 bytes, Stack size unknown bytes, startup_stm32l073xx.o(.text))
<BR><BR>[Called By]<UL><LI><a href="#[9b]">&gt;&gt;</a>&nbsp;&nbsp;&nbsp;__user_setup_stackheap
</UL>

<P><STRONG><a name="[210]"></a>__aeabi_uldivmod</STRONG> (Thumb, 258 bytes, Stack size 32 bytes, lludiv.o(.text))
<BR><BR>[Stack]<UL><LI>Max Depth = 32<LI>Call Chain = __aeabi_uldivmod
</UL>
<BR>[Called By]<UL><LI><a href="#[17c]">&gt;&gt;</a>&nbsp;&nbsp;&nbsp;UART_SetConfig
</UL>

<P><STRONG><a name="[29a]"></a>_ll_udiv</STRONG> (Thumb, 0 bytes, Stack size 32 bytes, lludiv.o(.text), UNUSED)

<P><STRONG><a name="[a6]"></a>__2sprintf</STRONG> (Thumb, 36 bytes, Stack size 32 bytes, noretval__2sprintf.o(.text))
<BR><BR>[Stack]<UL><LI>Max Depth = 128 + Unknown Stack Size
<LI>Call Chain = __2sprintf &rArr; _printf_char_common &rArr; __printf
</UL>
<BR>[Calls]<UL><LI><a href="#[32]">&gt;&gt;</a>&nbsp;&nbsp;&nbsp;_sputc
<LI><a href="#[a7]">&gt;&gt;</a>&nbsp;&nbsp;&nbsp;_printf_char_common
</UL>
<BR>[Called By]<UL><LI><a href="#[4b]">&gt;&gt;</a>&nbsp;&nbsp;&nbsp;UartTask
<LI><a href="#[1dc]">&gt;&gt;</a>&nbsp;&nbsp;&nbsp;ReceiveRadioRxData
<LI><a href="#[189]">&gt;&gt;</a>&nbsp;&nbsp;&nbsp;InitAtCommandList
<LI><a href="#[10b]">&gt;&gt;</a>&nbsp;&nbsp;&nbsp;sendSensorData
<LI><a href="#[1c2]">&gt;&gt;</a>&nbsp;&nbsp;&nbsp;PinTest
<LI><a href="#[7a]">&gt;&gt;</a>&nbsp;&nbsp;&nbsp;commandUPBACKPINC
<LI><a href="#[77]">&gt;&gt;</a>&nbsp;&nbsp;&nbsp;commandTESTPOWER
<LI><a href="#[78]">&gt;&gt;</a>&nbsp;&nbsp;&nbsp;commandTESTBAT
<LI><a href="#[6a]">&gt;&gt;</a>&nbsp;&nbsp;&nbsp;commandSTIMER1
<LI><a href="#[6b]">&gt;&gt;</a>&nbsp;&nbsp;&nbsp;commandSTIMER
<LI><a href="#[70]">&gt;&gt;</a>&nbsp;&nbsp;&nbsp;commandSPWMOD
<LI><a href="#[76]">&gt;&gt;</a>&nbsp;&nbsp;&nbsp;commandSPROFILE
<LI><a href="#[65]">&gt;&gt;</a>&nbsp;&nbsp;&nbsp;commandSLMR
<LI><a href="#[6c]">&gt;&gt;</a>&nbsp;&nbsp;&nbsp;commandSIRQ
<LI><a href="#[6d]">&gt;&gt;</a>&nbsp;&nbsp;&nbsp;commandSGPIO
<LI><a href="#[66]">&gt;&gt;</a>&nbsp;&nbsp;&nbsp;commandSGMR
<LI><a href="#[68]">&gt;&gt;</a>&nbsp;&nbsp;&nbsp;commandSGMM
<LI><a href="#[67]">&gt;&gt;</a>&nbsp;&nbsp;&nbsp;commandSGMI
<LI><a href="#[69]">&gt;&gt;</a>&nbsp;&nbsp;&nbsp;commandSGMD
<LI><a href="#[7c]">&gt;&gt;</a>&nbsp;&nbsp;&nbsp;commandSDEVICETYPE
<LI><a href="#[6f]">&gt;&gt;</a>&nbsp;&nbsp;&nbsp;commandIBR
<LI><a href="#[8a]">&gt;&gt;</a>&nbsp;&nbsp;&nbsp;commandGUUID
<LI><a href="#[7f]">&gt;&gt;</a>&nbsp;&nbsp;&nbsp;commandGTXD
<LI><a href="#[88]">&gt;&gt;</a>&nbsp;&nbsp;&nbsp;commandGSYSC
<LI><a href="#[8b]">&gt;&gt;</a>&nbsp;&nbsp;&nbsp;commandGRXC
<LI><a href="#[7e]">&gt;&gt;</a>&nbsp;&nbsp;&nbsp;commandGPIN
<LI><a href="#[85]">&gt;&gt;</a>&nbsp;&nbsp;&nbsp;commandGMTXP
<LI><a href="#[84]">&gt;&gt;</a>&nbsp;&nbsp;&nbsp;commandGLMR
<LI><a href="#[7d]">&gt;&gt;</a>&nbsp;&nbsp;&nbsp;commandGKEY
<LI><a href="#[82]">&gt;&gt;</a>&nbsp;&nbsp;&nbsp;commandGGMD
<LI><a href="#[89]">&gt;&gt;</a>&nbsp;&nbsp;&nbsp;commandGCPW
<LI><a href="#[80]">&gt;&gt;</a>&nbsp;&nbsp;&nbsp;commandGCHO
<LI><a href="#[81]">&gt;&gt;</a>&nbsp;&nbsp;&nbsp;commandGCH
<LI><a href="#[4f]">&gt;&gt;</a>&nbsp;&nbsp;&nbsp;commandGADM
<LI><a href="#[6e]">&gt;&gt;</a>&nbsp;&nbsp;&nbsp;commandECHO
<LI><a href="#[52]">&gt;&gt;</a>&nbsp;&nbsp;&nbsp;commandDRX
<LI><a href="#[7b]">&gt;&gt;</a>&nbsp;&nbsp;&nbsp;commandDOWNBACKPINC
<LI><a href="#[87]">&gt;&gt;</a>&nbsp;&nbsp;&nbsp;commandCaliRSSI
<LI><a href="#[5c]">&gt;&gt;</a>&nbsp;&nbsp;&nbsp;commandCTXP
<LI><a href="#[54]">&gt;&gt;</a>&nbsp;&nbsp;&nbsp;commandCSYNC
<LI><a href="#[5a]">&gt;&gt;</a>&nbsp;&nbsp;&nbsp;commandCSQ
<LI><a href="#[58]">&gt;&gt;</a>&nbsp;&nbsp;&nbsp;commandCSID
<LI><a href="#[57]">&gt;&gt;</a>&nbsp;&nbsp;&nbsp;commandCSF
<LI><a href="#[62]">&gt;&gt;</a>&nbsp;&nbsp;&nbsp;commandCRXC
<LI><a href="#[5b]">&gt;&gt;</a>&nbsp;&nbsp;&nbsp;commandCRPTM
<LI><a href="#[59]">&gt;&gt;</a>&nbsp;&nbsp;&nbsp;commandCPIN
<LI><a href="#[64]">&gt;&gt;</a>&nbsp;&nbsp;&nbsp;commandCPAE
<LI><a href="#[71]">&gt;&gt;</a>&nbsp;&nbsp;&nbsp;commandCNWKSKEY
<LI><a href="#[5f]">&gt;&gt;</a>&nbsp;&nbsp;&nbsp;commandCMAC
<LI><a href="#[5e]">&gt;&gt;</a>&nbsp;&nbsp;&nbsp;commandCKEY
<LI><a href="#[74]">&gt;&gt;</a>&nbsp;&nbsp;&nbsp;commandCDEVEUI
<LI><a href="#[60]">&gt;&gt;</a>&nbsp;&nbsp;&nbsp;commandCCHO
<LI><a href="#[61]">&gt;&gt;</a>&nbsp;&nbsp;&nbsp;commandCCH
<LI><a href="#[56]">&gt;&gt;</a>&nbsp;&nbsp;&nbsp;commandCBAP
<LI><a href="#[72]">&gt;&gt;</a>&nbsp;&nbsp;&nbsp;commandCAPPSKEY
<LI><a href="#[73]">&gt;&gt;</a>&nbsp;&nbsp;&nbsp;commandCAPPKEY
<LI><a href="#[75]">&gt;&gt;</a>&nbsp;&nbsp;&nbsp;commandCAPPEUI
<LI><a href="#[55]">&gt;&gt;</a>&nbsp;&nbsp;&nbsp;commandCAPORT
<LI><a href="#[13f]">&gt;&gt;</a>&nbsp;&nbsp;&nbsp;GpioTest
</UL>

<P><STRONG><a name="[a9]"></a>_printf_pre_padding</STRONG> (Thumb, 44 bytes, Stack size 16 bytes, _printf_pad.o(.text))
<BR><BR>[Stack]<UL><LI>Max Depth = 16<LI>Call Chain = _printf_pre_padding
</UL>
<BR>[Called By]<UL><LI><a href="#[a8]">&gt;&gt;</a>&nbsp;&nbsp;&nbsp;_printf_str
<LI><a href="#[ae]">&gt;&gt;</a>&nbsp;&nbsp;&nbsp;_printf_int_common
</UL>

<P><STRONG><a name="[aa]"></a>_printf_post_padding</STRONG> (Thumb, 34 bytes, Stack size 16 bytes, _printf_pad.o(.text))
<BR><BR>[Stack]<UL><LI>Max Depth = 16<LI>Call Chain = _printf_post_padding
</UL>
<BR>[Called By]<UL><LI><a href="#[a8]">&gt;&gt;</a>&nbsp;&nbsp;&nbsp;_printf_str
<LI><a href="#[ae]">&gt;&gt;</a>&nbsp;&nbsp;&nbsp;_printf_int_common
</UL>

<P><STRONG><a name="[a8]"></a>_printf_str</STRONG> (Thumb, 82 bytes, Stack size 16 bytes, _printf_str.o(.text))
<BR><BR>[Stack]<UL><LI>Max Depth = 32<LI>Call Chain = _printf_str &rArr; _printf_post_padding
</UL>
<BR>[Calls]<UL><LI><a href="#[aa]">&gt;&gt;</a>&nbsp;&nbsp;&nbsp;_printf_post_padding
<LI><a href="#[a9]">&gt;&gt;</a>&nbsp;&nbsp;&nbsp;_printf_pre_padding
</UL>
<BR>[Called By]<UL><LI><a href="#[d0]">&gt;&gt;</a>&nbsp;&nbsp;&nbsp;_printf_cs_common
</UL>

<P><STRONG><a name="[92]"></a>_printf_int_dec</STRONG> (Thumb, 90 bytes, Stack size 32 bytes, _printf_dec.o(.text))
<BR><BR>[Stack]<UL><LI>Max Depth = 88<LI>Call Chain = _printf_int_dec &rArr; _printf_int_common &rArr; _printf_post_padding
</UL>
<BR>[Calls]<UL><LI><a href="#[ac]">&gt;&gt;</a>&nbsp;&nbsp;&nbsp;_printf_truncate_unsigned (Weak Reference)
<LI><a href="#[ab]">&gt;&gt;</a>&nbsp;&nbsp;&nbsp;_printf_truncate_signed (Weak Reference)
<LI><a href="#[ad]">&gt;&gt;</a>&nbsp;&nbsp;&nbsp;__rt_udiv10
<LI><a href="#[ae]">&gt;&gt;</a>&nbsp;&nbsp;&nbsp;_printf_int_common
</UL>
<BR>[Called By]<UL><LI><a href="#[90]">&gt;&gt;</a>&nbsp;&nbsp;&nbsp;_printf_d
</UL>

<P><STRONG><a name="[94]"></a>_printf_int_hex</STRONG> (Thumb, 84 bytes, Stack size 16 bytes, _printf_hex_int.o(.text))
<BR><BR>[Stack]<UL><LI>Max Depth = 72<LI>Call Chain = _printf_int_hex &rArr; _printf_int_common &rArr; _printf_post_padding
</UL>
<BR>[Calls]<UL><LI><a href="#[ac]">&gt;&gt;</a>&nbsp;&nbsp;&nbsp;_printf_truncate_unsigned (Weak Reference)
<LI><a href="#[ae]">&gt;&gt;</a>&nbsp;&nbsp;&nbsp;_printf_int_common
</UL>
<BR>[Called By]<UL><LI><a href="#[91]">&gt;&gt;</a>&nbsp;&nbsp;&nbsp;_printf_x
</UL>

<P><STRONG><a name="[29b]"></a>_printf_longlong_hex</STRONG> (Thumb, 0 bytes, Stack size 16 bytes, _printf_hex_int.o(.text), UNUSED)

<P><STRONG><a name="[af]"></a>__printf</STRONG> (Thumb, 306 bytes, Stack size 32 bytes, __printf_flags_wp.o(.text))
<BR><BR>[Stack]<UL><LI>Max Depth = 32 + Unknown Stack Size
<LI>Call Chain = __printf
</UL>
<BR>[Calls]<UL><LI><a href="#[b1]">&gt;&gt;</a>&nbsp;&nbsp;&nbsp;_printf_percent
<LI><a href="#[b0]">&gt;&gt;</a>&nbsp;&nbsp;&nbsp;_is_digit
</UL>
<BR>[Called By]<UL><LI><a href="#[a7]">&gt;&gt;</a>&nbsp;&nbsp;&nbsp;_printf_char_common
</UL>

<P><STRONG><a name="[b2]"></a>strtol</STRONG> (Thumb, 108 bytes, Stack size 32 bytes, strtol.o(.text))
<BR><BR>[Stack]<UL><LI>Max Depth = 72<LI>Call Chain = strtol &rArr; _strtoul
</UL>
<BR>[Calls]<UL><LI><a href="#[b4]">&gt;&gt;</a>&nbsp;&nbsp;&nbsp;_strtoul
<LI><a href="#[b5]">&gt;&gt;</a>&nbsp;&nbsp;&nbsp;__aeabi_errno_addr
<LI><a href="#[b3]">&gt;&gt;</a>&nbsp;&nbsp;&nbsp;__rt_ctype_table
</UL>
<BR>[Called By]<UL><LI><a href="#[238]">&gt;&gt;</a>&nbsp;&nbsp;&nbsp;get_sensor_value
<LI><a href="#[232]">&gt;&gt;</a>&nbsp;&nbsp;&nbsp;get_numerical_value
<LI><a href="#[20d]">&gt;&gt;</a>&nbsp;&nbsp;&nbsp;TransferKeyFromStrToNum
<LI><a href="#[236]">&gt;&gt;</a>&nbsp;&nbsp;&nbsp;converterStringToAscii
<LI><a href="#[22f]">&gt;&gt;</a>&nbsp;&nbsp;&nbsp;checkVauleFormate
</UL>

<P><STRONG><a name="[b6]"></a>strtoul</STRONG> (Thumb, 118 bytes, Stack size 40 bytes, strtoul.o(.text))
<BR><BR>[Stack]<UL><LI>Max Depth = 80<LI>Call Chain = strtoul &rArr; _strtoul
</UL>
<BR>[Calls]<UL><LI><a href="#[b4]">&gt;&gt;</a>&nbsp;&nbsp;&nbsp;_strtoul
<LI><a href="#[b5]">&gt;&gt;</a>&nbsp;&nbsp;&nbsp;__aeabi_errno_addr
<LI><a href="#[b3]">&gt;&gt;</a>&nbsp;&nbsp;&nbsp;__rt_ctype_table
</UL>
<BR>[Called By]<UL><LI><a href="#[238]">&gt;&gt;</a>&nbsp;&nbsp;&nbsp;get_sensor_value
<LI><a href="#[194]">&gt;&gt;</a>&nbsp;&nbsp;&nbsp;updateLoRaMacInitNwkIds
</UL>

<P><STRONG><a name="[1bc]"></a>memcmp</STRONG> (Thumb, 90 bytes, Stack size 8 bytes, memcmp.o(.text))
<BR><BR>[Stack]<UL><LI>Max Depth = 8<LI>Call Chain = memcmp
</UL>
<BR>[Called By]<UL><LI><a href="#[190]">&gt;&gt;</a>&nbsp;&nbsp;&nbsp;LoadUserConfigFromEEPROM
<LI><a href="#[191]">&gt;&gt;</a>&nbsp;&nbsp;&nbsp;LoadRxConfigFromEEPROM
<LI><a href="#[192]">&gt;&gt;</a>&nbsp;&nbsp;&nbsp;LoadOthersConfigFromEEPROM
<LI><a href="#[18d]">&gt;&gt;</a>&nbsp;&nbsp;&nbsp;LoadNodeConfigFromEEPROM
<LI><a href="#[193]">&gt;&gt;</a>&nbsp;&nbsp;&nbsp;LoadLoRaWanFromEEPROM
<LI><a href="#[18f]">&gt;&gt;</a>&nbsp;&nbsp;&nbsp;LoadEngConfigFromEEPROM
<LI><a href="#[18e]">&gt;&gt;</a>&nbsp;&nbsp;&nbsp;LoadAtConfigFromEEPROM
</UL>

<P><STRONG><a name="[b7]"></a>strncasecmp</STRONG> (Thumb, 46 bytes, Stack size 32 bytes, strncasecmp.o(.text))
<BR><BR>[Stack]<UL><LI>Max Depth = 48<LI>Call Chain = strncasecmp &rArr; tolower &rArr; __rt_ctype_table
</UL>
<BR>[Calls]<UL><LI><a href="#[b8]">&gt;&gt;</a>&nbsp;&nbsp;&nbsp;tolower
</UL>
<BR>[Called By]<UL><LI><a href="#[e9]">&gt;&gt;</a>&nbsp;&nbsp;&nbsp;ATCommandParser
<LI><a href="#[eb]">&gt;&gt;</a>&nbsp;&nbsp;&nbsp;parse_command_buffer
</UL>

<P><STRONG><a name="[b9]"></a>strcasecmp</STRONG> (Thumb, 38 bytes, Stack size 24 bytes, strcasecmp.o(.text))
<BR><BR>[Stack]<UL><LI>Max Depth = 40<LI>Call Chain = strcasecmp &rArr; tolower &rArr; __rt_ctype_table
</UL>
<BR>[Calls]<UL><LI><a href="#[b8]">&gt;&gt;</a>&nbsp;&nbsp;&nbsp;tolower
</UL>
<BR>[Called By]<UL><LI><a href="#[e9]">&gt;&gt;</a>&nbsp;&nbsp;&nbsp;ATCommandParser
</UL>

<P><STRONG><a name="[1e2]"></a>strlen</STRONG> (Thumb, 62 bytes, Stack size 12 bytes, strlen.o(.text))
<BR><BR>[Stack]<UL><LI>Max Depth = 12<LI>Call Chain = strlen
</UL>
<BR>[Called By]<UL><LI><a href="#[200]">&gt;&gt;</a>&nbsp;&nbsp;&nbsp;SendToUartImmediately
<LI><a href="#[141]">&gt;&gt;</a>&nbsp;&nbsp;&nbsp;SendMsgToUart
<LI><a href="#[eb]">&gt;&gt;</a>&nbsp;&nbsp;&nbsp;parse_command_buffer
<LI><a href="#[236]">&gt;&gt;</a>&nbsp;&nbsp;&nbsp;converterStringToAscii
<LI><a href="#[5d]">&gt;&gt;</a>&nbsp;&nbsp;&nbsp;commandGPT
<LI><a href="#[7d]">&gt;&gt;</a>&nbsp;&nbsp;&nbsp;commandGKEY
<LI><a href="#[82]">&gt;&gt;</a>&nbsp;&nbsp;&nbsp;commandGGMD
<LI><a href="#[89]">&gt;&gt;</a>&nbsp;&nbsp;&nbsp;commandGCPW
<LI><a href="#[50]">&gt;&gt;</a>&nbsp;&nbsp;&nbsp;commandDTX
<LI><a href="#[5e]">&gt;&gt;</a>&nbsp;&nbsp;&nbsp;commandCKEY
<LI><a href="#[22f]">&gt;&gt;</a>&nbsp;&nbsp;&nbsp;checkVauleFormate
<LI><a href="#[1e1]">&gt;&gt;</a>&nbsp;&nbsp;&nbsp;RemoveEndChar
</UL>

<P><STRONG><a name="[12e]"></a>strncmp</STRONG> (Thumb, 154 bytes, Stack size 20 bytes, strncmp.o(.text))
<BR><BR>[Stack]<UL><LI>Max Depth = 20<LI>Call Chain = strncmp
</UL>
<BR>[Called By]<UL><LI><a href="#[4b]">&gt;&gt;</a>&nbsp;&nbsp;&nbsp;UartTask
<LI><a href="#[137]">&gt;&gt;</a>&nbsp;&nbsp;&nbsp;parseTXPPdata
<LI><a href="#[134]">&gt;&gt;</a>&nbsp;&nbsp;&nbsp;parseTXCMdata
<LI><a href="#[5d]">&gt;&gt;</a>&nbsp;&nbsp;&nbsp;commandGPT
<LI><a href="#[4f]">&gt;&gt;</a>&nbsp;&nbsp;&nbsp;commandGADM
<LI><a href="#[12d]">&gt;&gt;</a>&nbsp;&nbsp;&nbsp;GetProductionTestCommand
</UL>

<P><STRONG><a name="[230]"></a>strcat</STRONG> (Thumb, 24 bytes, Stack size 0 bytes, strcat.o(.text))
<BR><BR>[Called By]<UL><LI><a href="#[10b]">&gt;&gt;</a>&nbsp;&nbsp;&nbsp;sendSensorData
<LI><a href="#[ec]">&gt;&gt;</a>&nbsp;&nbsp;&nbsp;commandAtHelp
<LI><a href="#[76]">&gt;&gt;</a>&nbsp;&nbsp;&nbsp;commandSPROFILE
<LI><a href="#[5a]">&gt;&gt;</a>&nbsp;&nbsp;&nbsp;commandCSQ
</UL>

<P><STRONG><a name="[ba]"></a>__aeabi_memcpy</STRONG> (Thumb, 130 bytes, Stack size 24 bytes, rt_memcpy.o(.text))
<BR><BR>[Stack]<UL><LI>Max Depth = 24<LI>Call Chain = __aeabi_memcpy
</UL>
<BR>[Calls]<UL><LI><a href="#[bb]">&gt;&gt;</a>&nbsp;&nbsp;&nbsp;__aeabi_memcpy4
</UL>
<BR>[Called By]<UL><LI><a href="#[ee]">&gt;&gt;</a>&nbsp;&nbsp;&nbsp;RestoreUserConfigToDefault
<LI><a href="#[1b8]">&gt;&gt;</a>&nbsp;&nbsp;&nbsp;LoRaMacSetNextChannel
<LI><a href="#[1aa]">&gt;&gt;</a>&nbsp;&nbsp;&nbsp;LoRaMacPrepareFrame
<LI><a href="#[1da]">&gt;&gt;</a>&nbsp;&nbsp;&nbsp;SendQueueToRadio
<LI><a href="#[4b]">&gt;&gt;</a>&nbsp;&nbsp;&nbsp;UartTask
<LI><a href="#[4a]">&gt;&gt;</a>&nbsp;&nbsp;&nbsp;RadioTask
<LI><a href="#[e8]">&gt;&gt;</a>&nbsp;&nbsp;&nbsp;AES_CMAC_Update
<LI><a href="#[e2]">&gt;&gt;</a>&nbsp;&nbsp;&nbsp;AES_CMAC_Final
<LI><a href="#[198]">&gt;&gt;</a>&nbsp;&nbsp;&nbsp;SetRadioRxChannel
<LI><a href="#[1a6]">&gt;&gt;</a>&nbsp;&nbsp;&nbsp;LoRaMacInitNwkIds
<LI><a href="#[1dc]">&gt;&gt;</a>&nbsp;&nbsp;&nbsp;ReceiveRadioRxData
<LI><a href="#[130]">&gt;&gt;</a>&nbsp;&nbsp;&nbsp;GetSensorConfig
<LI><a href="#[204]">&gt;&gt;</a>&nbsp;&nbsp;&nbsp;SetTXPPLable
<LI><a href="#[110]">&gt;&gt;</a>&nbsp;&nbsp;&nbsp;SendQueueToUartTask
<LI><a href="#[ea]">&gt;&gt;</a>&nbsp;&nbsp;&nbsp;backup_previous_commandbuffer
<LI><a href="#[233]">&gt;&gt;</a>&nbsp;&nbsp;&nbsp;get_value
<LI><a href="#[235]">&gt;&gt;</a>&nbsp;&nbsp;&nbsp;get_string_value
<LI><a href="#[238]">&gt;&gt;</a>&nbsp;&nbsp;&nbsp;get_sensor_value
<LI><a href="#[1bd]">&gt;&gt;</a>&nbsp;&nbsp;&nbsp;engineerModeRestoreDefault
<LI><a href="#[7e]">&gt;&gt;</a>&nbsp;&nbsp;&nbsp;commandGPIN
<LI><a href="#[84]">&gt;&gt;</a>&nbsp;&nbsp;&nbsp;commandGLMR
<LI><a href="#[7d]">&gt;&gt;</a>&nbsp;&nbsp;&nbsp;commandGKEY
<LI><a href="#[82]">&gt;&gt;</a>&nbsp;&nbsp;&nbsp;commandGGMD
<LI><a href="#[89]">&gt;&gt;</a>&nbsp;&nbsp;&nbsp;commandGCPW
<LI><a href="#[53]">&gt;&gt;</a>&nbsp;&nbsp;&nbsp;commandDTTX
<LI><a href="#[71]">&gt;&gt;</a>&nbsp;&nbsp;&nbsp;commandCNWKSKEY
<LI><a href="#[5f]">&gt;&gt;</a>&nbsp;&nbsp;&nbsp;commandCMAC
<LI><a href="#[5e]">&gt;&gt;</a>&nbsp;&nbsp;&nbsp;commandCKEY
<LI><a href="#[74]">&gt;&gt;</a>&nbsp;&nbsp;&nbsp;commandCDEVEUI
<LI><a href="#[75]">&gt;&gt;</a>&nbsp;&nbsp;&nbsp;commandCAPPEUI
<LI><a href="#[190]">&gt;&gt;</a>&nbsp;&nbsp;&nbsp;LoadUserConfigFromEEPROM
<LI><a href="#[192]">&gt;&gt;</a>&nbsp;&nbsp;&nbsp;LoadOthersConfigFromEEPROM
<LI><a href="#[18d]">&gt;&gt;</a>&nbsp;&nbsp;&nbsp;LoadNodeConfigFromEEPROM
<LI><a href="#[193]">&gt;&gt;</a>&nbsp;&nbsp;&nbsp;LoadLoRaWanFromEEPROM
<LI><a href="#[18f]">&gt;&gt;</a>&nbsp;&nbsp;&nbsp;LoadEngConfigFromEEPROM
<LI><a href="#[136]">&gt;&gt;</a>&nbsp;&nbsp;&nbsp;GetTXPPData
<LI><a href="#[24c]">&gt;&gt;</a>&nbsp;&nbsp;&nbsp;prvCopyDataToQueue
<LI><a href="#[24b]">&gt;&gt;</a>&nbsp;&nbsp;&nbsp;prvCopyDataFromQueue
</UL>

<P><STRONG><a name="[29c]"></a>__rt_memcpy</STRONG> (Thumb, 0 bytes, Stack size 24 bytes, rt_memcpy.o(.text), UNUSED)

<P><STRONG><a name="[bc]"></a>__aeabi_memset</STRONG> (Thumb, 18 bytes, Stack size 8 bytes, aeabi_memset.o(.text))
<BR><BR>[Stack]<UL><LI>Max Depth = 8<LI>Call Chain = __aeabi_memset
</UL>
<BR>[Calls]<UL><LI><a href="#[bd]">&gt;&gt;</a>&nbsp;&nbsp;&nbsp;_memset
</UL>
<BR>[Called By]<UL><LI><a href="#[243]">&gt;&gt;</a>&nbsp;&nbsp;&nbsp;prvAllocateTCBAndStack
</UL>

<P><STRONG><a name="[be]"></a>_memset_w</STRONG> (Thumb, 26 bytes, Stack size 0 bytes, rt_memclr.o(.text))
<BR><BR>[Called By]<UL><LI><a href="#[c0]">&gt;&gt;</a>&nbsp;&nbsp;&nbsp;__rt_memclr_w
<LI><a href="#[bd]">&gt;&gt;</a>&nbsp;&nbsp;&nbsp;_memset
</UL>

<P><STRONG><a name="[bd]"></a>_memset</STRONG> (Thumb, 30 bytes, Stack size 0 bytes, rt_memclr.o(.text))
<BR><BR>[Calls]<UL><LI><a href="#[be]">&gt;&gt;</a>&nbsp;&nbsp;&nbsp;_memset_w
</UL>
<BR>[Called By]<UL><LI><a href="#[bc]">&gt;&gt;</a>&nbsp;&nbsp;&nbsp;__aeabi_memset
<LI><a href="#[bf]">&gt;&gt;</a>&nbsp;&nbsp;&nbsp;__aeabi_memclr
</UL>

<P><STRONG><a name="[bf]"></a>__aeabi_memclr</STRONG> (Thumb, 4 bytes, Stack size 0 bytes, rt_memclr.o(.text))
<BR><BR>[Calls]<UL><LI><a href="#[bd]">&gt;&gt;</a>&nbsp;&nbsp;&nbsp;_memset
</UL>
<BR>[Called By]<UL><LI><a href="#[ee]">&gt;&gt;</a>&nbsp;&nbsp;&nbsp;RestoreUserConfigToDefault
<LI><a href="#[1da]">&gt;&gt;</a>&nbsp;&nbsp;&nbsp;SendQueueToRadio
<LI><a href="#[4b]">&gt;&gt;</a>&nbsp;&nbsp;&nbsp;UartTask
<LI><a href="#[4a]">&gt;&gt;</a>&nbsp;&nbsp;&nbsp;RadioTask
<LI><a href="#[e4]">&gt;&gt;</a>&nbsp;&nbsp;&nbsp;AES_CMAC_Init
<LI><a href="#[1dc]">&gt;&gt;</a>&nbsp;&nbsp;&nbsp;ReceiveRadioRxData
<LI><a href="#[223]">&gt;&gt;</a>&nbsp;&nbsp;&nbsp;sendMotorReply
<LI><a href="#[226]">&gt;&gt;</a>&nbsp;&nbsp;&nbsp;sendControlPinReply
<LI><a href="#[110]">&gt;&gt;</a>&nbsp;&nbsp;&nbsp;SendQueueToUartTask
<LI><a href="#[ea]">&gt;&gt;</a>&nbsp;&nbsp;&nbsp;backup_previous_commandbuffer
<LI><a href="#[233]">&gt;&gt;</a>&nbsp;&nbsp;&nbsp;get_value
<LI><a href="#[235]">&gt;&gt;</a>&nbsp;&nbsp;&nbsp;get_string_value
<LI><a href="#[1bd]">&gt;&gt;</a>&nbsp;&nbsp;&nbsp;engineerModeRestoreDefault
<LI><a href="#[7e]">&gt;&gt;</a>&nbsp;&nbsp;&nbsp;commandGPIN
<LI><a href="#[84]">&gt;&gt;</a>&nbsp;&nbsp;&nbsp;commandGLMR
<LI><a href="#[7d]">&gt;&gt;</a>&nbsp;&nbsp;&nbsp;commandGKEY
<LI><a href="#[82]">&gt;&gt;</a>&nbsp;&nbsp;&nbsp;commandGGMD
<LI><a href="#[89]">&gt;&gt;</a>&nbsp;&nbsp;&nbsp;commandGCPW
<LI><a href="#[50]">&gt;&gt;</a>&nbsp;&nbsp;&nbsp;commandDTX
<LI><a href="#[53]">&gt;&gt;</a>&nbsp;&nbsp;&nbsp;commandDTTX
<LI><a href="#[5f]">&gt;&gt;</a>&nbsp;&nbsp;&nbsp;commandCMAC
<LI><a href="#[5e]">&gt;&gt;</a>&nbsp;&nbsp;&nbsp;commandCKEY
<LI><a href="#[190]">&gt;&gt;</a>&nbsp;&nbsp;&nbsp;LoadUserConfigFromEEPROM
<LI><a href="#[192]">&gt;&gt;</a>&nbsp;&nbsp;&nbsp;LoadOthersConfigFromEEPROM
<LI><a href="#[18d]">&gt;&gt;</a>&nbsp;&nbsp;&nbsp;LoadNodeConfigFromEEPROM
<LI><a href="#[193]">&gt;&gt;</a>&nbsp;&nbsp;&nbsp;LoadLoRaWanFromEEPROM
<LI><a href="#[18f]">&gt;&gt;</a>&nbsp;&nbsp;&nbsp;LoadEngConfigFromEEPROM
</UL>

<P><STRONG><a name="[c2]"></a>__rt_memclr</STRONG> (Thumb, 0 bytes, Stack size 0 bytes, rt_memclr.o(.text))
<BR><BR>[Called By]<UL><LI><a href="#[c1]">&gt;&gt;</a>&nbsp;&nbsp;&nbsp;strncpy
</UL>

<P><STRONG><a name="[e5]"></a>__aeabi_memclr4</STRONG> (Thumb, 0 bytes, Stack size 0 bytes, rt_memclr.o(.text))
<BR><BR>[Called By]<UL><LI><a href="#[ee]">&gt;&gt;</a>&nbsp;&nbsp;&nbsp;RestoreUserConfigToDefault
<LI><a href="#[4b]">&gt;&gt;</a>&nbsp;&nbsp;&nbsp;UartTask
<LI><a href="#[4a]">&gt;&gt;</a>&nbsp;&nbsp;&nbsp;RadioTask
<LI><a href="#[111]">&gt;&gt;</a>&nbsp;&nbsp;&nbsp;CreateTimerTaskQueue
<LI><a href="#[e4]">&gt;&gt;</a>&nbsp;&nbsp;&nbsp;AES_CMAC_Init
<LI><a href="#[11f]">&gt;&gt;</a>&nbsp;&nbsp;&nbsp;LoRaMacPayloadEncrypt
<LI><a href="#[10b]">&gt;&gt;</a>&nbsp;&nbsp;&nbsp;sendSensorData
<LI><a href="#[204]">&gt;&gt;</a>&nbsp;&nbsp;&nbsp;SetTXPPLable
<LI><a href="#[42]">&gt;&gt;</a>&nbsp;&nbsp;&nbsp;CheckSensor3ReplyCallback
<LI><a href="#[41]">&gt;&gt;</a>&nbsp;&nbsp;&nbsp;CheckSensor2ReplyCallback
<LI><a href="#[40]">&gt;&gt;</a>&nbsp;&nbsp;&nbsp;CheckSensor1ReplyCallback
<LI><a href="#[108]">&gt;&gt;</a>&nbsp;&nbsp;&nbsp;SystemClockConfig_STOP
<LI><a href="#[107]">&gt;&gt;</a>&nbsp;&nbsp;&nbsp;SystemClockConfig
<LI><a href="#[ec]">&gt;&gt;</a>&nbsp;&nbsp;&nbsp;commandAtHelp
<LI><a href="#[238]">&gt;&gt;</a>&nbsp;&nbsp;&nbsp;get_sensor_value
<LI><a href="#[1bd]">&gt;&gt;</a>&nbsp;&nbsp;&nbsp;engineerModeRestoreDefault
<LI><a href="#[76]">&gt;&gt;</a>&nbsp;&nbsp;&nbsp;commandSPROFILE
<LI><a href="#[7d]">&gt;&gt;</a>&nbsp;&nbsp;&nbsp;commandGKEY
<LI><a href="#[5e]">&gt;&gt;</a>&nbsp;&nbsp;&nbsp;commandCKEY
<LI><a href="#[191]">&gt;&gt;</a>&nbsp;&nbsp;&nbsp;LoadRxConfigFromEEPROM
<LI><a href="#[192]">&gt;&gt;</a>&nbsp;&nbsp;&nbsp;LoadOthersConfigFromEEPROM
<LI><a href="#[18d]">&gt;&gt;</a>&nbsp;&nbsp;&nbsp;LoadNodeConfigFromEEPROM
<LI><a href="#[193]">&gt;&gt;</a>&nbsp;&nbsp;&nbsp;LoadLoRaWanFromEEPROM
<LI><a href="#[18f]">&gt;&gt;</a>&nbsp;&nbsp;&nbsp;LoadEngConfigFromEEPROM
<LI><a href="#[18e]">&gt;&gt;</a>&nbsp;&nbsp;&nbsp;LoadAtConfigFromEEPROM
<LI><a href="#[11e]">&gt;&gt;</a>&nbsp;&nbsp;&nbsp;EncryptConfigToEEPROM
</UL>

<P><STRONG><a name="[29d]"></a>__aeabi_memclr8</STRONG> (Thumb, 0 bytes, Stack size 0 bytes, rt_memclr.o(.text), UNUSED)

<P><STRONG><a name="[c0]"></a>__rt_memclr_w</STRONG> (Thumb, 4 bytes, Stack size 0 bytes, rt_memclr.o(.text), UNUSED)
<BR><BR>[Calls]<UL><LI><a href="#[be]">&gt;&gt;</a>&nbsp;&nbsp;&nbsp;_memset_w
</UL>

<P><STRONG><a name="[c1]"></a>strncpy</STRONG> (Thumb, 104 bytes, Stack size 24 bytes, strncpy.o(.text))
<BR><BR>[Stack]<UL><LI>Max Depth = 24<LI>Call Chain = strncpy
</UL>
<BR>[Calls]<UL><LI><a href="#[c2]">&gt;&gt;</a>&nbsp;&nbsp;&nbsp;__rt_memclr
</UL>
<BR>[Called By]<UL><LI><a href="#[20d]">&gt;&gt;</a>&nbsp;&nbsp;&nbsp;TransferKeyFromStrToNum
</UL>

<P><STRONG><a name="[140]"></a>strcmp</STRONG> (Thumb, 132 bytes, Stack size 16 bytes, strcmp.o(.text))
<BR><BR>[Stack]<UL><LI>Max Depth = 16<LI>Call Chain = strcmp
</UL>
<BR>[Called By]<UL><LI><a href="#[1db]">&gt;&gt;</a>&nbsp;&nbsp;&nbsp;ReadGpioStatus
<LI><a href="#[186]">&gt;&gt;</a>&nbsp;&nbsp;&nbsp;InitATInterrupt
<LI><a href="#[ea]">&gt;&gt;</a>&nbsp;&nbsp;&nbsp;backup_previous_commandbuffer
<LI><a href="#[18b]">&gt;&gt;</a>&nbsp;&nbsp;&nbsp;unUsedGpioInit
<LI><a href="#[5d]">&gt;&gt;</a>&nbsp;&nbsp;&nbsp;commandGPT
<LI><a href="#[13f]">&gt;&gt;</a>&nbsp;&nbsp;&nbsp;GpioTest
<LI><a href="#[33]">&gt;&gt;</a>&nbsp;&nbsp;&nbsp;_get_lc_ctype
</UL>

<P><STRONG><a name="[1b2]"></a>__aeabi_uread4</STRONG> (Thumb, 34 bytes, Stack size 0 bytes, uread4.o(.text))
<BR><BR>[Called By]<UL><LI><a href="#[1b8]">&gt;&gt;</a>&nbsp;&nbsp;&nbsp;LoRaMacSetNextChannel
<LI><a href="#[1b1]">&gt;&gt;</a>&nbsp;&nbsp;&nbsp;LoRaMacRxWindown2Setup
</UL>

<P><STRONG><a name="[29e]"></a>__rt_uread4</STRONG> (Thumb, 0 bytes, Stack size 0 bytes, uread4.o(.text), UNUSED)

<P><STRONG><a name="[202]"></a>__aeabi_uwrite4</STRONG> (Thumb, 16 bytes, Stack size 0 bytes, uwrite4.o(.text))
<BR><BR>[Called By]<UL><LI><a href="#[195]">&gt;&gt;</a>&nbsp;&nbsp;&nbsp;SetRadioChannelOnOffset
</UL>

<P><STRONG><a name="[29f]"></a>__rt_uwrite4</STRONG> (Thumb, 0 bytes, Stack size 0 bytes, uwrite4.o(.text), UNUSED)

<P><STRONG><a name="[2a0]"></a>__aeabi_uidiv</STRONG> (Thumb, 0 bytes, Stack size 0 bytes, aeabi_sdiv.o(.text), UNUSED)

<P><STRONG><a name="[df]"></a>__aeabi_uidivmod</STRONG> (Thumb, 20 bytes, Stack size 0 bytes, aeabi_sdiv.o(.text))
<BR><BR>[Called By]<UL><LI><a href="#[114]">&gt;&gt;</a>&nbsp;&nbsp;&nbsp;HwTimerInit
<LI><a href="#[1e5]">&gt;&gt;</a>&nbsp;&nbsp;&nbsp;RtcStartWakeUpAlarm
<LI><a href="#[4b]">&gt;&gt;</a>&nbsp;&nbsp;&nbsp;UartTask
<LI><a href="#[de]">&gt;&gt;</a>&nbsp;&nbsp;&nbsp;ADC_DelayMicroSecond
<LI><a href="#[149]">&gt;&gt;</a>&nbsp;&nbsp;&nbsp;HAL_InitTick
<LI><a href="#[7f]">&gt;&gt;</a>&nbsp;&nbsp;&nbsp;commandGTXD
<LI><a href="#[14f]">&gt;&gt;</a>&nbsp;&nbsp;&nbsp;HAL_RCC_GetSysClockFreq
<LI><a href="#[255]">&gt;&gt;</a>&nbsp;&nbsp;&nbsp;prvSetupTimerInterrupt
<LI><a href="#[23b]">&gt;&gt;</a>&nbsp;&nbsp;&nbsp;rand1
<LI><a href="#[17c]">&gt;&gt;</a>&nbsp;&nbsp;&nbsp;UART_SetConfig
</UL>

<P><STRONG><a name="[2a1]"></a>__aeabi_idiv</STRONG> (Thumb, 0 bytes, Stack size 8 bytes, aeabi_sdiv.o(.text), UNUSED)

<P><STRONG><a name="[124]"></a>__aeabi_idivmod</STRONG> (Thumb, 326 bytes, Stack size 8 bytes, aeabi_sdiv.o(.text))
<BR><BR>[Stack]<UL><LI>Max Depth = 8<LI>Call Chain = __aeabi_idivmod
</UL>
<BR>[Called By]<UL><LI><a href="#[1e5]">&gt;&gt;</a>&nbsp;&nbsp;&nbsp;RtcStartWakeUpAlarm
<LI><a href="#[1d7]">&gt;&gt;</a>&nbsp;&nbsp;&nbsp;SX1276GetPKTRSSIandSNR
<LI><a href="#[4b]">&gt;&gt;</a>&nbsp;&nbsp;&nbsp;UartTask
<LI><a href="#[e7]">&gt;&gt;</a>&nbsp;&nbsp;&nbsp;aes_set_key
<LI><a href="#[21e]">&gt;&gt;</a>&nbsp;&nbsp;&nbsp;calADC
<LI><a href="#[ec]">&gt;&gt;</a>&nbsp;&nbsp;&nbsp;commandAtHelp
<LI><a href="#[205]">&gt;&gt;</a>&nbsp;&nbsp;&nbsp;irand
<LI><a href="#[123]">&gt;&gt;</a>&nbsp;&nbsp;&nbsp;FifoNext
</UL>

<P><STRONG><a name="[2a2]"></a>__use_two_region_memory</STRONG> (Thumb, 2 bytes, Stack size 0 bytes, heapauxi.o(.text), UNUSED)

<P><STRONG><a name="[2a3]"></a>__rt_heap_escrow$2region</STRONG> (Thumb, 2 bytes, Stack size 0 bytes, heapauxi.o(.text), UNUSED)

<P><STRONG><a name="[2a4]"></a>__rt_heap_expand$2region</STRONG> (Thumb, 2 bytes, Stack size 0 bytes, heapauxi.o(.text), UNUSED)

<P><STRONG><a name="[12a]"></a>__aeabi_d2f</STRONG> (Thumb, 0 bytes, Stack size 12 bytes, d2f.o(.text))
<BR><BR>[Stack]<UL><LI>Max Depth = 12<LI>Call Chain = __aeabi_d2f
</UL>
<BR>[Called By]<UL><LI><a href="#[127]">&gt;&gt;</a>&nbsp;&nbsp;&nbsp;GetPinVoltage
</UL>

<P><STRONG><a name="[2a5]"></a>_d2f</STRONG> (Thumb, 120 bytes, Stack size 12 bytes, d2f.o(.text), UNUSED)

<P><STRONG><a name="[1dd]"></a>__aeabi_dadd</STRONG> (Thumb, 0 bytes, Stack size 8 bytes, daddsub.o(.text))
<BR><BR>[Stack]<UL><LI>Max Depth = 8<LI>Call Chain = __aeabi_dadd
</UL>
<BR>[Called By]<UL><LI><a href="#[1c9]">&gt;&gt;</a>&nbsp;&nbsp;&nbsp;SX1276GetTimeOnAir
<LI><a href="#[10f]">&gt;&gt;</a>&nbsp;&nbsp;&nbsp;RegionCommonComputeRxWindowParameters
<LI><a href="#[138]">&gt;&gt;</a>&nbsp;&nbsp;&nbsp;TxppConvertStringToNumerical
<LI><a href="#[135]">&gt;&gt;</a>&nbsp;&nbsp;&nbsp;TxcmConvertStringToNumerical
<LI><a href="#[17c]">&gt;&gt;</a>&nbsp;&nbsp;&nbsp;UART_SetConfig
<LI><a href="#[1eb]">&gt;&gt;</a>&nbsp;&nbsp;&nbsp;round
<LI><a href="#[1ed]">&gt;&gt;</a>&nbsp;&nbsp;&nbsp;floor
<LI><a href="#[1de]">&gt;&gt;</a>&nbsp;&nbsp;&nbsp;ceil
</UL>

<P><STRONG><a name="[c3]"></a>_dadd</STRONG> (Thumb, 26 bytes, Stack size 8 bytes, daddsub.o(.text), UNUSED)
<BR><BR>[Calls]<UL><LI><a href="#[c4]">&gt;&gt;</a>&nbsp;&nbsp;&nbsp;_dsub1
<LI><a href="#[c5]">&gt;&gt;</a>&nbsp;&nbsp;&nbsp;_dadd1
</UL>

<P><STRONG><a name="[1df]"></a>__aeabi_dsub</STRONG> (Thumb, 0 bytes, Stack size 8 bytes, daddsub.o(.text))
<BR><BR>[Stack]<UL><LI>Max Depth = 8<LI>Call Chain = __aeabi_dsub
</UL>
<BR>[Called By]<UL><LI><a href="#[10f]">&gt;&gt;</a>&nbsp;&nbsp;&nbsp;RegionCommonComputeRxWindowParameters
<LI><a href="#[1eb]">&gt;&gt;</a>&nbsp;&nbsp;&nbsp;round
</UL>

<P><STRONG><a name="[c6]"></a>_dsub</STRONG> (Thumb, 22 bytes, Stack size 8 bytes, daddsub.o(.text), UNUSED)
<BR><BR>[Calls]<UL><LI><a href="#[c4]">&gt;&gt;</a>&nbsp;&nbsp;&nbsp;_dsub1
<LI><a href="#[c5]">&gt;&gt;</a>&nbsp;&nbsp;&nbsp;_dadd1
</UL>

<P><STRONG><a name="[22e]"></a>__aeabi_drsub</STRONG> (Thumb, 0 bytes, Stack size 16 bytes, daddsub.o(.text))
<BR><BR>[Stack]<UL><LI>Max Depth = 16<LI>Call Chain = __aeabi_drsub
</UL>
<BR>[Called By]<UL><LI><a href="#[1ed]">&gt;&gt;</a>&nbsp;&nbsp;&nbsp;floor
<LI><a href="#[1de]">&gt;&gt;</a>&nbsp;&nbsp;&nbsp;ceil
</UL>

<P><STRONG><a name="[c7]"></a>_drsb</STRONG> (Thumb, 28 bytes, Stack size 16 bytes, daddsub.o(.text), UNUSED)
<BR><BR>[Calls]<UL><LI><a href="#[c4]">&gt;&gt;</a>&nbsp;&nbsp;&nbsp;_dsub1
<LI><a href="#[c5]">&gt;&gt;</a>&nbsp;&nbsp;&nbsp;_dadd1
</UL>

<P><STRONG><a name="[129]"></a>__aeabi_ddiv</STRONG> (Thumb, 0 bytes, Stack size 64 bytes, ddiv.o(.text))
<BR><BR>[Stack]<UL><LI>Max Depth = 64<LI>Call Chain = __aeabi_ddiv
</UL>
<BR>[Called By]<UL><LI><a href="#[127]">&gt;&gt;</a>&nbsp;&nbsp;&nbsp;GetPinVoltage
<LI><a href="#[1b6]">&gt;&gt;</a>&nbsp;&nbsp;&nbsp;SX1276SetTxConfig
<LI><a href="#[1af]">&gt;&gt;</a>&nbsp;&nbsp;&nbsp;SX1276SetRxConfig
<LI><a href="#[1ae]">&gt;&gt;</a>&nbsp;&nbsp;&nbsp;SX1276SetChannel
<LI><a href="#[1c9]">&gt;&gt;</a>&nbsp;&nbsp;&nbsp;SX1276GetTimeOnAir
<LI><a href="#[10e]">&gt;&gt;</a>&nbsp;&nbsp;&nbsp;RegionCommonComputeSymbolTimeLoRa
<LI><a href="#[10d]">&gt;&gt;</a>&nbsp;&nbsp;&nbsp;RegionCommonComputeSymbolTimeFsk
<LI><a href="#[10f]">&gt;&gt;</a>&nbsp;&nbsp;&nbsp;RegionCommonComputeRxWindowParameters
<LI><a href="#[135]">&gt;&gt;</a>&nbsp;&nbsp;&nbsp;TxcmConvertStringToNumerical
<LI><a href="#[17c]">&gt;&gt;</a>&nbsp;&nbsp;&nbsp;UART_SetConfig
</UL>

<P><STRONG><a name="[c9]"></a>_ddiv</STRONG> (Thumb, 1072 bytes, Stack size 64 bytes, ddiv.o(.text), UNUSED)
<BR><BR>[Called By]<UL><LI><a href="#[c8]">&gt;&gt;</a>&nbsp;&nbsp;&nbsp;_drdiv
</UL>

<P><STRONG><a name="[c8]"></a>_drdiv</STRONG> (Thumb, 20 bytes, Stack size 16 bytes, ddiv.o(.text), UNUSED)
<BR><BR>[Calls]<UL><LI><a href="#[c9]">&gt;&gt;</a>&nbsp;&nbsp;&nbsp;_ddiv
</UL>

<P><STRONG><a name="[1e0]"></a>__aeabi_d2iz</STRONG> (Thumb, 0 bytes, Stack size 12 bytes, dfixi.o(.text))
<BR><BR>[Stack]<UL><LI>Max Depth = 12<LI>Call Chain = __aeabi_d2iz
</UL>
<BR>[Called By]<UL><LI><a href="#[10f]">&gt;&gt;</a>&nbsp;&nbsp;&nbsp;RegionCommonComputeRxWindowParameters
<LI><a href="#[135]">&gt;&gt;</a>&nbsp;&nbsp;&nbsp;TxcmConvertStringToNumerical
</UL>

<P><STRONG><a name="[2a6]"></a>_dfix</STRONG> (Thumb, 98 bytes, Stack size 12 bytes, dfixi.o(.text), UNUSED)

<P><STRONG><a name="[1b3]"></a>__aeabi_d2uiz</STRONG> (Thumb, 0 bytes, Stack size 8 bytes, dfixui.o(.text))
<BR><BR>[Stack]<UL><LI>Max Depth = 8<LI>Call Chain = __aeabi_d2uiz
</UL>
<BR>[Called By]<UL><LI><a href="#[1b6]">&gt;&gt;</a>&nbsp;&nbsp;&nbsp;SX1276SetTxConfig
<LI><a href="#[1af]">&gt;&gt;</a>&nbsp;&nbsp;&nbsp;SX1276SetRxConfig
<LI><a href="#[1ae]">&gt;&gt;</a>&nbsp;&nbsp;&nbsp;SX1276SetChannel
<LI><a href="#[1c9]">&gt;&gt;</a>&nbsp;&nbsp;&nbsp;SX1276GetTimeOnAir
<LI><a href="#[1b5]">&gt;&gt;</a>&nbsp;&nbsp;&nbsp;LoRaMacSendFrameOnChannel
<LI><a href="#[1b1]">&gt;&gt;</a>&nbsp;&nbsp;&nbsp;LoRaMacRxWindown2Setup
<LI><a href="#[4a]">&gt;&gt;</a>&nbsp;&nbsp;&nbsp;RadioTask
<LI><a href="#[10f]">&gt;&gt;</a>&nbsp;&nbsp;&nbsp;RegionCommonComputeRxWindowParameters
<LI><a href="#[138]">&gt;&gt;</a>&nbsp;&nbsp;&nbsp;TxppConvertStringToNumerical
<LI><a href="#[17c]">&gt;&gt;</a>&nbsp;&nbsp;&nbsp;UART_SetConfig
<LI><a href="#[1e6]">&gt;&gt;</a>&nbsp;&nbsp;&nbsp;RxChainCalibration
</UL>

<P><STRONG><a name="[2a7]"></a>_dfixu</STRONG> (Thumb, 68 bytes, Stack size 8 bytes, dfixui.o(.text), UNUSED)

<P><STRONG><a name="[cb]"></a>__aeabi_i2d_normalise</STRONG> (Thumb, 66 bytes, Stack size 0 bytes, dflti.o(.text))
<BR><BR>[Called By]<UL><LI><a href="#[cc]">&gt;&gt;</a>&nbsp;&nbsp;&nbsp;__aeabi_ui2d
<LI><a href="#[ca]">&gt;&gt;</a>&nbsp;&nbsp;&nbsp;__aeabi_i2d
</UL>

<P><STRONG><a name="[ca]"></a>__aeabi_i2d</STRONG> (Thumb, 16 bytes, Stack size 0 bytes, dflti.o(.text))
<BR><BR>[Calls]<UL><LI><a href="#[cb]">&gt;&gt;</a>&nbsp;&nbsp;&nbsp;__aeabi_i2d_normalise
</UL>
<BR>[Called By]<UL><LI><a href="#[1c9]">&gt;&gt;</a>&nbsp;&nbsp;&nbsp;SX1276GetTimeOnAir
<LI><a href="#[10e]">&gt;&gt;</a>&nbsp;&nbsp;&nbsp;RegionCommonComputeSymbolTimeLoRa
<LI><a href="#[10f]">&gt;&gt;</a>&nbsp;&nbsp;&nbsp;RegionCommonComputeRxWindowParameters
</UL>

<P><STRONG><a name="[2a8]"></a>_dflt</STRONG> (Thumb, 0 bytes, Stack size 0 bytes, dflti.o(.text), UNUSED)

<P><STRONG><a name="[cc]"></a>__aeabi_ui2d</STRONG> (Thumb, 6 bytes, Stack size 0 bytes, dflti.o(.text))
<BR><BR>[Calls]<UL><LI><a href="#[cb]">&gt;&gt;</a>&nbsp;&nbsp;&nbsp;__aeabi_i2d_normalise
</UL>
<BR>[Called By]<UL><LI><a href="#[127]">&gt;&gt;</a>&nbsp;&nbsp;&nbsp;GetPinVoltage
<LI><a href="#[1b6]">&gt;&gt;</a>&nbsp;&nbsp;&nbsp;SX1276SetTxConfig
<LI><a href="#[1af]">&gt;&gt;</a>&nbsp;&nbsp;&nbsp;SX1276SetRxConfig
<LI><a href="#[1ae]">&gt;&gt;</a>&nbsp;&nbsp;&nbsp;SX1276SetChannel
<LI><a href="#[1c9]">&gt;&gt;</a>&nbsp;&nbsp;&nbsp;SX1276GetTimeOnAir
<LI><a href="#[1b5]">&gt;&gt;</a>&nbsp;&nbsp;&nbsp;LoRaMacSendFrameOnChannel
<LI><a href="#[1b1]">&gt;&gt;</a>&nbsp;&nbsp;&nbsp;LoRaMacRxWindown2Setup
<LI><a href="#[10e]">&gt;&gt;</a>&nbsp;&nbsp;&nbsp;RegionCommonComputeSymbolTimeLoRa
<LI><a href="#[10d]">&gt;&gt;</a>&nbsp;&nbsp;&nbsp;RegionCommonComputeSymbolTimeFsk
<LI><a href="#[10f]">&gt;&gt;</a>&nbsp;&nbsp;&nbsp;RegionCommonComputeRxWindowParameters
<LI><a href="#[138]">&gt;&gt;</a>&nbsp;&nbsp;&nbsp;TxppConvertStringToNumerical
<LI><a href="#[135]">&gt;&gt;</a>&nbsp;&nbsp;&nbsp;TxcmConvertStringToNumerical
<LI><a href="#[1e6]">&gt;&gt;</a>&nbsp;&nbsp;&nbsp;RxChainCalibration
</UL>

<P><STRONG><a name="[2a9]"></a>_dfltu</STRONG> (Thumb, 0 bytes, Stack size 0 bytes, dflti.o(.text), UNUSED)

<P><STRONG><a name="[ce]"></a>__aeabi_l2d_normalise</STRONG> (Thumb, 104 bytes, Stack size 8 bytes, dfltl.o(.text))
<BR><BR>[Stack]<UL><LI>Max Depth = 8<LI>Call Chain = __aeabi_l2d_normalise
</UL>
<BR>[Called By]<UL><LI><a href="#[cf]">&gt;&gt;</a>&nbsp;&nbsp;&nbsp;__aeabi_ul2d
<LI><a href="#[cd]">&gt;&gt;</a>&nbsp;&nbsp;&nbsp;__aeabi_l2d
</UL>

<P><STRONG><a name="[cd]"></a>__aeabi_l2d</STRONG> (Thumb, 20 bytes, Stack size 0 bytes, dfltl.o(.text), UNUSED)
<BR><BR>[Calls]<UL><LI><a href="#[ce]">&gt;&gt;</a>&nbsp;&nbsp;&nbsp;__aeabi_l2d_normalise
</UL>

<P><STRONG><a name="[2aa]"></a>_ll_sto_d</STRONG> (Thumb, 0 bytes, Stack size 0 bytes, dfltl.o(.text), UNUSED)

<P><STRONG><a name="[cf]"></a>__aeabi_ul2d</STRONG> (Thumb, 4 bytes, Stack size 0 bytes, dfltl.o(.text))
<BR><BR>[Stack]<UL><LI>Max Depth = 8<LI>Call Chain = __aeabi_ul2d &rArr; __aeabi_l2d_normalise
</UL>
<BR>[Calls]<UL><LI><a href="#[ce]">&gt;&gt;</a>&nbsp;&nbsp;&nbsp;__aeabi_l2d_normalise
</UL>
<BR>[Called By]<UL><LI><a href="#[17c]">&gt;&gt;</a>&nbsp;&nbsp;&nbsp;UART_SetConfig
</UL>

<P><STRONG><a name="[2ab]"></a>_ll_uto_d</STRONG> (Thumb, 0 bytes, Stack size 0 bytes, dfltl.o(.text), UNUSED)

<P><STRONG><a name="[128]"></a>__aeabi_dmul</STRONG> (Thumb, 0 bytes, Stack size 56 bytes, dmul.o(.text))
<BR><BR>[Stack]<UL><LI>Max Depth = 56<LI>Call Chain = __aeabi_dmul
</UL>
<BR>[Called By]<UL><LI><a href="#[127]">&gt;&gt;</a>&nbsp;&nbsp;&nbsp;GetPinVoltage
<LI><a href="#[1c9]">&gt;&gt;</a>&nbsp;&nbsp;&nbsp;SX1276GetTimeOnAir
<LI><a href="#[1b5]">&gt;&gt;</a>&nbsp;&nbsp;&nbsp;LoRaMacSendFrameOnChannel
<LI><a href="#[1b1]">&gt;&gt;</a>&nbsp;&nbsp;&nbsp;LoRaMacRxWindown2Setup
<LI><a href="#[4a]">&gt;&gt;</a>&nbsp;&nbsp;&nbsp;RadioTask
<LI><a href="#[10e]">&gt;&gt;</a>&nbsp;&nbsp;&nbsp;RegionCommonComputeSymbolTimeLoRa
<LI><a href="#[10f]">&gt;&gt;</a>&nbsp;&nbsp;&nbsp;RegionCommonComputeRxWindowParameters
<LI><a href="#[138]">&gt;&gt;</a>&nbsp;&nbsp;&nbsp;TxppConvertStringToNumerical
<LI><a href="#[135]">&gt;&gt;</a>&nbsp;&nbsp;&nbsp;TxcmConvertStringToNumerical
<LI><a href="#[17c]">&gt;&gt;</a>&nbsp;&nbsp;&nbsp;UART_SetConfig
<LI><a href="#[1e6]">&gt;&gt;</a>&nbsp;&nbsp;&nbsp;RxChainCalibration
</UL>

<P><STRONG><a name="[2ac]"></a>_dmul</STRONG> (Thumb, 558 bytes, Stack size 56 bytes, dmul.o(.text), UNUSED)

<P><STRONG><a name="[12c]"></a>__aeabi_f2uiz</STRONG> (Thumb, 0 bytes, Stack size 0 bytes, ffixui.o(.text))
<BR><BR>[Called By]<UL><LI><a href="#[127]">&gt;&gt;</a>&nbsp;&nbsp;&nbsp;GetPinVoltage
</UL>

<P><STRONG><a name="[2ad]"></a>_ffixu</STRONG> (Thumb, 48 bytes, Stack size 0 bytes, ffixui.o(.text), UNUSED)

<P><STRONG><a name="[b3]"></a>__rt_ctype_table</STRONG> (Thumb, 16 bytes, Stack size 8 bytes, rt_ctype_table.o(.text))
<BR><BR>[Stack]<UL><LI>Max Depth = 8<LI>Call Chain = __rt_ctype_table
</UL>
<BR>[Calls]<UL><LI><a href="#[98]">&gt;&gt;</a>&nbsp;&nbsp;&nbsp;__rt_locale
</UL>
<BR>[Called By]<UL><LI><a href="#[b6]">&gt;&gt;</a>&nbsp;&nbsp;&nbsp;strtoul
<LI><a href="#[b2]">&gt;&gt;</a>&nbsp;&nbsp;&nbsp;strtol
<LI><a href="#[b8]">&gt;&gt;</a>&nbsp;&nbsp;&nbsp;tolower
</UL>

<P><STRONG><a name="[b5]"></a>__aeabi_errno_addr</STRONG> (Thumb, 8 bytes, Stack size 0 bytes, rt_errno_addr_intlibspace.o(.text))
<BR><BR>[Called By]<UL><LI><a href="#[b6]">&gt;&gt;</a>&nbsp;&nbsp;&nbsp;strtoul
<LI><a href="#[b2]">&gt;&gt;</a>&nbsp;&nbsp;&nbsp;strtol
<LI><a href="#[b4]">&gt;&gt;</a>&nbsp;&nbsp;&nbsp;_strtoul
</UL>

<P><STRONG><a name="[2ae]"></a>__errno$intlibspace</STRONG> (Thumb, 0 bytes, Stack size 0 bytes, rt_errno_addr_intlibspace.o(.text), UNUSED)

<P><STRONG><a name="[2af]"></a>__rt_errno_addr$intlibspace</STRONG> (Thumb, 0 bytes, Stack size 0 bytes, rt_errno_addr_intlibspace.o(.text), UNUSED)

<P><STRONG><a name="[b8]"></a>tolower</STRONG> (Thumb, 26 bytes, Stack size 8 bytes, tolower.o(.text))
<BR><BR>[Stack]<UL><LI>Max Depth = 16<LI>Call Chain = tolower &rArr; __rt_ctype_table
</UL>
<BR>[Calls]<UL><LI><a href="#[b3]">&gt;&gt;</a>&nbsp;&nbsp;&nbsp;__rt_ctype_table
</UL>
<BR>[Called By]<UL><LI><a href="#[b9]">&gt;&gt;</a>&nbsp;&nbsp;&nbsp;strcasecmp
<LI><a href="#[b7]">&gt;&gt;</a>&nbsp;&nbsp;&nbsp;strncasecmp
</UL>

<P><STRONG><a name="[ae]"></a>_printf_int_common</STRONG> (Thumb, 176 bytes, Stack size 40 bytes, _printf_intcommon.o(.text))
<BR><BR>[Stack]<UL><LI>Max Depth = 56<LI>Call Chain = _printf_int_common &rArr; _printf_post_padding
</UL>
<BR>[Calls]<UL><LI><a href="#[aa]">&gt;&gt;</a>&nbsp;&nbsp;&nbsp;_printf_post_padding
<LI><a href="#[a9]">&gt;&gt;</a>&nbsp;&nbsp;&nbsp;_printf_pre_padding
</UL>
<BR>[Called By]<UL><LI><a href="#[94]">&gt;&gt;</a>&nbsp;&nbsp;&nbsp;_printf_int_hex
<LI><a href="#[92]">&gt;&gt;</a>&nbsp;&nbsp;&nbsp;_printf_int_dec
</UL>

<P><STRONG><a name="[a7]"></a>_printf_char_common</STRONG> (Thumb, 32 bytes, Stack size 64 bytes, _printf_char_common.o(.text))
<BR><BR>[Stack]<UL><LI>Max Depth = 96 + Unknown Stack Size
<LI>Call Chain = _printf_char_common &rArr; __printf
</UL>
<BR>[Calls]<UL><LI><a href="#[af]">&gt;&gt;</a>&nbsp;&nbsp;&nbsp;__printf
</UL>
<BR>[Called By]<UL><LI><a href="#[a6]">&gt;&gt;</a>&nbsp;&nbsp;&nbsp;__2sprintf
</UL>

<P><STRONG><a name="[32]"></a>_sputc</STRONG> (Thumb, 10 bytes, Stack size 0 bytes, _sputc.o(.text))
<BR><BR>[Called By]<UL><LI><a href="#[a6]">&gt;&gt;</a>&nbsp;&nbsp;&nbsp;__2sprintf
</UL>
<BR>[Address Reference Count : 1]<UL><LI> noretval__2sprintf.o(.text)
</UL>
<P><STRONG><a name="[d0]"></a>_printf_cs_common</STRONG> (Thumb, 22 bytes, Stack size 8 bytes, _printf_char.o(.text))
<BR><BR>[Stack]<UL><LI>Max Depth = 40<LI>Call Chain = _printf_cs_common &rArr; _printf_str &rArr; _printf_post_padding
</UL>
<BR>[Calls]<UL><LI><a href="#[a8]">&gt;&gt;</a>&nbsp;&nbsp;&nbsp;_printf_str
<LI><a href="#[d1]">&gt;&gt;</a>&nbsp;&nbsp;&nbsp;_printf_mbtowc (Weak Reference)
</UL>
<BR>[Called By]<UL><LI><a href="#[96]">&gt;&gt;</a>&nbsp;&nbsp;&nbsp;_printf_string
<LI><a href="#[d2]">&gt;&gt;</a>&nbsp;&nbsp;&nbsp;_printf_char
</UL>

<P><STRONG><a name="[d2]"></a>_printf_char</STRONG> (Thumb, 16 bytes, Stack size 0 bytes, _printf_char.o(.text), UNUSED)
<BR><BR>[Calls]<UL><LI><a href="#[d0]">&gt;&gt;</a>&nbsp;&nbsp;&nbsp;_printf_cs_common
</UL>

<P><STRONG><a name="[96]"></a>_printf_string</STRONG> (Thumb, 8 bytes, Stack size 0 bytes, _printf_char.o(.text))
<BR><BR>[Stack]<UL><LI>Max Depth = 40<LI>Call Chain = _printf_string &rArr; _printf_cs_common &rArr; _printf_str &rArr; _printf_post_padding
</UL>
<BR>[Calls]<UL><LI><a href="#[d0]">&gt;&gt;</a>&nbsp;&nbsp;&nbsp;_printf_cs_common
</UL>
<BR>[Called By]<UL><LI><a href="#[93]">&gt;&gt;</a>&nbsp;&nbsp;&nbsp;_printf_s
</UL>

<P><STRONG><a name="[b4]"></a>_strtoul</STRONG> (Thumb, 166 bytes, Stack size 40 bytes, _strtoul.o(.text))
<BR><BR>[Stack]<UL><LI>Max Depth = 40<LI>Call Chain = _strtoul
</UL>
<BR>[Calls]<UL><LI><a href="#[d3]">&gt;&gt;</a>&nbsp;&nbsp;&nbsp;_chval
<LI><a href="#[b5]">&gt;&gt;</a>&nbsp;&nbsp;&nbsp;__aeabi_errno_addr
</UL>
<BR>[Called By]<UL><LI><a href="#[b6]">&gt;&gt;</a>&nbsp;&nbsp;&nbsp;strtoul
<LI><a href="#[b2]">&gt;&gt;</a>&nbsp;&nbsp;&nbsp;strtol
</UL>

<P><STRONG><a name="[ad]"></a>__rt_udiv10</STRONG> (Thumb, 40 bytes, Stack size 0 bytes, rtudiv10.o(.text))
<BR><BR>[Called By]<UL><LI><a href="#[92]">&gt;&gt;</a>&nbsp;&nbsp;&nbsp;_printf_int_dec
</UL>

<P><STRONG><a name="[d4]"></a>__fpl_dcmp_InfNaN</STRONG> (Thumb, 140 bytes, Stack size 24 bytes, dcmpin.o(.text), UNUSED)
<BR><BR>[Calls]<UL><LI><a href="#[d6]">&gt;&gt;</a>&nbsp;&nbsp;&nbsp;__fpl_dcheck_NaN2
<LI><a href="#[d5]">&gt;&gt;</a>&nbsp;&nbsp;&nbsp;__fpl_cmpreturn
</UL>
<BR>[Called By]<UL><LI><a href="#[275]">&gt;&gt;</a>&nbsp;&nbsp;&nbsp;_drcmple
<LI><a href="#[274]">&gt;&gt;</a>&nbsp;&nbsp;&nbsp;_dcmple
</UL>

<P><STRONG><a name="[25f]"></a>_drnd</STRONG> (Thumb, 232 bytes, Stack size 20 bytes, drnd.o(.text))
<BR><BR>[Stack]<UL><LI>Max Depth = 20<LI>Call Chain = _drnd
</UL>
<BR>[Called By]<UL><LI><a href="#[1eb]">&gt;&gt;</a>&nbsp;&nbsp;&nbsp;round
</UL>

<P><STRONG><a name="[2b0]"></a>__user_libspace</STRONG> (Thumb, 8 bytes, Stack size 0 bytes, libspace.o(.text), UNUSED)

<P><STRONG><a name="[d8]"></a>__user_perproc_libspace</STRONG> (Thumb, 0 bytes, Stack size 0 bytes, libspace.o(.text))
<BR><BR>[Called By]<UL><LI><a href="#[9b]">&gt;&gt;</a>&nbsp;&nbsp;&nbsp;__user_setup_stackheap
</UL>

<P><STRONG><a name="[2b1]"></a>__user_perthread_libspace</STRONG> (Thumb, 0 bytes, Stack size 0 bytes, libspace.o(.text), UNUSED)

<P><STRONG><a name="[98]"></a>__rt_locale</STRONG> (Thumb, 8 bytes, Stack size 0 bytes, rt_locale_intlibspace.o(.text))
<BR><BR>[Called By]<UL><LI><a href="#[97]">&gt;&gt;</a>&nbsp;&nbsp;&nbsp;__rt_lib_init_lc_common
<LI><a href="#[b3]">&gt;&gt;</a>&nbsp;&nbsp;&nbsp;__rt_ctype_table
</UL>

<P><STRONG><a name="[d3]"></a>_chval</STRONG> (Thumb, 30 bytes, Stack size 0 bytes, _chval.o(.text))
<BR><BR>[Called By]<UL><LI><a href="#[b4]">&gt;&gt;</a>&nbsp;&nbsp;&nbsp;_strtoul
</UL>

<P><STRONG><a name="[d5]"></a>__fpl_cmpreturn</STRONG> (Thumb, 46 bytes, Stack size 0 bytes, cmpret.o(.text), UNUSED)
<BR><BR>[Called By]<UL><LI><a href="#[d7]">&gt;&gt;</a>&nbsp;&nbsp;&nbsp;__fpl_return_NaN
<LI><a href="#[d4]">&gt;&gt;</a>&nbsp;&nbsp;&nbsp;__fpl_dcmp_InfNaN
</UL>

<P><STRONG><a name="[d6]"></a>__fpl_dcheck_NaN2</STRONG> (Thumb, 14 bytes, Stack size 8 bytes, dnan2.o(.text), UNUSED)
<BR><BR>[Calls]<UL><LI><a href="#[d7]">&gt;&gt;</a>&nbsp;&nbsp;&nbsp;__fpl_return_NaN
[...]
</UL>
<BR>[Address Reference Count : 1]<UL><LI> rt_ctype_table.o(.text)
</UL>
<P><STRONG><a name="[20e]"></a>__aeabi_cdcmple</STRONG> (Thumb, 0 bytes, Stack size 24 bytes, dlef.o(x$fpl$dleqf))
<BR><BR>[Stack]<UL><LI>Max Depth = 24<LI>Call Chain = __aeabi_cdcmple
</UL>
<BR>[Called By]<UL><LI><a href="#[135]">&gt;&gt;</a>&nbsp;&nbsp;&nbsp;TxcmConvertStringToNumerical
<LI><a href="#[1eb]">&gt;&gt;</a>&nbsp;&nbsp;&nbsp;round
</UL>

<P><STRONG><a name="[274]"></a>_dcmple</STRONG> (Thumb, 94 bytes, Stack size 24 bytes, dlef.o(x$fpl$dleqf), UNUSED)
<BR><BR>[Calls]<UL><LI><a href="#[d4]">&gt;&gt;</a>&nbsp;&nbsp;&nbsp;__fpl_dcmp_InfNaN
</UL>

<P><STRONG><a name="[1ec]"></a>__aeabi_cdrcmple</STRONG> (Thumb, 0 bytes, Stack size 32 bytes, drlef.o(x$fpl$drleqf))
<BR><BR>[Stack]<UL><LI>Max Depth = 32<LI>Call Chain = __aeabi_cdrcmple
</UL>
<BR>[Called By]<UL><LI><a href="#[1c9]">&gt;&gt;</a>&nbsp;&nbsp;&nbsp;SX1276GetTimeOnAir
<LI><a href="#[1eb]">&gt;&gt;</a>&nbsp;&nbsp;&nbsp;round
<LI><a href="#[1ed]">&gt;&gt;</a>&nbsp;&nbsp;&nbsp;floor
<LI><a href="#[1de]">&gt;&gt;</a>&nbsp;&nbsp;&nbsp;ceil
</UL>

<P><STRONG><a name="[275]"></a>_drcmple</STRONG> (Thumb, 100 bytes, Stack size 32 bytes, drlef.o(x$fpl$drleqf), UNUSED)
<BR><BR>[Calls]<UL><LI><a href="#[d4]">&gt;&gt;</a>&nbsp;&nbsp;&nbsp;__fpl_dcmp_InfNaN
</UL>

<P><STRONG><a name="[12b]"></a>__aeabi_fmul</STRONG> (Thumb, 0 bytes, Stack size 16 bytes, fmul.o(x$fpl$fmul))
<BR><BR>[Stack]<UL><LI>Max Depth = 16<LI>Call Chain = __aeabi_fmul
</UL>
<BR>[Called By]<UL><LI><a href="#[127]">&gt;&gt;</a>&nbsp;&nbsp;&nbsp;GetPinVoltage
</UL>

<P><STRONG><a name="[2b7]"></a>_fmul</STRONG> (Thumb, 172 bytes, Stack size 16 bytes, fmul.o(x$fpl$fmul), UNUSED)
<P>
<H3>
Local Symbols
</H3>
<P><STRONG><a name="[1be]"></a>NVIC_SystemReset</STRONG> (Thumb, 44 bytes, Stack size 0 bytes, at_command_list.o(i.NVIC_SystemReset))
<BR><BR>[Called By]<UL><LI><a href="#[83]">&gt;&gt;</a>&nbsp;&nbsp;&nbsp;commandGRST
<LI><a href="#[18d]">&gt;&gt;</a>&nbsp;&nbsp;&nbsp;LoadNodeConfigFromEEPROM
<LI><a href="#[18e]">&gt;&gt;</a>&nbsp;&nbsp;&nbsp;LoadAtConfigFromEEPROM
</UL>

<P><STRONG><a name="[ed]"></a>NVIC_SystemReset</STRONG> (Thumb, 44 bytes, Stack size 0 bytes, at_command_app.o(i.NVIC_SystemReset))
<BR><BR>[Called By]<UL><LI><a href="#[e9]">&gt;&gt;</a>&nbsp;&nbsp;&nbsp;ATCommandParser
</UL>

<P><STRONG><a name="[dc]"></a>ADC_ConversionStop</STRONG> (Thumb, 108 bytes, Stack size 16 bytes, stm32l0xx_hal_adc.o(i.ADC_ConversionStop))
<BR><BR>[Stack]<UL><LI>Max Depth = 16<LI>Call Chain = ADC_ConversionStop
</UL>
<BR>[Calls]<UL><LI><a href="#[dd]">&gt;&gt;</a>&nbsp;&nbsp;&nbsp;HAL_GetTick
</UL>
<BR>[Called By]<UL><LI><a href="#[fe]">&gt;&gt;</a>&nbsp;&nbsp;&nbsp;HAL_ADC_Stop
<LI><a href="#[fd]">&gt;&gt;</a>&nbsp;&nbsp;&nbsp;HAL_ADC_DeInit
</UL>

<P><STRONG><a name="[de]"></a>ADC_DelayMicroSecond</STRONG> (Thumb, 34 bytes, Stack size 16 bytes, stm32l0xx_hal_adc.o(i.ADC_DelayMicroSecond))
<BR><BR>[Stack]<UL><LI>Max Depth = 16<LI>Call Chain = ADC_DelayMicroSecond
</UL>
<BR>[Calls]<UL><LI><a href="#[df]">&gt;&gt;</a>&nbsp;&nbsp;&nbsp;__aeabi_uidivmod
</UL>
<BR>[Called By]<UL><LI><a href="#[e1]">&gt;&gt;</a>&nbsp;&nbsp;&nbsp;ADC_Enable
<LI><a href="#[f8]">&gt;&gt;</a>&nbsp;&nbsp;&nbsp;HAL_ADC_ConfigChannel
</UL>

<P><STRONG><a name="[e0]"></a>ADC_Disable</STRONG> (Thumb, 156 bytes, Stack size 16 bytes, stm32l0xx_hal_adc.o(i.ADC_Disable))
<BR><BR>[Stack]<UL><LI>Max Depth = 16<LI>Call Chain = ADC_Disable
</UL>
<BR>[Calls]<UL><LI><a href="#[dd]">&gt;&gt;</a>&nbsp;&nbsp;&nbsp;HAL_GetTick
</UL>
<BR>[Called By]<UL><LI><a href="#[fe]">&gt;&gt;</a>&nbsp;&nbsp;&nbsp;HAL_ADC_Stop
<LI><a href="#[fd]">&gt;&gt;</a>&nbsp;&nbsp;&nbsp;HAL_ADC_DeInit
</UL>

<P><STRONG><a name="[e1]"></a>ADC_Enable</STRONG> (Thumb, 160 bytes, Stack size 16 bytes, stm32l0xx_hal_adc.o(i.ADC_Enable))
<BR><BR>[Stack]<UL><LI>Max Depth = 32<LI>Call Chain = ADC_Enable &rArr; ADC_DelayMicroSecond
</UL>
<BR>[Calls]<UL><LI><a href="#[de]">&gt;&gt;</a>&nbsp;&nbsp;&nbsp;ADC_DelayMicroSecond
<LI><a href="#[dd]">&gt;&gt;</a>&nbsp;&nbsp;&nbsp;HAL_GetTick
</UL>
<BR>[Called By]<UL><LI><a href="#[f9]">&gt;&gt;</a>&nbsp;&nbsp;&nbsp;HAL_ADC_Start
</UL>

<P><STRONG><a name="[14c]"></a>NVIC_SetPriority</STRONG> (Thumb, 110 bytes, Stack size 8 bytes, stm32l0xx_hal_cortex.o(i.NVIC_SetPriority))
<BR><BR>[Stack]<UL><LI>Max Depth = 8<LI>Call Chain = NVIC_SetPriority
</UL>
<BR>[Called By]<UL><LI><a href="#[14b]">&gt;&gt;</a>&nbsp;&nbsp;&nbsp;HAL_SYSTICK_Config
<LI><a href="#[13d]">&gt;&gt;</a>&nbsp;&nbsp;&nbsp;HAL_NVIC_SetPriority
</UL>

<P><STRONG><a name="[147]"></a>FLASH_Program_Word</STRONG> (Thumb, 10 bytes, Stack size 0 bytes, stm32l0xx_hal_flash.o(i.FLASH_Program_Word))
<BR><BR>[Called By]<UL><LI><a href="#[146]">&gt;&gt;</a>&nbsp;&nbsp;&nbsp;HAL_FLASH_Program
</UL>

<P><STRONG><a name="[122]"></a>FLASH_SetErrorCode</STRONG> (Thumb, 190 bytes, Stack size 0 bytes, stm32l0xx_hal_flash.o(i.FLASH_SetErrorCode))
<BR><BR>[Called By]<UL><LI><a href="#[121]">&gt;&gt;</a>&nbsp;&nbsp;&nbsp;FLASH_WaitForLastOperation
</UL>

<P><STRONG><a name="[167]"></a>SPI_WaitOnFlagUntilTimeout</STRONG> (Thumb, 280 bytes, Stack size 40 bytes, stm32l0xx_hal_spi.o(i.SPI_WaitOnFlagUntilTimeout))
<BR><BR>[Stack]<UL><LI>Max Depth = 40<LI>Call Chain = SPI_WaitOnFlagUntilTimeout
</UL>
<BR>[Calls]<UL><LI><a href="#[dd]">&gt;&gt;</a>&nbsp;&nbsp;&nbsp;HAL_GetTick
</UL>
<BR>[Called By]<UL><LI><a href="#[166]">&gt;&gt;</a>&nbsp;&nbsp;&nbsp;HAL_SPI_TransmitReceive
</UL>

<P><STRONG><a name="[16a]"></a>TIM_Base_SetConfig</STRONG> (Thumb, 120 bytes, Stack size 8 bytes, stm32l0xx_hal_tim.o(i.TIM_Base_SetConfig))
<BR><BR>[Stack]<UL><LI>Max Depth = 8<LI>Call Chain = TIM_Base_SetConfig
</UL>
<BR>[Called By]<UL><LI><a href="#[168]">&gt;&gt;</a>&nbsp;&nbsp;&nbsp;HAL_TIM_Base_Init
</UL>

<P><STRONG><a name="[179]"></a>UART_EndTransmit_IT</STRONG> (Thumb, 32 bytes, Stack size 8 bytes, stm32l0xx_hal_uart.o(i.UART_EndTransmit_IT))
<BR><BR>[Stack]<UL><LI>Max Depth = 24<LI>Call Chain = UART_EndTransmit_IT &rArr; HAL_UART_TxCpltCallback
</UL>
<BR>[Calls]<UL><LI><a href="#[20f]">&gt;&gt;</a>&nbsp;&nbsp;&nbsp;HAL_UART_TxCpltCallback
</UL>
<BR>[Called By]<UL><LI><a href="#[175]">&gt;&gt;</a>&nbsp;&nbsp;&nbsp;HAL_UART_IRQHandler
</UL>

<P><STRONG><a name="[177]"></a>UART_Receive_IT</STRONG> (Thumb, 168 bytes, Stack size 16 bytes, stm32l0xx_hal_uart.o(i.UART_Receive_IT))
<BR><BR>[Stack]<UL><LI>Max Depth = 48<LI>Call Chain = UART_Receive_IT &rArr; HAL_UART_RxCpltCallback &rArr; HAL_UART_Receive_IT
</UL>
<BR>[Calls]<UL><LI><a href="#[181]">&gt;&gt;</a>&nbsp;&nbsp;&nbsp;HAL_UART_RxCpltCallback
</UL>
<BR>[Called By]<UL><LI><a href="#[175]">&gt;&gt;</a>&nbsp;&nbsp;&nbsp;HAL_UART_IRQHandler
</UL>

<P><STRONG><a name="[178]"></a>UART_Transmit_IT</STRONG> (Thumb, 114 bytes, Stack size 0 bytes, stm32l0xx_hal_uart.o(i.UART_Transmit_IT))
<BR><BR>[Called By]<UL><LI><a href="#[175]">&gt;&gt;</a>&nbsp;&nbsp;&nbsp;HAL_UART_IRQHandler
</UL>

<P><STRONG><a name="[123]"></a>FifoNext</STRONG> (Thumb, 18 bytes, Stack size 16 bytes, fifo.o(i.FifoNext))
<BR><BR>[Stack]<UL><LI>Max Depth = 24<LI>Call Chain = FifoNext &rArr; __aeabi_idivmod
</UL>
<BR>[Calls]<UL><LI><a href="#[124]">&gt;&gt;</a>&nbsp;&nbsp;&nbsp;__aeabi_idivmod
</UL>
<BR>[Called By]<UL><LI><a href="#[126]">&gt;&gt;</a>&nbsp;&nbsp;&nbsp;FifoPush
<LI><a href="#[125]">&gt;&gt;</a>&nbsp;&nbsp;&nbsp;FifoPop
</UL>

<P><STRONG><a name="[228]"></a>add_round_key</STRONG> (Thumb, 16 bytes, Stack size 16 bytes, aes.o(i.add_round_key))
<BR><BR>[Stack]<UL><LI>Max Depth = 16<LI>Call Chain = add_round_key
</UL>
<BR>[Calls]<UL><LI><a href="#[229]">&gt;&gt;</a>&nbsp;&nbsp;&nbsp;xor_block
</UL>
<BR>[Called By]<UL><LI><a href="#[e3]">&gt;&gt;</a>&nbsp;&nbsp;&nbsp;aes_encrypt
</UL>

<P><STRONG><a name="[22a]"></a>copy_and_key</STRONG> (Thumb, 132 bytes, Stack size 8 bytes, aes.o(i.copy_and_key))
<BR><BR>[Stack]<UL><LI>Max Depth = 8<LI>Call Chain = copy_and_key
</UL>
<BR>[Called By]<UL><LI><a href="#[e3]">&gt;&gt;</a>&nbsp;&nbsp;&nbsp;aes_encrypt
</UL>

<P><STRONG><a name="[23e]"></a>copy_block</STRONG> (Thumb, 66 bytes, Stack size 0 bytes, aes.o(i.copy_block))
<BR><BR>[Called By]<UL><LI><a href="#[22b]">&gt;&gt;</a>&nbsp;&nbsp;&nbsp;mix_sub_columns
</UL>

<P><STRONG><a name="[22d]"></a>copy_block_nn</STRONG> (Thumb, 24 bytes, Stack size 8 bytes, aes.o(i.copy_block_nn))
<BR><BR>[Stack]<UL><LI>Max Depth = 8<LI>Call Chain = copy_block_nn
</UL>
<BR>[Called By]<UL><LI><a href="#[e7]">&gt;&gt;</a>&nbsp;&nbsp;&nbsp;aes_set_key
</UL>

<P><STRONG><a name="[22b]"></a>mix_sub_columns</STRONG> (Thumb, 630 bytes, Stack size 24 bytes, aes.o(i.mix_sub_columns))
<BR><BR>[Stack]<UL><LI>Max Depth = 24<LI>Call Chain = mix_sub_columns
</UL>
<BR>[Calls]<UL><LI><a href="#[23e]">&gt;&gt;</a>&nbsp;&nbsp;&nbsp;copy_block
</UL>
<BR>[Called By]<UL><LI><a href="#[e3]">&gt;&gt;</a>&nbsp;&nbsp;&nbsp;aes_encrypt
</UL>

<P><STRONG><a name="[22c]"></a>shift_sub_rows</STRONG> (Thumb, 108 bytes, Stack size 0 bytes, aes.o(i.shift_sub_rows))
<BR><BR>[Called By]<UL><LI><a href="#[e3]">&gt;&gt;</a>&nbsp;&nbsp;&nbsp;aes_encrypt
</UL>

<P><STRONG><a name="[229]"></a>xor_block</STRONG> (Thumb, 130 bytes, Stack size 0 bytes, aes.o(i.xor_block))
<BR><BR>[Called By]<UL><LI><a href="#[228]">&gt;&gt;</a>&nbsp;&nbsp;&nbsp;add_round_key
</UL>

<P><STRONG><a name="[24b]"></a>prvCopyDataFromQueue</STRONG> (Thumb, 44 bytes, Stack size 16 bytes, queue.o(i.prvCopyDataFromQueue))
<BR><BR>[Stack]<UL><LI>Max Depth = 40<LI>Call Chain = prvCopyDataFromQueue &rArr; __aeabi_memcpy
</UL>
<BR>[Calls]<UL><LI><a href="#[ba]">&gt;&gt;</a>&nbsp;&nbsp;&nbsp;__aeabi_memcpy
</UL>
<BR>[Called By]<UL><LI><a href="#[100]">&gt;&gt;</a>&nbsp;&nbsp;&nbsp;xQueueGenericReceive
</UL>

<P><STRONG><a name="[24c]"></a>prvCopyDataToQueue</STRONG> (Thumb, 132 bytes, Stack size 24 bytes, queue.o(i.prvCopyDataToQueue))
<BR><BR>[Stack]<UL><LI>Max Depth = 48<LI>Call Chain = prvCopyDataToQueue &rArr; __aeabi_memcpy
</UL>
<BR>[Calls]<UL><LI><a href="#[24d]">&gt;&gt;</a>&nbsp;&nbsp;&nbsp;xTaskPriorityDisinherit
<LI><a href="#[ba]">&gt;&gt;</a>&nbsp;&nbsp;&nbsp;__aeabi_memcpy
</UL>
<BR>[Called By]<UL><LI><a href="#[1fe]">&gt;&gt;</a>&nbsp;&nbsp;&nbsp;xQueueGenericSendFromISR
<LI><a href="#[102]">&gt;&gt;</a>&nbsp;&nbsp;&nbsp;xQueueGenericSend
</UL>

<P><STRONG><a name="[253]"></a>prvIsQueueEmpty</STRONG> (Thumb, 28 bytes, Stack size 16 bytes, queue.o(i.prvIsQueueEmpty))
<BR><BR>[Stack]<UL><LI>Max Depth = 16<LI>Call Chain = prvIsQueueEmpty
</UL>
<BR>[Calls]<UL><LI><a href="#[249]">&gt;&gt;</a>&nbsp;&nbsp;&nbsp;vPortExitCritical
<LI><a href="#[247]">&gt;&gt;</a>&nbsp;&nbsp;&nbsp;vPortEnterCritical
</UL>
<BR>[Called By]<UL><LI><a href="#[100]">&gt;&gt;</a>&nbsp;&nbsp;&nbsp;xQueueGenericReceive
</UL>

<P><STRONG><a name="[254]"></a>prvIsQueueFull</STRONG> (Thumb, 30 bytes, Stack size 16 bytes, queue.o(i.prvIsQueueFull))
<BR><BR>[Stack]<UL><LI>Max Depth = 16<LI>Call Chain = prvIsQueueFull
</UL>
<BR>[Calls]<UL><LI><a href="#[249]">&gt;&gt;</a>&nbsp;&nbsp;&nbsp;vPortExitCritical
<LI><a href="#[247]">&gt;&gt;</a>&nbsp;&nbsp;&nbsp;vPortEnterCritical
</UL>
<BR>[Called By]<UL><LI><a href="#[102]">&gt;&gt;</a>&nbsp;&nbsp;&nbsp;xQueueGenericSend
</UL>

<P><STRONG><a name="[256]"></a>prvUnlockQueue</STRONG> (Thumb, 138 bytes, Stack size 8 bytes, queue.o(i.prvUnlockQueue))
<BR><BR>[Stack]<UL><LI>Max Depth = 24<LI>Call Chain = prvUnlockQueue &rArr; xTaskRemoveFromEventList
</UL>
<BR>[Calls]<UL><LI><a href="#[257]">&gt;&gt;</a>&nbsp;&nbsp;&nbsp;xTaskRemoveFromEventList
<LI><a href="#[258]">&gt;&gt;</a>&nbsp;&nbsp;&nbsp;vTaskMissedYield
<LI><a href="#[249]">&gt;&gt;</a>&nbsp;&nbsp;&nbsp;vPortExitCritical
<LI><a href="#[247]">&gt;&gt;</a>&nbsp;&nbsp;&nbsp;vPortEnterCritical
</UL>
<BR>[Called By]<UL><LI><a href="#[102]">&gt;&gt;</a>&nbsp;&nbsp;&nbsp;xQueueGenericSend
<LI><a href="#[100]">&gt;&gt;</a>&nbsp;&nbsp;&nbsp;xQueueGenericReceive
</UL>

<P><STRONG><a name="[241]"></a>prvAddCurrentTaskToDelayedList</STRONG> (Thumb, 62 bytes, Stack size 8 bytes, tasks.o(i.prvAddCurrentTaskToDelayedList))
<BR><BR>[Stack]<UL><LI>Max Depth = 16<LI>Call Chain = prvAddCurrentTaskToDelayedList &rArr; vListInsert
</UL>
<BR>[Calls]<UL><LI><a href="#[242]">&gt;&gt;</a>&nbsp;&nbsp;&nbsp;vListInsert
</UL>
<BR>[Called By]<UL><LI><a href="#[142]">&gt;&gt;</a>&nbsp;&nbsp;&nbsp;vTaskDelay
<LI><a href="#[265]">&gt;&gt;</a>&nbsp;&nbsp;&nbsp;vTaskPlaceOnEventList
</UL>

<P><STRONG><a name="[243]"></a>prvAllocateTCBAndStack</STRONG> (Thumb, 70 bytes, Stack size 24 bytes, tasks.o(i.prvAllocateTCBAndStack))
<BR><BR>[Stack]<UL><LI>Max Depth = 88<LI>Call Chain = prvAllocateTCBAndStack &rArr; pvPortMalloc &rArr; xTaskResumeAll &rArr; xTaskIncrementTick
</UL>
<BR>[Calls]<UL><LI><a href="#[1c8]">&gt;&gt;</a>&nbsp;&nbsp;&nbsp;vPortFree
<LI><a href="#[18a]">&gt;&gt;</a>&nbsp;&nbsp;&nbsp;pvPortMalloc
<LI><a href="#[bc]">&gt;&gt;</a>&nbsp;&nbsp;&nbsp;__aeabi_memset
</UL>
<BR>[Called By]<UL><LI><a href="#[23c]">&gt;&gt;</a>&nbsp;&nbsp;&nbsp;xTaskGenericCreate
</UL>

<P><STRONG><a name="[244]"></a>prvCheckTasksWaitingTermination</STRONG> (Thumb, 90 bytes, Stack size 16 bytes, tasks.o(i.prvCheckTasksWaitingTermination))
<BR><BR>[Stack]<UL><LI>Max Depth = 80<LI>Call Chain = prvCheckTasksWaitingTermination &rArr; prvDeleteTCB &rArr; vPortFree &rArr; xTaskResumeAll &rArr; xTaskIncrementTick
</UL>
<BR>[Calls]<UL><LI><a href="#[24a]">&gt;&gt;</a>&nbsp;&nbsp;&nbsp;prvDeleteTCB
<LI><a href="#[248]">&gt;&gt;</a>&nbsp;&nbsp;&nbsp;uxListRemove
<LI><a href="#[246]">&gt;&gt;</a>&nbsp;&nbsp;&nbsp;xTaskResumeAll
<LI><a href="#[245]">&gt;&gt;</a>&nbsp;&nbsp;&nbsp;vTaskSuspendAll
<LI><a href="#[249]">&gt;&gt;</a>&nbsp;&nbsp;&nbsp;vPortExitCritical
<LI><a href="#[247]">&gt;&gt;</a>&nbsp;&nbsp;&nbsp;vPortEnterCritical
</UL>
<BR>[Called By]<UL><LI><a href="#[4e]">&gt;&gt;</a>&nbsp;&nbsp;&nbsp;prvIdleTask
</UL>

<P><STRONG><a name="[24a]"></a>prvDeleteTCB</STRONG> (Thumb, 18 bytes, Stack size 8 bytes, tasks.o(i.prvDeleteTCB))
<BR><BR>[Stack]<UL><LI>Max Depth = 64<LI>Call Chain = prvDeleteTCB &rArr; vPortFree &rArr; xTaskResumeAll &rArr; xTaskIncrementTick
</UL>
<BR>[Calls]<UL><LI><a href="#[1c8]">&gt;&gt;</a>&nbsp;&nbsp;&nbsp;vPortFree
</UL>
<BR>[Called By]<UL><LI><a href="#[244]">&gt;&gt;</a>&nbsp;&nbsp;&nbsp;prvCheckTasksWaitingTermination
</UL>

<P><STRONG><a name="[4e]"></a>prvIdleTask</STRONG> (Thumb, 20 bytes, Stack size 0 bytes, tasks.o(i.prvIdleTask))
<BR><BR>[Stack]<UL><LI>Max Depth = 80<LI>Call Chain = prvIdleTask &rArr; prvCheckTasksWaitingTermination &rArr; prvDeleteTCB &rArr; vPortFree &rArr; xTaskResumeAll &rArr; xTaskIncrementTick
</UL>
<BR>[Calls]<UL><LI><a href="#[244]">&gt;&gt;</a>&nbsp;&nbsp;&nbsp;prvCheckTasksWaitingTermination
<LI><a href="#[24e]">&gt;&gt;</a>&nbsp;&nbsp;&nbsp;vPortYield
</UL>
<BR>[Address Reference Count : 1]<UL><LI> tasks.o(i.vTaskStartScheduler)
</UL>
<P><STRONG><a name="[24f]"></a>prvInitialiseTCBVariables</STRONG> (Thumb, 92 bytes, Stack size 24 bytes, tasks.o(i.prvInitialiseTCBVariables))
<BR><BR>[Stack]<UL><LI>Max Depth = 24<LI>Call Chain = prvInitialiseTCBVariables
</UL>
<BR>[Calls]<UL><LI><a href="#[250]">&gt;&gt;</a>&nbsp;&nbsp;&nbsp;vListInitialiseItem
</UL>
<BR>[Called By]<UL><LI><a href="#[23c]">&gt;&gt;</a>&nbsp;&nbsp;&nbsp;xTaskGenericCreate
</UL>

<P><STRONG><a name="[251]"></a>prvInitialiseTaskLists</STRONG> (Thumb, 68 bytes, Stack size 8 bytes, tasks.o(i.prvInitialiseTaskLists))
<BR><BR>[Stack]<UL><LI>Max Depth = 8<LI>Call Chain = prvInitialiseTaskLists
</UL>
<BR>[Calls]<UL><LI><a href="#[252]">&gt;&gt;</a>&nbsp;&nbsp;&nbsp;vListInitialise
</UL>
<BR>[Called By]<UL><LI><a href="#[23c]">&gt;&gt;</a>&nbsp;&nbsp;&nbsp;xTaskGenericCreate
</UL>

<P><STRONG><a name="[273]"></a>prvResetNextTaskUnblockTime</STRONG> (Thumb, 46 bytes, Stack size 0 bytes, tasks.o(i.prvResetNextTaskUnblockTime))
<BR><BR>[Called By]<UL><LI><a href="#[26c]">&gt;&gt;</a>&nbsp;&nbsp;&nbsp;xTaskIncrementTick
</UL>

<P><STRONG><a name="[255]"></a>prvSetupTimerInterrupt</STRONG> (Thumb, 26 bytes, Stack size 8 bytes, port.o(i.prvSetupTimerInterrupt))
<BR><BR>[Stack]<UL><LI>Max Depth = 8<LI>Call Chain = prvSetupTimerInterrupt
</UL>
<BR>[Calls]<UL><LI><a href="#[df]">&gt;&gt;</a>&nbsp;&nbsp;&nbsp;__aeabi_uidivmod
</UL>
<BR>[Called By]<UL><LI><a href="#[268]">&gt;&gt;</a>&nbsp;&nbsp;&nbsp;xPortStartScheduler
</UL>

<P><STRONG><a name="[4c]"></a>prvTaskExitError</STRONG> (Thumb, 32 bytes, Stack size 0 bytes, port.o(i.prvTaskExitError))
<BR>[Address Reference Count : 1]<UL><LI> port.o(i.pxPortInitialiseStack)
</UL>
<P><STRONG><a name="[259]"></a>prvHeapInit</STRONG> (Thumb, 100 bytes, Stack size 12 bytes, heap_4.o(i.prvHeapInit))
<BR><BR>[Stack]<UL><LI>Max Depth = 12<LI>Call Chain = prvHeapInit
</UL>
<BR>[Called By]<UL><LI><a href="#[18a]">&gt;&gt;</a>&nbsp;&nbsp;&nbsp;pvPortMalloc
</UL>

<P><STRONG><a name="[25a]"></a>prvInsertBlockIntoFreeList</STRONG> (Thumb, 96 bytes, Stack size 8 bytes, heap_4.o(i.prvInsertBlockIntoFreeList))
<BR><BR>[Stack]<UL><LI>Max Depth = 8<LI>Call Chain = prvInsertBlockIntoFreeList
</UL>
<BR>[Called By]<UL><LI><a href="#[1c8]">&gt;&gt;</a>&nbsp;&nbsp;&nbsp;vPortFree
<LI><a href="#[18a]">&gt;&gt;</a>&nbsp;&nbsp;&nbsp;pvPortMalloc
</UL>

<P><STRONG><a name="[1f9]"></a>GetFskBandwidthRegValue</STRONG> (Thumb, 46 bytes, Stack size 0 bytes, sx1276.o(i.GetFskBandwidthRegValue))
<BR><BR>[Called By]<UL><LI><a href="#[1af]">&gt;&gt;</a>&nbsp;&nbsp;&nbsp;SX1276SetRxConfig
</UL>

<P><STRONG><a name="[1e6]"></a>RxChainCalibration</STRONG> (Thumb, 174 bytes, Stack size 40 bytes, sx1276.o(i.RxChainCalibration))
<BR><BR>[Stack]<UL><LI>Max Depth = 192<LI>Call Chain = RxChainCalibration &rArr; SX1276SetChannel &rArr; SX1276Write &rArr; SpiWriteBuffer &rArr; SpiInOut &rArr; HAL_SPI_TransmitReceive &rArr; SPI_WaitOnFlagUntilTimeout
</UL>
<BR>[Calls]<UL><LI><a href="#[1d1]">&gt;&gt;</a>&nbsp;&nbsp;&nbsp;SX1276Write
<LI><a href="#[1ae]">&gt;&gt;</a>&nbsp;&nbsp;&nbsp;SX1276SetChannel
<LI><a href="#[1d0]">&gt;&gt;</a>&nbsp;&nbsp;&nbsp;SX1276Read
<LI><a href="#[128]">&gt;&gt;</a>&nbsp;&nbsp;&nbsp;__aeabi_dmul
<LI><a href="#[cc]">&gt;&gt;</a>&nbsp;&nbsp;&nbsp;__aeabi_ui2d
<LI><a href="#[1b3]">&gt;&gt;</a>&nbsp;&nbsp;&nbsp;__aeabi_d2uiz
</UL>
<BR>[Called By]<UL><LI><a href="#[1d8]">&gt;&gt;</a>&nbsp;&nbsp;&nbsp;SX1276Init
</UL>

<P><STRONG><a name="[c5]"></a>_dadd1</STRONG> (Thumb, 290 bytes, Stack size 20 bytes, daddsub.o(.text), UNUSED)
<BR><BR>[Called By]<UL><LI><a href="#[c7]">&gt;&gt;</a>&nbsp;&nbsp;&nbsp;_drsb
<LI><a href="#[c6]">&gt;&gt;</a>&nbsp;&nbsp;&nbsp;_dsub
<LI><a href="#[c3]">&gt;&gt;</a>&nbsp;&nbsp;&nbsp;_dadd
</UL>

<P><STRONG><a name="[c4]"></a>_dsub1</STRONG> (Thumb, 470 bytes, Stack size 40 bytes, daddsub.o(.text), UNUSED)
<BR><BR>[Called By]<UL><LI><a href="#[c7]">&gt;&gt;</a>&nbsp;&nbsp;&nbsp;_drsb
<LI><a href="#[c6]">&gt;&gt;</a>&nbsp;&nbsp;&nbsp;_dsub
<LI><a href="#[c3]">&gt;&gt;</a>&nbsp;&nbsp;&nbsp;_dadd
</UL>

<P><STRONG><a name="[34]"></a>_printf_input_char</STRONG> (Thumb, 10 bytes, Stack size 0 bytes, _printf_char_common.o(.text))
<BR>[Address Reference Count : 1]<UL><LI> _printf_char_common.o(.text)
</UL><P>
<H3>
Undefined Global Symbols
</H3>
<P><STRONG><a name="[da]"></a>_call_atexit_fns</STRONG> (ARM, 0 bytes, Stack size 0 bytes, UNDEFINED)
<BR><BR>[Called By]<UL><LI><a href="#[a0]">&gt;&gt;</a>&nbsp;&nbsp;&nbsp;exit
</UL>

<P><STRONG><a name="[d1]"></a>_printf_mbtowc</STRONG> (ARM, 0 bytes, Stack size 0 bytes, UNDEFINED)
<BR><BR>[Called By]<UL><LI><a href="#[d0]">&gt;&gt;</a>&nbsp;&nbsp;&nbsp;_printf_cs_common
</UL>

<P><STRONG><a name="[ab]"></a>_printf_truncate_signed</STRONG> (ARM, 0 bytes, Stack size 0 bytes, UNDEFINED)
<BR><BR>[Called By]<UL><LI><a href="#[92]">&gt;&gt;</a>&nbsp;&nbsp;&nbsp;_printf_int_dec
</UL>

<P><STRONG><a name="[ac]"></a>_printf_truncate_unsigned</STRONG> (ARM, 0 bytes, Stack size 0 bytes, UNDEFINED)
<BR><BR>[Called By]<UL><LI><a href="#[94]">&gt;&gt;</a>&nbsp;&nbsp;&nbsp;_printf_int_hex
<LI><a href="#[92]">&gt;&gt;</a>&nbsp;&nbsp;&nbsp;_printf_int_dec
</UL>
<HR></body></html>
